Archive member included because of file (symbol)

c:/program files/gnu tools arm embedded/4.7 2013q2/bin/../lib/gcc/arm-none-eabi/4.7.4/armv7-m\libgcc.a(_arm_addsubsf3.o)
                              ./Source Files/lpc17xx_systick.o (__aeabi_ui2f)
c:/program files/gnu tools arm embedded/4.7 2013q2/bin/../lib/gcc/arm-none-eabi/4.7.4/armv7-m\libgcc.a(_arm_cmpsf2.o)
                              ./Source Files/lpc17xx_systick.o (__aeabi_fcmpgt)

Allocating common symbols
Common symbol       size              file

led_timer           0x4               ./Source Files/lpc17xx_systick.o
led_delay           0x4               ./Source Files/lpc_global.o
delay_timer         0x4               ./Source Files/lpc17xx_systick.o

Discarded input sections

 .group         0x00000000        0x8 ./Source Files/lpc17xx_clkpwr.o
 .group         0x00000000        0x8 ./Source Files/lpc17xx_clkpwr.o
 .group         0x00000000        0x8 ./Source Files/lpc17xx_clkpwr.o
 .group         0x00000000        0x8 ./Source Files/lpc17xx_clkpwr.o
 .group         0x00000000        0x8 ./Source Files/lpc17xx_clkpwr.o
 .group         0x00000000        0x8 ./Source Files/lpc17xx_clkpwr.o
 .group         0x00000000        0x8 ./Source Files/lpc17xx_clkpwr.o
 .group         0x00000000        0x8 ./Source Files/lpc17xx_clkpwr.o
 .group         0x00000000        0x8 ./Source Files/lpc17xx_clkpwr.o
 .group         0x00000000        0x8 ./Source Files/lpc17xx_clkpwr.o
 .group         0x00000000        0x8 ./Source Files/lpc17xx_clkpwr.o
 .group         0x00000000        0x8 ./Source Files/lpc17xx_clkpwr.o
 .group         0x00000000        0x8 ./Source Files/lpc17xx_clkpwr.o
 .group         0x00000000        0x8 ./Source Files/lpc17xx_gpio.o
 .group         0x00000000        0x8 ./Source Files/lpc17xx_gpio.o
 .group         0x00000000        0x8 ./Source Files/lpc17xx_gpio.o
 .group         0x00000000        0x8 ./Source Files/lpc17xx_gpio.o
 .group         0x00000000        0x8 ./Source Files/lpc17xx_gpio.o
 .group         0x00000000        0x8 ./Source Files/lpc17xx_gpio.o
 .group         0x00000000        0x8 ./Source Files/lpc17xx_gpio.o
 .group         0x00000000        0x8 ./Source Files/lpc17xx_gpio.o
 .group         0x00000000        0x8 ./Source Files/lpc17xx_gpio.o
 .group         0x00000000        0x8 ./Source Files/lpc17xx_gpio.o
 .group         0x00000000        0x8 ./Source Files/lpc17xx_gpio.o
 .group         0x00000000        0x8 ./Source Files/lpc17xx_gpio.o
 .group         0x00000000        0x8 ./Source Files/lpc17xx_gpio.o
 .group         0x00000000        0x8 ./Source Files/lpc17xx_gpio.o
 .group         0x00000000        0x8 ./Source Files/lpc17xx_gpio.o
 .group         0x00000000        0x8 ./Source Files/lpc17xx_gpio.o
 .group         0x00000000        0x8 ./Source Files/lpc17xx_gpio.o
 .debug_macro   0x00000000      0x7f6 ./Source Files/lpc17xx_gpio.o
 .debug_macro   0x00000000       0x1c ./Source Files/lpc17xx_gpio.o
 .debug_macro   0x00000000       0x2e ./Source Files/lpc17xx_gpio.o
 .debug_macro   0x00000000       0x3a ./Source Files/lpc17xx_gpio.o
 .debug_macro   0x00000000       0x10 ./Source Files/lpc17xx_gpio.o
 .debug_macro   0x00000000       0x2e ./Source Files/lpc17xx_gpio.o
 .debug_macro   0x00000000       0xa2 ./Source Files/lpc17xx_gpio.o
 .debug_macro   0x00000000      0x20e ./Source Files/lpc17xx_gpio.o
 .debug_macro   0x00000000       0x18 ./Source Files/lpc17xx_gpio.o
 .debug_macro   0x00000000      0x7af ./Source Files/lpc17xx_gpio.o
 .debug_macro   0x00000000      0x2d5 ./Source Files/lpc17xx_gpio.o
 .debug_macro   0x00000000       0xbb ./Source Files/lpc17xx_gpio.o
 .group         0x00000000        0x8 ./Source Files/lpc17xx_nvic.o
 .group         0x00000000        0x8 ./Source Files/lpc17xx_nvic.o
 .group         0x00000000        0x8 ./Source Files/lpc17xx_nvic.o
 .group         0x00000000        0x8 ./Source Files/lpc17xx_nvic.o
 .group         0x00000000        0x8 ./Source Files/lpc17xx_nvic.o
 .group         0x00000000        0x8 ./Source Files/lpc17xx_nvic.o
 .group         0x00000000        0x8 ./Source Files/lpc17xx_nvic.o
 .group         0x00000000        0x8 ./Source Files/lpc17xx_nvic.o
 .group         0x00000000        0x8 ./Source Files/lpc17xx_nvic.o
 .group         0x00000000        0x8 ./Source Files/lpc17xx_nvic.o
 .group         0x00000000        0x8 ./Source Files/lpc17xx_nvic.o
 .group         0x00000000        0x8 ./Source Files/lpc17xx_nvic.o
 .debug_macro   0x00000000      0x7f6 ./Source Files/lpc17xx_nvic.o
 .debug_macro   0x00000000       0x1c ./Source Files/lpc17xx_nvic.o
 .debug_macro   0x00000000       0x2e ./Source Files/lpc17xx_nvic.o
 .debug_macro   0x00000000       0x3a ./Source Files/lpc17xx_nvic.o
 .debug_macro   0x00000000       0x10 ./Source Files/lpc17xx_nvic.o
 .debug_macro   0x00000000       0x2e ./Source Files/lpc17xx_nvic.o
 .debug_macro   0x00000000       0xa2 ./Source Files/lpc17xx_nvic.o
 .debug_macro   0x00000000      0x20e ./Source Files/lpc17xx_nvic.o
 .debug_macro   0x00000000       0x18 ./Source Files/lpc17xx_nvic.o
 .debug_macro   0x00000000      0x7af ./Source Files/lpc17xx_nvic.o
 .debug_macro   0x00000000      0x2d5 ./Source Files/lpc17xx_nvic.o
 .debug_macro   0x00000000       0xbb ./Source Files/lpc17xx_nvic.o
 .group         0x00000000        0x8 ./Source Files/lpc17xx_pinsel.o
 .group         0x00000000        0x8 ./Source Files/lpc17xx_pinsel.o
 .group         0x00000000        0x8 ./Source Files/lpc17xx_pinsel.o
 .group         0x00000000        0x8 ./Source Files/lpc17xx_pinsel.o
 .group         0x00000000        0x8 ./Source Files/lpc17xx_pinsel.o
 .group         0x00000000        0x8 ./Source Files/lpc17xx_pinsel.o
 .group         0x00000000        0x8 ./Source Files/lpc17xx_pinsel.o
 .group         0x00000000        0x8 ./Source Files/lpc17xx_pinsel.o
 .group         0x00000000        0x8 ./Source Files/lpc17xx_pinsel.o
 .group         0x00000000        0x8 ./Source Files/lpc17xx_pinsel.o
 .group         0x00000000        0x8 ./Source Files/lpc17xx_pinsel.o
 .group         0x00000000        0x8 ./Source Files/lpc17xx_pinsel.o
 .group         0x00000000        0x8 ./Source Files/lpc17xx_pinsel.o
 .debug_macro   0x00000000      0x7f6 ./Source Files/lpc17xx_pinsel.o
 .debug_macro   0x00000000       0x1c ./Source Files/lpc17xx_pinsel.o
 .debug_macro   0x00000000       0x2e ./Source Files/lpc17xx_pinsel.o
 .debug_macro   0x00000000       0x3a ./Source Files/lpc17xx_pinsel.o
 .debug_macro   0x00000000       0x10 ./Source Files/lpc17xx_pinsel.o
 .debug_macro   0x00000000       0x2e ./Source Files/lpc17xx_pinsel.o
 .debug_macro   0x00000000       0xa2 ./Source Files/lpc17xx_pinsel.o
 .debug_macro   0x00000000      0x20e ./Source Files/lpc17xx_pinsel.o
 .debug_macro   0x00000000       0x18 ./Source Files/lpc17xx_pinsel.o
 .debug_macro   0x00000000      0x7af ./Source Files/lpc17xx_pinsel.o
 .debug_macro   0x00000000      0x2d5 ./Source Files/lpc17xx_pinsel.o
 .debug_macro   0x00000000       0xbb ./Source Files/lpc17xx_pinsel.o
 .group         0x00000000        0x8 ./Source Files/lpc17xx_systick.o
 .group         0x00000000        0x8 ./Source Files/lpc17xx_systick.o
 .group         0x00000000        0x8 ./Source Files/lpc17xx_systick.o
 .group         0x00000000        0x8 ./Source Files/lpc17xx_systick.o
 .group         0x00000000        0x8 ./Source Files/lpc17xx_systick.o
 .group         0x00000000        0x8 ./Source Files/lpc17xx_systick.o
 .group         0x00000000        0x8 ./Source Files/lpc17xx_systick.o
 .group         0x00000000        0x8 ./Source Files/lpc17xx_systick.o
 .group         0x00000000        0x8 ./Source Files/lpc17xx_systick.o
 .group         0x00000000        0x8 ./Source Files/lpc17xx_systick.o
 .group         0x00000000        0x8 ./Source Files/lpc17xx_systick.o
 .group         0x00000000        0x8 ./Source Files/lpc17xx_systick.o
 .group         0x00000000        0x8 ./Source Files/lpc17xx_systick.o
 .group         0x00000000        0x8 ./Source Files/lpc17xx_systick.o
 .group         0x00000000        0x8 ./Source Files/lpc17xx_systick.o
 .group         0x00000000        0x8 ./Source Files/lpc17xx_systick.o
 .group         0x00000000        0x8 ./Source Files/lpc17xx_systick.o
 .debug_macro   0x00000000      0x7f6 ./Source Files/lpc17xx_systick.o
 .debug_macro   0x00000000       0x1c ./Source Files/lpc17xx_systick.o
 .debug_macro   0x00000000       0x2e ./Source Files/lpc17xx_systick.o
 .debug_macro   0x00000000       0x3a ./Source Files/lpc17xx_systick.o
 .debug_macro   0x00000000       0x10 ./Source Files/lpc17xx_systick.o
 .debug_macro   0x00000000       0x2e ./Source Files/lpc17xx_systick.o
 .debug_macro   0x00000000       0xa2 ./Source Files/lpc17xx_systick.o
 .debug_macro   0x00000000      0x20e ./Source Files/lpc17xx_systick.o
 .debug_macro   0x00000000       0x18 ./Source Files/lpc17xx_systick.o
 .debug_macro   0x00000000      0x7af ./Source Files/lpc17xx_systick.o
 .debug_macro   0x00000000      0x2d5 ./Source Files/lpc17xx_systick.o
 .debug_macro   0x00000000       0xbb ./Source Files/lpc17xx_systick.o
 .debug_macro   0x00000000      0x146 ./Source Files/lpc17xx_systick.o
 .debug_macro   0x00000000      0x2f8 ./Source Files/lpc17xx_systick.o
 .debug_macro   0x00000000       0x4c ./Source Files/lpc17xx_systick.o
 .debug_macro   0x00000000       0x46 ./Source Files/lpc17xx_systick.o
 .debug_macro   0x00000000       0x70 ./Source Files/lpc17xx_systick.o
 .group         0x00000000        0x8 ./Source Files/lpc17xx_wdt.o
 .group         0x00000000        0x8 ./Source Files/lpc17xx_wdt.o
 .group         0x00000000        0x8 ./Source Files/lpc17xx_wdt.o
 .group         0x00000000        0x8 ./Source Files/lpc17xx_wdt.o
 .group         0x00000000        0x8 ./Source Files/lpc17xx_wdt.o
 .group         0x00000000        0x8 ./Source Files/lpc17xx_wdt.o
 .group         0x00000000        0x8 ./Source Files/lpc17xx_wdt.o
 .group         0x00000000        0x8 ./Source Files/lpc17xx_wdt.o
 .group         0x00000000        0x8 ./Source Files/lpc17xx_wdt.o
 .group         0x00000000        0x8 ./Source Files/lpc17xx_wdt.o
 .group         0x00000000        0x8 ./Source Files/lpc17xx_wdt.o
 .group         0x00000000        0x8 ./Source Files/lpc17xx_wdt.o
 .group         0x00000000        0x8 ./Source Files/lpc17xx_wdt.o
 .group         0x00000000        0x8 ./Source Files/lpc17xx_wdt.o
 .group         0x00000000        0x8 ./Source Files/lpc17xx_wdt.o
 .debug_macro   0x00000000      0x7f6 ./Source Files/lpc17xx_wdt.o
 .debug_macro   0x00000000       0x1c ./Source Files/lpc17xx_wdt.o
 .debug_macro   0x00000000       0x2e ./Source Files/lpc17xx_wdt.o
 .debug_macro   0x00000000       0x3a ./Source Files/lpc17xx_wdt.o
 .debug_macro   0x00000000       0x10 ./Source Files/lpc17xx_wdt.o
 .debug_macro   0x00000000       0x2e ./Source Files/lpc17xx_wdt.o
 .debug_macro   0x00000000       0xa2 ./Source Files/lpc17xx_wdt.o
 .debug_macro   0x00000000      0x20e ./Source Files/lpc17xx_wdt.o
 .debug_macro   0x00000000       0x18 ./Source Files/lpc17xx_wdt.o
 .debug_macro   0x00000000      0x7af ./Source Files/lpc17xx_wdt.o
 .debug_macro   0x00000000      0x2d5 ./Source Files/lpc17xx_wdt.o
 .debug_macro   0x00000000       0xbb ./Source Files/lpc17xx_wdt.o
 .debug_macro   0x00000000      0x2f8 ./Source Files/lpc17xx_wdt.o
 .debug_macro   0x00000000      0x146 ./Source Files/lpc17xx_wdt.o
 .group         0x00000000        0x8 ./Source Files/lpc_global.o
 .group         0x00000000        0x8 ./Source Files/lpc_global.o
 .group         0x00000000        0x8 ./Source Files/lpc_global.o
 .group         0x00000000        0x8 ./Source Files/lpc_global.o
 .group         0x00000000        0x8 ./Source Files/lpc_global.o
 .group         0x00000000        0x8 ./Source Files/lpc_global.o
 .group         0x00000000        0x8 ./Source Files/lpc_global.o
 .debug_macro   0x00000000      0x7f6 ./Source Files/lpc_global.o
 .debug_macro   0x00000000       0x3a ./Source Files/lpc_global.o
 .debug_macro   0x00000000       0x10 ./Source Files/lpc_global.o
 .debug_macro   0x00000000       0x2e ./Source Files/lpc_global.o
 .debug_macro   0x00000000       0xa2 ./Source Files/lpc_global.o
 .debug_macro   0x00000000      0x20e ./Source Files/lpc_global.o
 .group         0x00000000        0x8 ./Source Files/lpc_system_init.o
 .group         0x00000000        0x8 ./Source Files/lpc_system_init.o
 .group         0x00000000        0x8 ./Source Files/lpc_system_init.o
 .group         0x00000000        0x8 ./Source Files/lpc_system_init.o
 .group         0x00000000        0x8 ./Source Files/lpc_system_init.o
 .group         0x00000000        0x8 ./Source Files/lpc_system_init.o
 .group         0x00000000        0x8 ./Source Files/lpc_system_init.o
 .group         0x00000000        0x8 ./Source Files/lpc_system_init.o
 .group         0x00000000        0x8 ./Source Files/lpc_system_init.o
 .group         0x00000000        0x8 ./Source Files/lpc_system_init.o
 .group         0x00000000        0x8 ./Source Files/lpc_system_init.o
 .group         0x00000000        0x8 ./Source Files/lpc_system_init.o
 .group         0x00000000        0x8 ./Source Files/lpc_system_init.o
 .group         0x00000000        0x8 ./Source Files/lpc_system_init.o
 .group         0x00000000        0x8 ./Source Files/lpc_system_init.o
 .group         0x00000000        0x8 ./Source Files/lpc_system_init.o
 .group         0x00000000        0x8 ./Source Files/lpc_system_init.o
 .debug_macro   0x00000000      0x7f6 ./Source Files/lpc_system_init.o
 .debug_macro   0x00000000       0x1c ./Source Files/lpc_system_init.o
 .debug_macro   0x00000000       0x2e ./Source Files/lpc_system_init.o
 .debug_macro   0x00000000       0x3a ./Source Files/lpc_system_init.o
 .debug_macro   0x00000000       0x10 ./Source Files/lpc_system_init.o
 .debug_macro   0x00000000       0x2e ./Source Files/lpc_system_init.o
 .debug_macro   0x00000000       0xa2 ./Source Files/lpc_system_init.o
 .debug_macro   0x00000000      0x20e ./Source Files/lpc_system_init.o
 .debug_macro   0x00000000       0x18 ./Source Files/lpc_system_init.o
 .debug_macro   0x00000000      0x7af ./Source Files/lpc_system_init.o
 .debug_macro   0x00000000      0x2d5 ./Source Files/lpc_system_init.o
 .debug_macro   0x00000000       0xbb ./Source Files/lpc_system_init.o
 .debug_macro   0x00000000      0x146 ./Source Files/lpc_system_init.o
 .debug_macro   0x00000000      0x2f8 ./Source Files/lpc_system_init.o
 .debug_macro   0x00000000       0x4c ./Source Files/lpc_system_init.o
 .debug_macro   0x00000000       0x46 ./Source Files/lpc_system_init.o
 .debug_macro   0x00000000       0x70 ./Source Files/lpc_system_init.o
 .group         0x00000000        0x8 ./Source Files/main.o
 .group         0x00000000        0x8 ./Source Files/main.o
 .group         0x00000000        0x8 ./Source Files/main.o
 .group         0x00000000        0x8 ./Source Files/main.o
 .group         0x00000000        0x8 ./Source Files/main.o
 .group         0x00000000        0x8 ./Source Files/main.o
 .group         0x00000000        0x8 ./Source Files/main.o
 .group         0x00000000        0x8 ./Source Files/main.o
 .group         0x00000000        0x8 ./Source Files/main.o
 .group         0x00000000        0x8 ./Source Files/main.o
 .group         0x00000000        0x8 ./Source Files/main.o
 .group         0x00000000        0x8 ./Source Files/main.o
 .group         0x00000000        0x8 ./Source Files/main.o
 .group         0x00000000        0x8 ./Source Files/main.o
 .group         0x00000000        0x8 ./Source Files/main.o
 .group         0x00000000        0x8 ./Source Files/main.o
 .group         0x00000000        0x8 ./Source Files/main.o
 .debug_macro   0x00000000      0x7f6 ./Source Files/main.o
 .debug_macro   0x00000000       0x1c ./Source Files/main.o
 .debug_macro   0x00000000       0x2e ./Source Files/main.o
 .debug_macro   0x00000000       0x3a ./Source Files/main.o
 .debug_macro   0x00000000       0x10 ./Source Files/main.o
 .debug_macro   0x00000000       0x2e ./Source Files/main.o
 .debug_macro   0x00000000       0xa2 ./Source Files/main.o
 .debug_macro   0x00000000      0x20e ./Source Files/main.o
 .debug_macro   0x00000000       0x18 ./Source Files/main.o
 .debug_macro   0x00000000      0x7af ./Source Files/main.o
 .debug_macro   0x00000000      0x2d5 ./Source Files/main.o
 .debug_macro   0x00000000       0xbb ./Source Files/main.o
 .debug_macro   0x00000000      0x146 ./Source Files/main.o
 .debug_macro   0x00000000      0x2f8 ./Source Files/main.o
 .debug_macro   0x00000000       0x4c ./Source Files/main.o
 .debug_macro   0x00000000       0x46 ./Source Files/main.o
 .debug_macro   0x00000000       0x70 ./Source Files/main.o
 .group         0x00000000        0x8 ./CM3 Core/core_cm3.o
 .group         0x00000000        0x8 ./CM3 Core/core_cm3.o
 .group         0x00000000        0x8 ./CM3 Core/core_cm3.o
 .group         0x00000000        0x8 ./CM3 Core/core_cm3.o
 .group         0x00000000        0x8 ./CM3 Core/core_cm3.o
 .group         0x00000000        0x8 ./CM3 Core/core_cm3.o
 .debug_macro   0x00000000      0x7f6 ./CM3 Core/core_cm3.o
 .debug_macro   0x00000000       0x3a ./CM3 Core/core_cm3.o
 .debug_macro   0x00000000       0x10 ./CM3 Core/core_cm3.o
 .debug_macro   0x00000000       0x2e ./CM3 Core/core_cm3.o
 .debug_macro   0x00000000       0xa2 ./CM3 Core/core_cm3.o
 .debug_macro   0x00000000      0x20e ./CM3 Core/core_cm3.o
 .group         0x00000000        0x8 ./CM3 Core/system_LPC17xx.o
 .group         0x00000000        0x8 ./CM3 Core/system_LPC17xx.o
 .group         0x00000000        0x8 ./CM3 Core/system_LPC17xx.o
 .group         0x00000000        0x8 ./CM3 Core/system_LPC17xx.o
 .group         0x00000000        0x8 ./CM3 Core/system_LPC17xx.o
 .group         0x00000000        0x8 ./CM3 Core/system_LPC17xx.o
 .group         0x00000000        0x8 ./CM3 Core/system_LPC17xx.o
 .group         0x00000000        0x8 ./CM3 Core/system_LPC17xx.o
 .group         0x00000000        0x8 ./CM3 Core/system_LPC17xx.o
 .group         0x00000000        0x8 ./CM3 Core/system_LPC17xx.o
 .group         0x00000000        0x8 ./CM3 Core/system_LPC17xx.o
 .debug_macro   0x00000000      0x7f6 ./CM3 Core/system_LPC17xx.o
 .debug_macro   0x00000000       0x3a ./CM3 Core/system_LPC17xx.o
 .debug_macro   0x00000000       0x10 ./CM3 Core/system_LPC17xx.o
 .debug_macro   0x00000000       0x2e ./CM3 Core/system_LPC17xx.o
 .debug_macro   0x00000000       0xa2 ./CM3 Core/system_LPC17xx.o
 .debug_macro   0x00000000      0x20e ./CM3 Core/system_LPC17xx.o
 .debug_macro   0x00000000       0x1c ./CM3 Core/system_LPC17xx.o
 .debug_macro   0x00000000       0x2e ./CM3 Core/system_LPC17xx.o
 .debug_macro   0x00000000       0x18 ./CM3 Core/system_LPC17xx.o
 .debug_macro   0x00000000      0x7af ./CM3 Core/system_LPC17xx.o
 .debug_macro   0x00000000      0x2d5 ./CM3 Core/system_LPC17xx.o
 .group         0x00000000        0x8 ./startup_LPC17xx.o
 .debug_macro   0x00000000      0x7f6 ./startup_LPC17xx.o

Memory Configuration

Name             Origin             Length             Attributes
RAM              0x10000000         0x00008000         xrw
RAMAHB           0x2007c000         0x00008000         xrw
FLASH            0x00000000         0x00080000         xr
*default*        0x00000000         0xffffffff

Linker script and memory map

LOAD ./Source Files/lpc17xx_clkpwr.o
LOAD ./Source Files/lpc17xx_gpio.o
LOAD ./Source Files/lpc17xx_nvic.o
LOAD ./Source Files/lpc17xx_pinsel.o
LOAD ./Source Files/lpc17xx_systick.o
LOAD ./Source Files/lpc17xx_wdt.o
LOAD ./Source Files/lpc_global.o
LOAD ./Source Files/lpc_system_init.o
LOAD ./Source Files/main.o
LOAD ./CM3 Core/core_cm3.o
LOAD ./CM3 Core/system_LPC17xx.o
LOAD ./startup_LPC17xx.o
START GROUP
LOAD c:/program files/gnu tools arm embedded/4.7 2013q2/bin/../lib/gcc/arm-none-eabi/4.7.4/armv7-m\libgcc.a
LOAD c:/program files/gnu tools arm embedded/4.7 2013q2/bin/../lib/gcc/arm-none-eabi/4.7.4/../../../../arm-none-eabi/lib/armv7-m\libg.a
LOAD c:/program files/gnu tools arm embedded/4.7 2013q2/bin/../lib/gcc/arm-none-eabi/4.7.4/../../../../arm-none-eabi/lib/armv7-m\libc.a
END GROUP
                0x10008000                _estack = 0x10008000
                0x000007d0                __Stack_Size = 0x7d0
                0x000007d0                PROVIDE (_Stack_Size, __Stack_Size)
                0x10007830                __Stack_Init = (_estack - __Stack_Size)
                0x10007830                PROVIDE (_Stack_Init, __Stack_Init)
                0x00000100                _Minimum_Stack_Size = 0x100

.mios32_bsl     0x00000000        0x0
                0x00000000                . = ALIGN (0x4)
 *(.mios32_bsl)
                0x00000000                . = ALIGN (0x4)

.isr_vector     0x00000000       0xcc
                0x00000000                _mios32_sys_isr_vector = .
                0x00000000                . = ALIGN (0x4)
 *(.isr_vector)
 .isr_vector    0x00000000       0xcc ./startup_LPC17xx.o
                0x00000000                g_pfnVectors
                0x000000cc                . = ALIGN (0x4)
                0x00000000                PROVIDE (mios32_sys_isr_vector, _mios32_sys_isr_vector)

.flashtext      0x000000cc        0x0
                0x000000cc                . = ALIGN (0x4)
 *(.flashtext)
                0x000000cc                . = ALIGN (0x4)

.text           0x000000cc     0x1ec4
                0x000000cc                . = ALIGN (0x4)
 CREATE_OBJECT_SYMBOLS
 *(.text .text.* .gnu.linkonce.t.*)
 .text          0x000000cc      0x29c ./Source Files/lpc17xx_clkpwr.o
                0x000000cc                CLKPWR_SetPCLKDiv
                0x00000190                CLKPWR_GetPCLKSEL
                0x000001e4                CLKPWR_GetPCLK
                0x00000254                CLKPWR_ConfigPPWR
                0x000002c8                CLKPWR_Sleep
                0x000002e4                CLKPWR_DeepSleep
                0x00000310                CLKPWR_PowerDown
                0x0000033c                CLKPWR_DeepPowerDown
 .text          0x00000368      0x900 ./Source Files/lpc17xx_gpio.o
                0x00000368                EINT3_IRQHandler
                0x0000054c                GPIO_SetDir
                0x00000598                GPIO_SetValue
                0x000005c4                GPIO_ClearValue
                0x000005f0                GPIO_ReadValue
                0x00000620                GPIO_IntCmd
                0x000006a4                GPIO_GetIntStatus
                0x0000075c                GPIO_ClearInt
                0x0000079c                FIO_SetDir
                0x000007c4                FIO_SetValue
                0x000007e4                FIO_ClearValue
                0x00000804                FIO_ReadValue
                0x00000824                FIO_IntCmd
                0x0000084c                FIO_GetIntStatus
                0x00000878                FIO_ClearInt
                0x00000898                FIO_SetMask
                0x000008e4                FIO_HalfWordSetDir
                0x00000978                FIO_HalfWordSetMask
                0x00000a0c                FIO_HalfWordSetValue
                0x00000a4c                FIO_HalfWordClearValue
                0x00000a8c                FIO_HalfWordReadValue
                0x00000ad0                FIO_ByteSetDir
                0x00000b3c                FIO_ByteSetMask
                0x00000bb0                FIO_ByteSetValue
                0x00000bec                FIO_ByteClearValue
                0x00000c28                FIO_ByteReadValue
 .text          0x00000c68      0x160 ./Source Files/lpc17xx_nvic.o
                0x00000c68                NVIC_DeInit
                0x00000ce4                NVIC_SCBDeInit
                0x00000da0                NVIC_SetVTOR
 .text          0x00000dc8      0x298 ./Source Files/lpc17xx_pinsel.o
                0x00000f7c                PINSEL_ConfigTraceFunc
                0x00000fd0                PINSEL_SetI2C0Pins
                0x0000100c                PINSEL_ConfigPin
 .text          0x00001060      0x318 ./Source Files/lpc17xx_systick.o
                0x00001060                SysTick_Handler
                0x00001100                delay_ms
                0x00001130                SYSTICK_Config
                0x00001150                SYSTICK_InternalInit
                0x000011f0                SYSTICK_ExternalInit
                0x000012a4                SYSTICK_Cmd
                0x000012f0                SYSTICK_IntCmd
                0x0000133c                SYSTICK_GetCurrentValue
                0x00001354                SYSTICK_ClearCounterFlag
 .text          0x00001378      0x2e8 ./Source Files/lpc17xx_wdt.o
                0x00001518                WDT_Init
                0x00001574                WDT_Start
                0x000015b8                WDT_ReadTimeOutFlag
                0x000015d8                WDT_ClrTimeOutFlag
                0x000015f8                WDT_UpdateTimeOut
                0x00001628                WDT_Feed
                0x0000164c                WDT_GetCurrentCount
 .text          0x00001660        0x0 ./Source Files/lpc_global.o
 .text          0x00001660      0x12c ./Source Files/lpc_system_init.o
                0x000016f4                System_Init
                0x00001758                Port_Init
 .text          0x0000178c        0xc ./Source Files/main.o
                0x0000178c                main
 .text          0x00001798        0x0 ./CM3 Core/core_cm3.o
 .text          0x00001798      0x434 ./CM3 Core/system_LPC17xx.o
                0x00001798                SystemCoreClockUpdate
                0x000019ac                SystemInit
 .text          0x00001bcc       0xbc ./startup_LPC17xx.o
                0x00001bcc                Reset_Handler
                0x00001c74                _init
                0x00001c80                RIT_IRQHandler
                0x00001c80                I2C0_IRQHandler
                0x00001c80                HardFault_Handler
                0x00001c80                USBActivity_IRQHandler
                0x00001c80                PWM1_IRQHandler
                0x00001c80                PendSV_Handler
                0x00001c80                NMI_Handler
                0x00001c80                I2C1_IRQHandler
                0x00001c80                EINT2_IRQHandler
                0x00001c80                DebugMon_Handler
                0x00001c80                CANActivity_IRQHandler
                0x00001c80                TIMER3_IRQHandler
                0x00001c80                UART0_IRQHandler
                0x00001c80                UsageFault_Handler
                0x00001c80                PLL0_IRQHandler
                0x00001c80                CAN_IRQHandler
                0x00001c80                PLL1_IRQHandler
                0x00001c80                SSP0_IRQHandler
                0x00001c80                I2S_IRQHandler
                0x00001c80                UART1_IRQHandler
                0x00001c80                I2C2_IRQHandler
                0x00001c80                RTC_IRQHandler
                0x00001c80                TIMER0_IRQHandler
                0x00001c80                TIMER2_IRQHandler
                0x00001c80                SPI_IRQHandler
                0x00001c80                EINT1_IRQHandler
                0x00001c80                TIMER1_IRQHandler
                0x00001c80                UART2_IRQHandler
                0x00001c80                Default_Handler
                0x00001c80                ADC_IRQHandler
                0x00001c80                SSP1_IRQHandler
                0x00001c80                USB_IRQHandler
                0x00001c80                BOD_IRQHandler
                0x00001c80                MemManage_Handler
                0x00001c80                WDT_IRQHandler
                0x00001c80                SVC_Handler
                0x00001c80                QEI_IRQHandler
                0x00001c80                EINT0_IRQHandler
                0x00001c80                DMA_IRQHandler
                0x00001c80                BusFault_Handler
                0x00001c80                UART3_IRQHandler
                0x00001c80                MCPWM_IRQHandler
                0x00001c80                ENET_IRQHandler
 .text          0x00001c88      0x21c c:/program files/gnu tools arm embedded/4.7 2013q2/bin/../lib/gcc/arm-none-eabi/4.7.4/armv7-m\libgcc.a(_arm_addsubsf3.o)
                0x00001c88                __aeabi_frsub
                0x00001c90                __subsf3
                0x00001c90                __aeabi_fsub
                0x00001c94                __aeabi_fadd
                0x00001c94                __addsf3
                0x00001df4                __aeabi_ui2f
                0x00001df4                __floatunsisf
                0x00001dfc                __aeabi_i2f
                0x00001dfc                __floatsisf
                0x00001e18                __aeabi_ul2f
                0x00001e18                __floatundisf
                0x00001e28                __aeabi_l2f
                0x00001e28                __floatdisf
 .text          0x00001ea4       0xec c:/program files/gnu tools arm embedded/4.7 2013q2/bin/../lib/gcc/arm-none-eabi/4.7.4/armv7-m\libgcc.a(_arm_cmpsf2.o)
                0x00001ea4                __gesf2
                0x00001ea4                __gtsf2
                0x00001eac                __lesf2
                0x00001eac                __ltsf2
                0x00001eb4                __nesf2
                0x00001eb4                __eqsf2
                0x00001eb4                __cmpsf2
                0x00001f14                __aeabi_cfrcmple
                0x00001f1c                __aeabi_cfcmpeq
                0x00001f1c                __aeabi_cfcmple
                0x00001f2c                __aeabi_fcmpeq
                0x00001f40                __aeabi_fcmplt
                0x00001f54                __aeabi_fcmple
                0x00001f68                __aeabi_fcmpge
                0x00001f7c                __aeabi_fcmpgt
 *(.plt)
 *(.gnu.warning)
 *(.glue_7t)
 .glue_7t       0x00000000        0x0 linker stubs
 *(.glue_7)
 .glue_7        0x00000000        0x0 linker stubs
 *(.vfp11_veneer)
 .vfp11_veneer  0x00000000        0x0 linker stubs
 *(.ARM.extab* .gnu.linkonce.armextab.*)
 *(.gcc_except_table)

.v4_bx          0x00001f90        0x0
 .v4_bx         0x00000000        0x0 linker stubs

.iplt           0x00001f90        0x0
 .iplt          0x00000000        0x0 ./Source Files/lpc17xx_clkpwr.o

.rel.dyn        0x00001f90        0x0
 .rel.iplt      0x00000000        0x0 ./Source Files/lpc17xx_clkpwr.o

.eh_frame_hdr
 *(.eh_frame_hdr)

.eh_frame
 *(.eh_frame)
                0x00001f90                __exidx_start = .

.ARM.exidx
 *(.ARM.exidx* .gnu.linkonce.armexidx.*)
                0x00001f90                __exidx_end = .

.rodata         0x00001f90        0x0
 *(.rodata .rodata.* .gnu.linkonce.r.*)
                0x00001f90                . = ALIGN (0x4)
 *(.init)
                0x00001f90                . = ALIGN (0x4)
                0x00001f90                __preinit_array_start = .
 *(.preinit_array)
                0x00001f90                __preinit_array_end = .
                0x00001f90                . = ALIGN (0x4)
                0x00001f90                __init_array_start = .
 *(SORT(.init_array.*))
 *(.init_array)
                0x00001f90                __init_array_end = .
                0x00001f90                . = ALIGN (0x4)
 *(.fini)
                0x00001f90                . = ALIGN (0x4)
                0x00001f90                __fini_array_start = .
 *(.fini_array)
 *(SORT(.fini_array.*))
                0x00001f90                __fini_array_end = .
                0x00001f90                . = ALIGN (0x4)
 *crtbegin.o(.ctors)
 *(EXCLUDE_FILE(*crtend.o) .ctors)
 *(SORT(.ctors.*))
 *crtend.o(.ctors)
                0x00001f90                . = ALIGN (0x4)
 *crtbegin.o(.dtors)
 *(EXCLUDE_FILE(*crtend.o) .dtors)
 *(SORT(.dtors.*))
 *crtend.o(.dtors)
 *(.init .init.*)
 *(.fini .fini.*)
                0x00001f90                PROVIDE (__preinit_array_start, .)
 *(.preinit_array)
                0x00001f90                PROVIDE (__preinit_array_end, .)
                0x00001f90                PROVIDE (__init_array_start, .)
 *(SORT(.init_array.*))
 *(.init_array)
                0x00001f90                PROVIDE (__init_array_end, .)
                0x00001f90                PROVIDE (__fini_array_start, .)
 *(.fini_array)
 *(SORT(.fini_array.*))
                0x00001f90                PROVIDE (__fini_array_end, .)
                0x00001f90                . = ALIGN (0x8)
 *(.rom)
 *(.rom.b)
                0x00001f90                _etext = .
                0x00001f90                _sidata = _etext

.bss            0x10000000       0x10 load address 0x00001f90
                0x10000000                . = ALIGN (0x4)
                0x10000000                _sbss = .
 *(.shbss)
 *(.bss .bss.* .gnu.linkonce.b.*)
 .bss           0x10000000        0x0 ./Source Files/lpc17xx_clkpwr.o
 .bss           0x10000000        0x0 ./Source Files/lpc17xx_gpio.o
 .bss           0x10000000        0x0 ./Source Files/lpc17xx_nvic.o
 .bss           0x10000000        0x0 ./Source Files/lpc17xx_pinsel.o
 .bss           0x10000000        0x0 ./Source Files/lpc17xx_systick.o
 .bss           0x10000000        0x0 ./Source Files/lpc17xx_wdt.o
 .bss           0x10000000        0x0 ./Source Files/lpc_global.o
 .bss           0x10000000        0x0 ./Source Files/lpc_system_init.o
 .bss           0x10000000        0x0 ./Source Files/main.o
 .bss           0x10000000        0x0 ./CM3 Core/core_cm3.o
 .bss           0x10000000        0x0 ./CM3 Core/system_LPC17xx.o
 .bss           0x10000000        0x0 ./startup_LPC17xx.o
 .bss           0x10000000        0x0 c:/program files/gnu tools arm embedded/4.7 2013q2/bin/../lib/gcc/arm-none-eabi/4.7.4/armv7-m\libgcc.a(_arm_addsubsf3.o)
 .bss           0x10000000        0x0 c:/program files/gnu tools arm embedded/4.7 2013q2/bin/../lib/gcc/arm-none-eabi/4.7.4/armv7-m\libgcc.a(_arm_cmpsf2.o)
 *(COMMON)
 COMMON         0x10000000        0x8 ./Source Files/lpc17xx_systick.o
                0x10000000                led_timer
                0x10000004                delay_timer
 COMMON         0x10000008        0x4 ./Source Files/lpc_global.o
                0x10000008                led_delay
                0x10000010                . = ALIGN (0x8)
 *fill*         0x1000000c        0x4 00
 *(.ram.b)
                0x10000010                . = ALIGN (0x4)
                0x10000010                _ebss = .
                0x10000010                _end = .
                0x10000010                __end = .
                0x10000010                PROVIDE (end, _ebss)
                0x10000010                PROVIDE (_end, _ebss)
                0x10000000                PROVIDE (__bss_start__, _sbss)
                0x10000010                PROVIDE (__bss_end__, _ebss)

._usrstack      0x10000010      0x100 load address 0x00001f90
                0x10000010                . = ALIGN (0x4)
                0x10000010                _susrstack = .
                0x10000110                . = (. + _Minimum_Stack_Size)
 *fill*         0x10000010      0x100 00
                0x10000110                . = ALIGN (0x4)
                0x10000110                _eusrstack = .

.data           0x2007c000        0x8 load address 0x00001f90
                0x2007c000                _sdata = .
                0x2007c000                . = ALIGN (0x80)
                0x00000000                _isr_vectorsram_offs = (. - 0x2007c000)
 *(.isr_vectorsram)
                0x2007c000                . = ALIGN (0x4)
 *(.jcr)
 *(.got.plt)
 *(.got)
 *(.shdata)
 *(.data .data.* .gnu.linkonce.d.*)
 .data          0x2007c000        0x0 ./Source Files/lpc17xx_clkpwr.o
 .data          0x2007c000        0x0 ./Source Files/lpc17xx_gpio.o
 .data          0x2007c000        0x0 ./Source Files/lpc17xx_nvic.o
 .data          0x2007c000        0x0 ./Source Files/lpc17xx_pinsel.o
 .data          0x2007c000        0x0 ./Source Files/lpc17xx_systick.o
 .data          0x2007c000        0x0 ./Source Files/lpc17xx_wdt.o
 .data          0x2007c000        0x0 ./Source Files/lpc_global.o
 .data          0x2007c000        0x0 ./Source Files/lpc_system_init.o
 .data          0x2007c000        0x0 ./Source Files/main.o
 .data          0x2007c000        0x0 ./CM3 Core/core_cm3.o
 .data          0x2007c000        0x4 ./CM3 Core/system_LPC17xx.o
                0x2007c000                SystemCoreClock
 .data          0x2007c004        0x0 ./startup_LPC17xx.o
 .data          0x2007c004        0x0 c:/program files/gnu tools arm embedded/4.7 2013q2/bin/../lib/gcc/arm-none-eabi/4.7.4/armv7-m\libgcc.a(_arm_addsubsf3.o)
 .data          0x2007c004        0x0 c:/program files/gnu tools arm embedded/4.7 2013q2/bin/../lib/gcc/arm-none-eabi/4.7.4/armv7-m\libgcc.a(_arm_cmpsf2.o)
                0x2007c008                . = ALIGN (0x8)
 *fill*         0x2007c004        0x4 00
 *(.ram)
 *(.ramfunc*)
                0x2007c008                . = ALIGN (0x4)
                0x2007c008                _edata = .

.igot.plt       0x2007c008        0x0 load address 0x00001f98
 .igot.plt      0x00000000        0x0 ./Source Files/lpc17xx_clkpwr.o

.bss_ahb        0x2007c008        0x0 load address 0x00001f98
                0x2007c008                . = ALIGN (0x4)
                0x2007c008                _sbss_ahb = .
 *(.shbss_ahb)
 *(.bss_ahb .bss_ahb.* .gnu.linkonce.b.*)
                0x2007c008                . = ALIGN (0x8)
 *(.ram_ahb.b)
                0x2007c008                . = ALIGN (0x4)
                0x2007c008                _ebss_ahb = .
                0x2007c008                _end_ahb = .
                0x2007c008                __end_ahb = .
                0x2007c008                PROVIDE (end_ahb, _ebss_ahb)
                0x2007c008                PROVIDE (_end_ahb, _ebss_ahb)
                0x2007c008                PROVIDE (__bss_ahb_start__, _sbss_ahb)
                0x2007c008                PROVIDE (__bss_ahb_end__, _ebss_ahb)

/DISCARD/
 libc.a(*)
 libm.a(*)
 libgcc.a(*)

.stab
 *(.stab)

.stabstr
 *(.stabstr)

.stab.excl
 *(.stab.excl)

.stab.exclstr
 *(.stab.exclstr)

.stab.index
 *(.stab.index)

.stab.indexstr
 *(.stab.indexstr)

.comment        0x00000000       0x70
 *(.comment)
 .comment       0x00000000       0x70 ./Source Files/lpc17xx_clkpwr.o
                                 0x71 (size before relaxing)
 .comment       0x00000000       0x71 ./Source Files/lpc17xx_gpio.o
 .comment       0x00000000       0x71 ./Source Files/lpc17xx_nvic.o
 .comment       0x00000000       0x71 ./Source Files/lpc17xx_pinsel.o
 .comment       0x00000000       0x71 ./Source Files/lpc17xx_systick.o
 .comment       0x00000000       0x71 ./Source Files/lpc17xx_wdt.o
 .comment       0x00000000       0x71 ./Source Files/lpc_global.o
 .comment       0x00000000       0x71 ./Source Files/lpc_system_init.o
 .comment       0x00000000       0x71 ./Source Files/main.o
 .comment       0x00000000       0x71 ./CM3 Core/core_cm3.o
 .comment       0x00000000       0x71 ./CM3 Core/system_LPC17xx.o
 .comment       0x00000000       0x71 ./startup_LPC17xx.o

.ARM.attributes
                0x00000000       0x33
 .ARM.attributes
                0x00000000       0x33 ./Source Files/lpc17xx_clkpwr.o
 .ARM.attributes
                0x00000033       0x33 ./Source Files/lpc17xx_gpio.o
 .ARM.attributes
                0x00000066       0x33 ./Source Files/lpc17xx_nvic.o
 .ARM.attributes
                0x00000099       0x33 ./Source Files/lpc17xx_pinsel.o
 .ARM.attributes
                0x000000cc       0x33 ./Source Files/lpc17xx_systick.o
 .ARM.attributes
                0x000000ff       0x33 ./Source Files/lpc17xx_wdt.o
 .ARM.attributes
                0x00000132       0x33 ./Source Files/lpc_global.o
 .ARM.attributes
                0x00000165       0x33 ./Source Files/lpc_system_init.o
 .ARM.attributes
                0x00000198       0x33 ./Source Files/main.o
 .ARM.attributes
                0x000001cb       0x33 ./CM3 Core/core_cm3.o
 .ARM.attributes
                0x000001fe       0x33 ./CM3 Core/system_LPC17xx.o
 .ARM.attributes
                0x00000231       0x33 ./startup_LPC17xx.o
 .ARM.attributes
                0x00000264       0x1d c:/program files/gnu tools arm embedded/4.7 2013q2/bin/../lib/gcc/arm-none-eabi/4.7.4/armv7-m\libgcc.a(_arm_addsubsf3.o)
 .ARM.attributes
                0x00000281       0x1d c:/program files/gnu tools arm embedded/4.7 2013q2/bin/../lib/gcc/arm-none-eabi/4.7.4/armv7-m\libgcc.a(_arm_cmpsf2.o)

.debug
 *(.debug)

.line
 *(.line)

.debug_srcinfo
 *(.debug_srcinfo)

.debug_sfnames
 *(.debug_sfnames)

.debug_aranges  0x00000000      0x170
 *(.debug_aranges)
 .debug_aranges
                0x00000000       0x20 ./Source Files/lpc17xx_clkpwr.o
 .debug_aranges
                0x00000020       0x20 ./Source Files/lpc17xx_gpio.o
 .debug_aranges
                0x00000040       0x20 ./Source Files/lpc17xx_nvic.o
 .debug_aranges
                0x00000060       0x20 ./Source Files/lpc17xx_pinsel.o
 .debug_aranges
                0x00000080       0x20 ./Source Files/lpc17xx_systick.o
 .debug_aranges
                0x000000a0       0x20 ./Source Files/lpc17xx_wdt.o
 .debug_aranges
                0x000000c0       0x18 ./Source Files/lpc_global.o
 .debug_aranges
                0x000000d8       0x20 ./Source Files/lpc_system_init.o
 .debug_aranges
                0x000000f8       0x20 ./Source Files/main.o
 .debug_aranges
                0x00000118       0x18 ./CM3 Core/core_cm3.o
 .debug_aranges
                0x00000130       0x20 ./CM3 Core/system_LPC17xx.o
 .debug_aranges
                0x00000150       0x20 ./startup_LPC17xx.o

.debug_pubnames
 *(.debug_pubnames)

.debug_info     0x00000000     0x305f
 *(.debug_info .gnu.linkonce.wi.*)
 .debug_info    0x00000000      0x6b4 ./Source Files/lpc17xx_clkpwr.o
 .debug_info    0x000006b4      0xe68 ./Source Files/lpc17xx_gpio.o
 .debug_info    0x0000151c      0x3fc ./Source Files/lpc17xx_nvic.o
 .debug_info    0x00001918      0x4b4 ./Source Files/lpc17xx_pinsel.o
 .debug_info    0x00001dcc      0x2f2 ./Source Files/lpc17xx_systick.o
 .debug_info    0x000020be      0x36a ./Source Files/lpc17xx_wdt.o
 .debug_info    0x00002428       0x8c ./Source Files/lpc_global.o
 .debug_info    0x000024b4      0x5cb ./Source Files/lpc_system_init.o
 .debug_info    0x00002a7f       0xb6 ./Source Files/main.o
 .debug_info    0x00002b35       0x68 ./CM3 Core/core_cm3.o
 .debug_info    0x00002b9d      0x37a ./CM3 Core/system_LPC17xx.o
 .debug_info    0x00002f17      0x148 ./startup_LPC17xx.o

.debug_abbrev   0x00000000      0xc45
 *(.debug_abbrev)
 .debug_abbrev  0x00000000      0x190 ./Source Files/lpc17xx_clkpwr.o
 .debug_abbrev  0x00000190      0x202 ./Source Files/lpc17xx_gpio.o
 .debug_abbrev  0x00000392       0xe4 ./Source Files/lpc17xx_nvic.o
 .debug_abbrev  0x00000476      0x141 ./Source Files/lpc17xx_pinsel.o
 .debug_abbrev  0x000005b7      0x165 ./Source Files/lpc17xx_systick.o
 .debug_abbrev  0x0000071c      0x180 ./Source Files/lpc17xx_wdt.o
 .debug_abbrev  0x0000089c       0x47 ./Source Files/lpc_global.o
 .debug_abbrev  0x000008e3      0x13d ./Source Files/lpc_system_init.o
 .debug_abbrev  0x00000a20       0x6c ./Source Files/main.o
 .debug_abbrev  0x00000a8c       0x29 ./CM3 Core/core_cm3.o
 .debug_abbrev  0x00000ab5       0xbf ./CM3 Core/system_LPC17xx.o
 .debug_abbrev  0x00000b74       0xd1 ./startup_LPC17xx.o

.debug_line     0x00000000     0x2782
 *(.debug_line)
 .debug_line    0x00000000      0x3c2 ./Source Files/lpc17xx_clkpwr.o
 .debug_line    0x000003c2      0x50f ./Source Files/lpc17xx_gpio.o
 .debug_line    0x000008d1      0x36f ./Source Files/lpc17xx_nvic.o
 .debug_line    0x00000c40      0x374 ./Source Files/lpc17xx_pinsel.o
 .debug_line    0x00000fb4      0x3ff ./Source Files/lpc17xx_systick.o
 .debug_line    0x000013b3      0x3c0 ./Source Files/lpc17xx_wdt.o
 .debug_line    0x00001773      0x29b ./Source Files/lpc_global.o
 .debug_line    0x00001a0e      0x3ce ./Source Files/lpc_system_init.o
 .debug_line    0x00001ddc      0x3a7 ./Source Files/main.o
 .debug_line    0x00002183      0x25e ./CM3 Core/core_cm3.o
 .debug_line    0x000023e1      0x333 ./CM3 Core/system_LPC17xx.o
 .debug_line    0x00002714       0x6e ./startup_LPC17xx.o

.debug_frame    0x00000000      0x928
 *(.debug_frame)
 .debug_frame   0x00000000       0xf4 ./Source Files/lpc17xx_clkpwr.o
 .debug_frame   0x000000f4      0x398 ./Source Files/lpc17xx_gpio.o
 .debug_frame   0x0000048c       0x64 ./Source Files/lpc17xx_nvic.o
 .debug_frame   0x000004f0       0xbc ./Source Files/lpc17xx_pinsel.o
 .debug_frame   0x000005ac      0x118 ./Source Files/lpc17xx_systick.o
 .debug_frame   0x000006c4      0x100 ./Source Files/lpc17xx_wdt.o
 .debug_frame   0x000007c4       0x80 ./Source Files/lpc_system_init.o
 .debug_frame   0x00000844       0x2c ./Source Files/main.o
 .debug_frame   0x00000870       0x48 ./CM3 Core/system_LPC17xx.o
 .debug_frame   0x000008b8       0x70 ./startup_LPC17xx.o

.debug_str      0x00000000     0xa6a0
 *(.debug_str)
 .debug_str     0x00000000     0x865d ./Source Files/lpc17xx_clkpwr.o
                               0x8717 (size before relaxing)
 .debug_str     0x0000865d      0xfd7 ./Source Files/lpc17xx_gpio.o
                               0x947d (size before relaxing)
 .debug_str     0x00009634       0x99 ./Source Files/lpc17xx_nvic.o
                               0x739a (size before relaxing)
 .debug_str     0x000096cd      0x24b ./Source Files/lpc17xx_pinsel.o
                               0x798f (size before relaxing)
 .debug_str     0x00009918      0x12a ./Source Files/lpc17xx_systick.o
                               0x916a (size before relaxing)
 .debug_str     0x00009a42      0x195 ./Source Files/lpc17xx_wdt.o
                               0x8db7 (size before relaxing)
 .debug_str     0x00009bd7       0x1d ./Source Files/lpc_global.o
                               0x3160 (size before relaxing)
 .debug_str     0x00009bf4      0x25c ./Source Files/lpc_system_init.o
                               0x9359 (size before relaxing)
 .debug_str     0x00009e50       0x1c ./Source Files/main.o
                               0x900e (size before relaxing)
 .debug_str     0x00009e6c       0x17 ./CM3 Core/core_cm3.o
                               0x2f1d (size before relaxing)
 .debug_str     0x00009e83      0x727 ./CM3 Core/system_LPC17xx.o
                               0x78a3 (size before relaxing)
 .debug_str     0x0000a5aa       0xf6 ./startup_LPC17xx.o
                               0x234f (size before relaxing)

.debug_loc      0x00000000      0xf20
 *(.debug_loc)
 .debug_loc     0x00000000      0x190 ./Source Files/lpc17xx_clkpwr.o
 .debug_loc     0x00000190      0x658 ./Source Files/lpc17xx_gpio.o
 .debug_loc     0x000007e8       0xa8 ./Source Files/lpc17xx_nvic.o
 .debug_loc     0x00000890      0x150 ./Source Files/lpc17xx_pinsel.o
 .debug_loc     0x000009e0      0x1d4 ./Source Files/lpc17xx_systick.o
 .debug_loc     0x00000bb4      0x190 ./Source Files/lpc17xx_wdt.o
 .debug_loc     0x00000d44       0xc8 ./Source Files/lpc_system_init.o
 .debug_loc     0x00000e0c       0x2c ./Source Files/main.o
 .debug_loc     0x00000e38       0x58 ./CM3 Core/system_LPC17xx.o
 .debug_loc     0x00000e90       0x90 ./startup_LPC17xx.o

.debug_macinfo
 *(.debug_macinfo)

.debug_weaknames
 *(.debug_weaknames)

.debug_funcnames
 *(.debug_funcnames)

.debug_typenames
 *(.debug_typenames)

.debug_varnames
 *(.debug_varnames)
OUTPUT(Eg7.elf elf32-littlearm)

.debug_macro    0x00000000     0x2bb1
 .debug_macro   0x00000000       0xb5 ./Source Files/lpc17xx_clkpwr.o
 .debug_macro   0x000000b5      0x7f6 ./Source Files/lpc17xx_clkpwr.o
 .debug_macro   0x000008ab       0x1c ./Source Files/lpc17xx_clkpwr.o
 .debug_macro   0x000008c7       0x2e ./Source Files/lpc17xx_clkpwr.o
 .debug_macro   0x000008f5       0x3a ./Source Files/lpc17xx_clkpwr.o
 .debug_macro   0x0000092f       0x10 ./Source Files/lpc17xx_clkpwr.o
 .debug_macro   0x0000093f       0x2e ./Source Files/lpc17xx_clkpwr.o
 .debug_macro   0x0000096d       0xa2 ./Source Files/lpc17xx_clkpwr.o
 .debug_macro   0x00000a0f      0x20e ./Source Files/lpc17xx_clkpwr.o
 .debug_macro   0x00000c1d       0x18 ./Source Files/lpc17xx_clkpwr.o
 .debug_macro   0x00000c35      0x7af ./Source Files/lpc17xx_clkpwr.o
 .debug_macro   0x000013e4      0x2d5 ./Source Files/lpc17xx_clkpwr.o
 .debug_macro   0x000016b9       0xbb ./Source Files/lpc17xx_clkpwr.o
 .debug_macro   0x00001774      0x2f2 ./Source Files/lpc17xx_clkpwr.o
 .debug_macro   0x00001a66       0xeb ./Source Files/lpc17xx_gpio.o
 .debug_macro   0x00001b51      0x146 ./Source Files/lpc17xx_gpio.o
 .debug_macro   0x00001c97      0x2f8 ./Source Files/lpc17xx_gpio.o
 .debug_macro   0x00001f8f       0x4c ./Source Files/lpc17xx_gpio.o
 .debug_macro   0x00001fdb       0x46 ./Source Files/lpc17xx_gpio.o
 .debug_macro   0x00002021       0x70 ./Source Files/lpc17xx_gpio.o
 .debug_macro   0x00002091       0xb6 ./Source Files/lpc17xx_nvic.o
 .debug_macro   0x00002147       0xb5 ./Source Files/lpc17xx_pinsel.o
 .debug_macro   0x000021fc      0x140 ./Source Files/lpc17xx_pinsel.o
 .debug_macro   0x0000233c       0xe7 ./Source Files/lpc17xx_systick.o
 .debug_macro   0x00002423       0xc7 ./Source Files/lpc17xx_wdt.o
 .debug_macro   0x000024ea       0x6a ./Source Files/lpc17xx_wdt.o
 .debug_macro   0x00002554       0x73 ./Source Files/lpc_global.o
 .debug_macro   0x000025c7       0xb5 ./Source Files/lpc_global.o
 .debug_macro   0x0000267c       0xe7 ./Source Files/lpc_system_init.o
 .debug_macro   0x00002763       0xe7 ./Source Files/main.o
 .debug_macro   0x0000284a       0x70 ./CM3 Core/core_cm3.o
 .debug_macro   0x000028ba      0x2d4 ./CM3 Core/system_LPC17xx.o
 .debug_macro   0x00002b8e       0x23 ./startup_LPC17xx.o
