Archive member included because of file (symbol)

c:/program files/gnu tools arm embedded/4.7 2013q2/bin/../lib/gcc/arm-none-eabi/4.7.4/armv7-m\libgcc.a(_arm_addsubsf3.o)
                              ./Source Files/lpc17xx_systick.o (__aeabi_ui2f)
c:/program files/gnu tools arm embedded/4.7 2013q2/bin/../lib/gcc/arm-none-eabi/4.7.4/armv7-m\libgcc.a(_arm_cmpsf2.o)
                              ./Source Files/lpc17xx_systick.o (__aeabi_fcmpgt)
c:/program files/gnu tools arm embedded/4.7 2013q2/bin/../lib/gcc/arm-none-eabi/4.7.4/armv7-m\libgcc.a(_aeabi_uldivmod.o)
                              ./Source Files/lpc17xx_uart.o (__aeabi_uldivmod)
c:/program files/gnu tools arm embedded/4.7 2013q2/bin/../lib/gcc/arm-none-eabi/4.7.4/armv7-m\libgcc.a(bpabi.o)
                              c:/program files/gnu tools arm embedded/4.7 2013q2/bin/../lib/gcc/arm-none-eabi/4.7.4/armv7-m\libgcc.a(_aeabi_uldivmod.o) (__gnu_uldivmod_helper)
c:/program files/gnu tools arm embedded/4.7 2013q2/bin/../lib/gcc/arm-none-eabi/4.7.4/armv7-m\libgcc.a(_dvmd_tls.o)
                              c:/program files/gnu tools arm embedded/4.7 2013q2/bin/../lib/gcc/arm-none-eabi/4.7.4/armv7-m\libgcc.a(_aeabi_uldivmod.o) (__aeabi_ldiv0)
c:/program files/gnu tools arm embedded/4.7 2013q2/bin/../lib/gcc/arm-none-eabi/4.7.4/armv7-m\libgcc.a(_divdi3.o)
                              c:/program files/gnu tools arm embedded/4.7 2013q2/bin/../lib/gcc/arm-none-eabi/4.7.4/armv7-m\libgcc.a(bpabi.o) (__divdi3)
c:/program files/gnu tools arm embedded/4.7 2013q2/bin/../lib/gcc/arm-none-eabi/4.7.4/armv7-m\libgcc.a(_udivdi3.o)
                              c:/program files/gnu tools arm embedded/4.7 2013q2/bin/../lib/gcc/arm-none-eabi/4.7.4/armv7-m\libgcc.a(bpabi.o) (__udivdi3)
c:/program files/gnu tools arm embedded/4.7 2013q2/bin/../lib/gcc/arm-none-eabi/4.7.4/../../../../arm-none-eabi/lib/armv7-m\libg.a(lib_a-memset.o)
                              ./Source Files/lpc17xx_uart.o (memset)

Allocating common symbols
Common symbol       size              file

I2C_Rx_Buf          0x40              ./Source Files/lpc17xx_i2c.o
irqn                0x1               ./Source Files/lpc17xx_i2c.o
gRxBuf              0x82              ./Source Files/crc32.o
EscFlag             0x2               ./Source Files/crc32.o
gTxBuf              0x82              ./Source Files/crc32.o
rb                  0x210             ./Source Files/crc32.o
CapVal              0x4               ./Source Files/lpc_global.o
led_timer           0x4               ./Source Files/lpc17xx_systick.o
I2C_Tx_Buf          0x40              ./Source Files/lpc17xx_i2c.o
led_delay           0x4               ./Source Files/lpc_global.o
Tx_Buf1             0x40              ./Source Files/crc32.o
Rx_Buf1             0x40              ./Source Files/crc32.o
RXMsg               0x10              ./Source Files/lpc17xx_can.o
CapFlag             0x1               ./Source Files/lpc_global.o
delay_timer         0x4               ./Source Files/lpc17xx_systick.o
TxIntStat           0x1               ./Source Files/crc32.o
regs                0x4               ./Source Files/lpc17xx_i2c.o
FULLCAN_ENABLE      0x1               ./Source Files/lpc17xx_can.o
TXMsg               0x10              ./Source Files/lpc17xx_can.o

Discarded input sections

 .group         0x00000000        0x8 ./Source Files/crc32.o
 .group         0x00000000        0x8 ./Source Files/crc32.o
 .group         0x00000000        0x8 ./Source Files/crc32.o
 .group         0x00000000        0x8 ./Source Files/crc32.o
 .group         0x00000000        0x8 ./Source Files/crc32.o
 .group         0x00000000        0x8 ./Source Files/crc32.o
 .group         0x00000000        0x8 ./Source Files/crc32.o
 .group         0x00000000        0x8 ./Source Files/crc32.o
 .group         0x00000000        0x8 ./Source Files/crc32.o
 .group         0x00000000        0x8 ./Source Files/crc32.o
 .group         0x00000000        0x8 ./Source Files/crc32.o
 .group         0x00000000        0x8 ./Source Files/crc32.o
 .group         0x00000000        0x8 ./Source Files/crc32.o
 .group         0x00000000        0x8 ./Source Files/crc32.o
 .group         0x00000000        0x8 ./Source Files/crc32.o
 .group         0x00000000        0x8 ./Source Files/crc32.o
 .group         0x00000000        0x8 ./Source Files/crc32.o
 .group         0x00000000        0x8 ./Source Files/crc32.o
 .group         0x00000000        0x8 ./Source Files/crc32.o
 .group         0x00000000        0x8 ./Source Files/crc32.o
 .group         0x00000000        0x8 ./Source Files/crc32.o
 .group         0x00000000        0x8 ./Source Files/crc32.o
 .group         0x00000000        0x8 ./Source Files/lpc17xx_can.o
 .group         0x00000000        0x8 ./Source Files/lpc17xx_can.o
 .group         0x00000000        0x8 ./Source Files/lpc17xx_can.o
 .group         0x00000000        0x8 ./Source Files/lpc17xx_can.o
 .group         0x00000000        0x8 ./Source Files/lpc17xx_can.o
[...]
Memory Configuration

Name             Origin             Length             Attributes
RAM              0x10000000         0x00008000         xrw
RAMAHB           0x2007c000         0x00008000         xrw
FLASH            0x00000000         0x00080000         xr
*default*        0x00000000         0xffffffff

Linker script and memory map

LOAD ./Source Files/crc32.o
LOAD ./Source Files/lpc17xx_can.o
LOAD ./Source Files/lpc17xx_clkpwr.o
LOAD ./Source Files/lpc17xx_emac.o
LOAD ./Source Files/lpc17xx_gpio.o
LOAD ./Source Files/lpc17xx_i2c.o
LOAD ./Source Files/lpc17xx_mcpwm.o
LOAD ./Source Files/lpc17xx_nvic.o
LOAD ./Source Files/lpc17xx_pinsel.o
LOAD ./Source Files/lpc17xx_ssp.o
LOAD ./Source Files/lpc17xx_systick.o
LOAD ./Source Files/lpc17xx_uart.o
LOAD ./Source Files/lpc17xx_wdt.o
LOAD ./Source Files/lpc_global.o
LOAD ./Source Files/lpc_i2c_tsc2004.o
LOAD ./Source Files/lpc_ssp_glcd.o
LOAD ./Source Files/lpc_system_init.o
LOAD ./Source Files/main.o
LOAD ./CM3 Core/core_cm3.o
LOAD ./CM3 Core/system_LPC17xx.o
LOAD ./startup_LPC17xx.o
START GROUP
LOAD c:/program files/gnu tools arm embedded/4.7 2013q2/bin/../lib/gcc/arm-none-eabi/4.7.4/armv7-m\libgcc.a
LOAD c:/program files/gnu tools arm embedded/4.7 2013q2/bin/../lib/gcc/arm-none-eabi/4.7.4/../../../../arm-none-eabi/lib/armv7-m\libg.a
LOAD c:/program files/gnu tools arm embedded/4.7 2013q2/bin/../lib/gcc/arm-none-eabi/4.7.4/../../../../arm-none-eabi/lib/armv7-m\libc.a
END GROUP
                0x10008000                _estack = 0x10008000
                0x000007d0                __Stack_Size = 0x7d0
                0x000007d0                PROVIDE (_Stack_Size, __Stack_Size)
                0x10007830                __Stack_Init = (_estack - __Stack_Size)
                0x10007830                PROVIDE (_Stack_Init, __Stack_Init)
                0x00000100                _Minimum_Stack_Size = 0x100

.mios32_bsl     0x00000000        0x0
                0x00000000                . = ALIGN (0x4)
 *(.mios32_bsl)
                0x00000000                . = ALIGN (0x4)

.isr_vector     0x00000000       0xcc
                0x00000000                _mios32_sys_isr_vector = .
                0x00000000                . = ALIGN (0x4)
 *(.isr_vector)
 .isr_vector    0x00000000       0xcc ./startup_LPC17xx.o
                0x00000000                g_pfnVectors
                0x000000cc                . = ALIGN (0x4)
                0x00000000                PROVIDE (mios32_sys_isr_vector, _mios32_sys_isr_vector)

.flashtext      0x000000cc        0x0
                0x000000cc                . = ALIGN (0x4)
 *(.flashtext)
                0x000000cc                . = ALIGN (0x4)

.text           0x000000cc     0x58e0
                0x000000cc                . = ALIGN (0x4)
 CREATE_OBJECT_SYMBOLS
 *(.text .text.* .gnu.linkonce.t.*)
 .text          0x000000cc       0x60 ./Source Files/crc32.o
                0x000000cc                crc32_init
                0x000000d4                crc32_add
                0x00000100                crc32_end
                0x00000108                crc32_bfr
 .text          0x0000012c     0x151c ./Source Files/lpc17xx_can.o
                0x0000012c                PrintMessage
                0x000001dc                CAN_InitMessage
                0x00000224                Check_Message
                0x00000288                CAN_Init
                0x0000034c                CAN_DeInit
                0x00000364                CAN_SetupAFLUT
                0x000006fc                CAN_LoadExplicitEntry
                0x00000984                CAN_LoadFullCANEntry
                0x00000bf8                CAN_LoadGroupEntry
                0x00000ec4                CAN_RemoveEntry
                0x0000124c                CAN_SendMsg
                0x000013a6                CAN_ReceiveMsg
                0x000013fe                FCAN_ReadObj
                0x000014b0                CAN_GetCTRLStatus
                0x000014ca                CAN_GetCRStatus
                0x000014dc                CAN_IRQCmd
                0x00001524                CAN_SetAFMode
                0x00001542                CAN_ModeConfig
                0x000015dc                CAN_Config
                0x00001628                CAN_SetCommand
                0x00001630                CAN_IntGetStatus
                0x00001634                CAN_FullCANIntGetStatus
                0x0000163e                CAN_FullCANPendGetStatus
 .text          0x00001648      0x12c ./Source Files/lpc17xx_clkpwr.o
                0x00001648                CLKPWR_SetPCLKDiv
                0x0000169c                CLKPWR_GetPCLKSEL
                0x000016bc                CLKPWR_GetPCLK
                0x000016dc                CLKPWR_ConfigPPWR
                0x00001710                CLKPWR_Sleep
                0x00001720                CLKPWR_DeepSleep
                0x0000173c                CLKPWR_PowerDown
                0x00001758                CLKPWR_DeepPowerDown
 .text          0x00001774      0x96c ./Source Files/lpc17xx_emac.o
                0x000017c2                PacketGen
                0x00001828                EMAC_DeInit
                0x00001842                EMAC_CheckPHYStatus
                0x0000187a                EMAC_UpdatePHYStatus
                0x00001914                EMAC_SetPHYMode
                0x000019a0                EMAC_Init
                0x00001b44                EMAC_Config
                0x00001c6c                EMAC_SetHashFilter
                0x00001d30                EMAC_SetFilterMode
                0x00001d48                EMAC_GetWoLStatus
                0x00001d62                EMAC_WritePacketBuffer
                0x00001da4                EMAC_ReadPacketBuffer
                0x00001dd4                EMAC_IntCmd
                0x00001dec                EMAC_IntGetStatus
                0x00001e06                EMAC_CheckReceiveIndex
                0x00001e1a                EMAC_CheckTransmitIndex
                0x00001e30                EMAC_CheckReceiveDataStatus
                0x00001e50                EMAC_GetReceiveDataSize
                0x00001e6c                EMAC_UpdateRxConsumeIndex
                0x00001e82                ENET_IRQHandler
                0x00001fdc                EMAC_UpdateTxProduceIndex
                0x00001ff2                ReadFrame_EMAC
                0x00002008                ReadFrameBE_EMAC
                0x00002024                CopyFromFrame_EMAC
                0x00002050                DummyReadFrame_EMAC
                0x00002064                StartReadFrame
                0x00002090                EndReadFrame
                0x00002094                CheckFrameReceived
                0x000020a8                RequestSend
                0x000020aa                Rdy4Tx
                0x000020ae                WriteFrame_EMAC
                0x000020c4                CopyToFrame_EMAC
                0x000020d6                SwapBytes
 .text          0x000020e0      0x2bc ./Source Files/lpc17xx_gpio.o
                0x000020e0                EINT3_IRQHandler
                0x000020e2                GPIO_SetDir
                0x00002104                GPIO_SetValue
                0x00002118                GPIO_ClearValue
                0x0000212c                GPIO_ReadValue
                0x00002144                GPIO_IntCmd
                0x00002174                GPIO_GetIntStatus
                0x000021ac                GPIO_ClearInt
                0x000021c4                FIO_SetDir
                0x000021c8                FIO_SetValue
                0x000021cc                FIO_ClearValue
                0x000021d0                FIO_ReadValue
                0x000021d4                FIO_IntCmd
                0x000021d8                FIO_GetIntStatus
                0x000021dc                FIO_ClearInt
                0x000021e0                FIO_SetMask
                0x00002204                FIO_HalfWordSetDir
                0x00002244                FIO_HalfWordSetMask
                0x00002284                FIO_HalfWordSetValue
                0x000022a0                FIO_HalfWordClearValue
                0x000022bc                FIO_HalfWordReadValue
                0x000022e0                FIO_ByteSetDir
                0x00002310                FIO_ByteSetMask
                0x00002344                FIO_ByteSetValue
                0x00002360                FIO_ByteClearValue
                0x0000237c                FIO_ByteReadValue
 .text          0x0000239c      0x7ec ./Source Files/lpc17xx_i2c.o
                0x000023e6                Buffer_Init
                0x00002404                I2C_Init
                0x00002480                I2C_Config
                0x000024d4                I2C_DeInit
                0x0000250c                I2C_Cmd
                0x0000251a                I2C_IntCmd
                0x00002580                I2C_MasterHandler
                0x000026fc                I2C_SlaveHandler
                0x000027e0                I2C_MasterTransferData
                0x00002990                I2C_SlaveTransferData
                0x00002aa0                I2C_SetOwnSlaveAddr
                0x00002af0                I2C_MonitorModeConfig
                0x00002b04                I2C_MonitorModeCmd
                0x00002b30                I2C_MonitorGetDatabuffer
                0x00002b36                I2C_MonitorHandler
                0x00002b58                I2C_MasterTransferComplete
                0x00002b70                I2C_SlaveTransferComplete
 .text          0x00002b88      0x428 ./Source Files/lpc17xx_mcpwm.o
                0x00002b88                MCPWM_Init
                0x00002ba4                MCPWM_ConfigChannel
                0x00002c4e                MCPWM_WriteToShadow
                0x00002c76                MCPWM_ConfigCapture
                0x00002d2e                MCPWM_Channel_Config
                0x00002e3c                MCPWM_Config
                0x00002e5c                MCPWM_ClearCapture
                0x00002e6e                MCPWM_GetCapture
                0x00002e86                MCPWM_CountConfig
                0x00002f18                MCPWM_Start
                0x00002f3e                MCPWM_Stop
                0x00002f64                MCPWM_ACMode
                0x00002f72                MCPWM_DCMode
                0x00002f90                MCPWM_IntConfig
                0x00002f9a                MCPWM_IntSet
                0x00002f9e                MCPWM_IntClear
                0x00002fa2                MCPWM_GetIntStatus
 .text          0x00002fb0       0x88 ./Source Files/lpc17xx_nvic.o
                0x00002fb0                NVIC_DeInit
                0x00002fe4                NVIC_SCBDeInit
                0x00003024                NVIC_SetVTOR
 .text          0x00003038       0xcc ./Source Files/lpc17xx_pinsel.o
                0x00003038                PINSEL_ConfigTraceFunc
                0x00003058                PINSEL_SetI2C0Pins
                0x0000306c                PINSEL_ConfigPin
 .text          0x00003104      0x47c ./Source Files/lpc17xx_ssp.o
                0x00003104                CS_Init1
                0x00003148                CS_Force1
                0x00003184                Buffer_Init1
                0x000031a0                SSP_Init
                0x0000323c                SSP_DeInit
                0x00003264                SSP_GetDataSize
                0x0000326c                SSP_ConfigStructInit
                0x00003284                SSP_Config
                0x0000337c                SSP_Cmd
                0x0000338e                SSP_LoopBackCmd
                0x000033a0                SSP_SlaveOutputCmd
                0x000033b2                SSP_SendData
                0x000033b6                SSP_ReceiveData
                0x000033bc                SSP_ReadWrite
                0x0000352c                SSP_GetStatus
                0x00003538                SSP_IntConfig
                0x0000354c                SSP_GetRawIntStatus
                0x00003558                SSP_GetRawIntStatusReg
                0x0000355c                SSP_GetIntStatus
                0x00003568                SSP_ClearIntPending
                0x0000356c                SSP_DMACmd
 .text          0x00003580      0x13c ./Source Files/lpc17xx_systick.o
                0x00003580                delay_ms
                0x00003590                SYSTICK_InternalInit
                0x000035d8                SYSTICK_ExternalInit
                0x0000361c                SYSTICK_Cmd
                0x00003634                SYSTICK_IntCmd
                0x0000364c                SYSTICK_Config
                0x00003664                SYSTICK_GetCurrentValue
                0x00003670                SYSTICK_ClearCounterFlag
                0x00003680                SysTick_Handler
 .text          0x000036bc      0xd78 ./Source Files/lpc17xx_uart.o
                0x000036bc                UART_Init
                0x00003960                UART_ConfigStructInit
                0x00003972                UART_SendByte
                0x00003976                UART_ReceiveByte
                0x00003988                UART_ForceBreak
                0x00003992                UART_IntConfig
                0x000039f8                UART_GetLineStatus
                0x000039fc                UART_GetIntId
                0x00003a06                UART_CheckBusy
                0x00003a12                UART_FIFOConfig
                0x00003a4c                UART_Config
                0x00003b84                UART_FIFOConfigStructInit
                0x00003b92                UART_ABCmd
                0x00003be4                UART_ABClearIntPending
                0x00003bec                UART_TxCmd
                0x00003c0c                UART_DeInit
                0x00003c12                UART_IrDAInvtInputCmd
                0x00003c30                UART_IrDACmd
                0x00003c46                UART_IrDAPulseDivConfig
                0x00003c64                UART_FullModemForcePinState
                0x00003c88                UART_FullModemConfigMode
                0x00003cb2                UART_FullModemGetStatus
                0x00003cb6                UART_RS485Config
                0x00003d0e                UART_RS485ReceiverCmd
                0x00003d24                UART_IntReceive
                0x00003d5c                UART_IntTransmit
                0x00003de4                UART2_IRQHandler
                0x00003e20                UART0_IRQHandler
                0x00003e5c                UART_Send
                0x00003ebc                printf
                0x000040ec                UART_RS485SendSlvAddr
                0x00004118                UART_RS485Send
                0x00004150                UART_RS485SendData
                0x00004156                UART_Receive
                0x000041a4                getche
                0x00004220                get_line
                0x000042d2                reset_cursor
                0x000042dc                clear_screen
                0x000042e8                clr_scr_rst_cur
                0x000042fa                Erase_Char
                0x00004324                Erase_Char_With_UnderScore
                0x00004350                Erase_BackLash
                0x0000439c                Erase_SemiColon
                0x000043e8                Erase_And_RingTheBell
 .text          0x00004434      0x118 ./Source Files/lpc17xx_wdt.o
                0x000044ac                WDT_Init
                0x000044dc                WDT_ReadTimeOutFlag
                0x000044e8                WDT_ClrTimeOutFlag
                0x000044f6                WDT_Feed
                0x00004508                WDT_UpdateTimeOut
                0x00004522                WDT_Start
                0x00004544                WDT_GetCurrentCount
 .text          0x0000454c        0x0 ./Source Files/lpc_global.o
 .text          0x0000454c      0x1c0 ./Source Files/lpc_i2c_tsc2004.o
                0x0000454c                I2C_TSC2004_Write_Byte
                0x00004584                I2C_TSC2004_Write_Word
                0x000045c0                TSC2004_Init
                0x000045e6                I2C_TSC2004_Read_Word
                0x00004634                TSC2004_Read_Reg
                0x00004656                TSC2004_Read_Values
                0x000046bc                TSC2004_Read_Value_Test
 .text          0x0000470c      0x5d4 ./Source Files/lpc_ssp_glcd.o
                0x0000475c                GLCD_Backlight
                0x00004772                GLCD_Reset
                0x0000479c                GLCD_SetTextColor
                0x000047a8                GLCD_SetBackColor
                0x000047b4                Write_Command_Glcd
                0x00004810                Write_Data_Glcd
                0x00004858                GLCD_Draw_Char
                0x000048f8                GLCD_Display_Char
                0x00004920                GLCD_PutPixel
                0x00004950                GLCD_Window
                0x0000499a                GLCD_Display_String
                0x000049ca                GLCD_ClearLn
                0x000049f0                GLCD_Clear
                0x00004a3a                GLCD_Set_Loc
                0x00004a66                GLCD_Window_Fill
                0x00004a9c                GLCD_Bitmap
                0x00004adc                GLCD_Display_Home
                0x00004aea                GLCD_Driver_OutCtrl
                0x00004b20                GLCD_Init
 .text          0x00004ce0       0x60 ./Source Files/lpc_system_init.o
                0x00004ce0                Port_Init
                0x00004cec                System_Init
 .text          0x00004d40        0x0 ./Source Files/main.o
 .text.startup  0x00004d40       0x78 ./Source Files/main.o
                0x00004d40                main
 .text          0x00004db8        0x0 ./CM3 Core/core_cm3.o
 .text          0x00004db8      0x17c ./CM3 Core/system_LPC17xx.o
                0x00004db8                SystemCoreClockUpdate
                0x00004e5c                SystemInit
 .text          0x00004f34       0x6c ./startup_LPC17xx.o
                0x00004f34                TIMER2_IRQHandler
                0x00004f34                DebugMon_Handler
                0x00004f34                RIT_IRQHandler
                0x00004f34                I2C0_IRQHandler
                0x00004f34                HardFault_Handler
                0x00004f34                USBActivity_IRQHandler
                0x00004f34                PWM1_IRQHandler
                0x00004f34                PendSV_Handler
                0x00004f34                NMI_Handler
                0x00004f34                I2C1_IRQHandler
                0x00004f34                EINT2_IRQHandler
                0x00004f34                UART1_IRQHandler
                0x00004f34                CANActivity_IRQHandler
                0x00004f34                TIMER3_IRQHandler
                0x00004f34                UsageFault_Handler
                0x00004f34                PLL0_IRQHandler
                0x00004f34                CAN_IRQHandler
                0x00004f34                PLL1_IRQHandler
                0x00004f34                SSP0_IRQHandler
                0x00004f34                I2S_IRQHandler
                0x00004f34                UART3_IRQHandler
                0x00004f34                I2C2_IRQHandler
                0x00004f34                RTC_IRQHandler
                0x00004f34                TIMER0_IRQHandler
                0x00004f34                BusFault_Handler
                0x00004f34                SPI_IRQHandler
                0x00004f34                EINT1_IRQHandler
                0x00004f34                TIMER1_IRQHandler
                0x00004f34                Default_Handler
                0x00004f34                ADC_IRQHandler
                0x00004f34                SSP1_IRQHandler
                0x00004f34                USB_IRQHandler
                0x00004f34                BOD_IRQHandler
                0x00004f34                MemManage_Handler
                0x00004f34                WDT_IRQHandler
                0x00004f34                SVC_Handler
                0x00004f34                QEI_IRQHandler
                0x00004f34                EINT0_IRQHandler
                0x00004f34                DMA_IRQHandler
                0x00004f34                MCPWM_IRQHandler
                0x00004f36                Reset_Handler
                0x00004f9c                _init
 .text          0x00004fa0      0x21c c:/program files/gnu tools arm embedded/4.7 2013q2/bin/../lib/gcc/arm-none-eabi/4.7.4/armv7-m\libgcc.a(_arm_addsubsf3.o)
                0x00004fa0                __aeabi_frsub
                0x00004fa8                __subsf3
                0x00004fa8                __aeabi_fsub
                0x00004fac                __aeabi_fadd
                0x00004fac                __addsf3
                0x0000510c                __aeabi_ui2f
                0x0000510c                __floatunsisf
                0x00005114                __aeabi_i2f
                0x00005114                __floatsisf
                0x00005130                __aeabi_ul2f
                0x00005130                __floatundisf
                0x00005140                __aeabi_l2f
                0x00005140                __floatdisf
 .text          0x000051bc       0xec c:/program files/gnu tools arm embedded/4.7 2013q2/bin/../lib/gcc/arm-none-eabi/4.7.4/armv7-m\libgcc.a(_arm_cmpsf2.o)
                0x000051bc                __gesf2
                0x000051bc                __gtsf2
                0x000051c4                __lesf2
                0x000051c4                __ltsf2
                0x000051cc                __nesf2
                0x000051cc                __eqsf2
                0x000051cc                __cmpsf2
                0x0000522c                __aeabi_cfrcmple
                0x00005234                __aeabi_cfcmpeq
                0x00005234                __aeabi_cfcmple
                0x00005244                __aeabi_fcmpeq
                0x00005258                __aeabi_fcmplt
                0x0000526c                __aeabi_fcmple
                0x00005280                __aeabi_fcmpge
                0x00005294                __aeabi_fcmpgt
 .text          0x000052a8       0x2c c:/program files/gnu tools arm embedded/4.7 2013q2/bin/../lib/gcc/arm-none-eabi/4.7.4/armv7-m\libgcc.a(_aeabi_uldivmod.o)
                0x000052a8                __aeabi_uldivmod
 .text          0x000052d4       0x60 c:/program files/gnu tools arm embedded/4.7 2013q2/bin/../lib/gcc/arm-none-eabi/4.7.4/armv7-m\libgcc.a(bpabi.o)
                0x000052d4                __gnu_ldivmod_helper
                0x00005304                __gnu_uldivmod_helper
 .text          0x00005334        0x4 c:/program files/gnu tools arm embedded/4.7 2013q2/bin/../lib/gcc/arm-none-eabi/4.7.4/armv7-m\libgcc.a(_dvmd_tls.o)
                0x00005334                __aeabi_idiv0
                0x00005334                __aeabi_ldiv0
 .text          0x00005338      0x2bc c:/program files/gnu tools arm embedded/4.7 2013q2/bin/../lib/gcc/arm-none-eabi/4.7.4/armv7-m\libgcc.a(_divdi3.o)
                0x00005338                __divdi3
 .text          0x000055f4      0x28c c:/program files/gnu tools arm embedded/4.7 2013q2/bin/../lib/gcc/arm-none-eabi/4.7.4/armv7-m\libgcc.a(_udivdi3.o)
                0x000055f4                __udivdi3
 .text          0x00005880        0x0 c:/program files/gnu tools arm embedded/4.7 2013q2/bin/../lib/gcc/arm-none-eabi/4.7.4/../../../../arm-none-eabi/lib/armv7-m\libg.a(lib_a-memset.o)
 .text.memset   0x00005880      0x12c c:/program files/gnu tools arm embedded/4.7 2013q2/bin/../lib/gcc/arm-none-eabi/4.7.4/../../../../arm-none-eabi/lib/armv7-m\libg.a(lib_a-memset.o)
                0x00005880                memset
 *(.plt)
 *(.gnu.warning)
 *(.glue_7t)
 .glue_7t       0x00000000        0x0 linker stubs
 *(.glue_7)
 .glue_7        0x00000000        0x0 linker stubs
 *(.vfp11_veneer)
 .vfp11_veneer  0x00000000        0x0 linker stubs
 *(.ARM.extab* .gnu.linkonce.armextab.*)
 .ARM.extab     0x000059ac        0x0 c:/program files/gnu tools arm embedded/4.7 2013q2/bin/../lib/gcc/arm-none-eabi/4.7.4/armv7-m\libgcc.a(_divdi3.o)
 .ARM.extab     0x000059ac        0x0 c:/program files/gnu tools arm embedded/4.7 2013q2/bin/../lib/gcc/arm-none-eabi/4.7.4/armv7-m\libgcc.a(_udivdi3.o)
 *(.gcc_except_table)

.v4_bx          0x000059ac        0x0
 .v4_bx         0x00000000        0x0 linker stubs

.iplt           0x000059ac        0x0
 .iplt          0x00000000        0x0 ./Source Files/crc32.o

.eh_frame_hdr
 *(.eh_frame_hdr)

.eh_frame
 *(.eh_frame)
                0x000059ac                __exidx_start = .

.ARM.exidx      0x000059ac        0x8
 *(.ARM.exidx* .gnu.linkonce.armexidx.*)
 .ARM.exidx     0x000059ac        0x8 c:/program files/gnu tools arm embedded/4.7 2013q2/bin/../lib/gcc/arm-none-eabi/4.7.4/armv7-m\libgcc.a(_divdi3.o)
 .ARM.exidx     0x000059b4        0x0 c:/program files/gnu tools arm embedded/4.7 2013q2/bin/../lib/gcc/arm-none-eabi/4.7.4/armv7-m\libgcc.a(_udivdi3.o)
                                  0x8 (size before relaxing)
                0x000059b4                __exidx_end = .

.rodata         0x000059b4     0x1854
 *(.rodata .rodata.* .gnu.linkonce.r.*)
 .rodata.str1.1
                0x000059b4       0xdf ./Source Files/lpc17xx_can.o
 .rodata        0x00005a93        0xd ./Source Files/lpc17xx_emac.o
                0x00005a93                EMAC_clkdiv
 .rodata.str1.1
                0x00005aa0      0x174 ./Source Files/lpc17xx_emac.o
 .rodata        0x00005c14       0x3c ./Source Files/lpc17xx_gpio.o
 .rodata        0x00005c50        0x5 ./Source Files/lpc17xx_uart.o
 .rodata.str1.1
                0x00005c55       0x25 ./Source Files/lpc17xx_uart.o
 .rodata.str1.1
                0x00005c7a       0x68 ./Source Files/lpc_i2c_tsc2004.o
 .rodata        0x00005ce2     0x1500 ./Source Files/lpc_ssp_glcd.o
                0x00005ce2                Font_24x16
 .rodata.str1.1
                0x000071e2       0x15 ./Source Files/lpc_ssp_glcd.o
 .rodata.str1.1
                0x000071f7        0xc ./Source Files/main.o
                0x00007204                . = ALIGN (0x4)
 *fill*         0x00007203        0x1 00
 *(.init)
                0x00007204                . = ALIGN (0x4)
                0x00007204                __preinit_array_start = .
 *(.preinit_array)
                0x00007204                __preinit_array_end = .
                0x00007204                . = ALIGN (0x4)
                0x00007204                __init_array_start = .
 *(SORT(.init_array.*))
 *(.init_array)
                0x00007204                __init_array_end = .
                0x00007204                . = ALIGN (0x4)
 *(.fini)
                0x00007204                . = ALIGN (0x4)
                0x00007204                __fini_array_start = .
 *(.fini_array)
 *(SORT(.fini_array.*))
                0x00007204                __fini_array_end = .
                0x00007204                . = ALIGN (0x4)
 *crtbegin.o(.ctors)
 *(EXCLUDE_FILE(*crtend.o) .ctors)
 *(SORT(.ctors.*))
 *crtend.o(.ctors)
                0x00007204                . = ALIGN (0x4)
 *crtbegin.o(.dtors)
 *(EXCLUDE_FILE(*crtend.o) .dtors)
 *(SORT(.dtors.*))
 *crtend.o(.dtors)
 *(.init .init.*)
 *(.fini .fini.*)
                0x00007204                PROVIDE (__preinit_array_start, .)
 *(.preinit_array)
                0x00007204                PROVIDE (__preinit_array_end, .)
                0x00007204                PROVIDE (__init_array_start, .)
 *(SORT(.init_array.*))
 *(.init_array)
                0x00007204                PROVIDE (__init_array_end, .)
                0x00007204                PROVIDE (__fini_array_start, .)
 *(.fini_array)
 *(SORT(.fini_array.*))
                0x00007204                PROVIDE (__fini_array_end, .)
                0x00007208                . = ALIGN (0x8)
 *fill*         0x00007204        0x4 00
 *(.rom)
 *(.rom.b)
                0x00007208                _etext = .
                0x00007208                _sidata = _etext

.rel.dyn        0x00007208        0x0
 .rel.iplt      0x00000000        0x0 ./Source Files/crc32.o

.bss            0x10000000     0x2f40 load address 0x00007208
                0x10000000                . = ALIGN (0x4)
                0x10000000                _sbss = .
 *(.shbss)
 *(.bss .bss.* .gnu.linkonce.b.*)
 .bss           0x10000000        0x0 ./Source Files/crc32.o
 .bss           0x10000000        0xa ./Source Files/lpc17xx_can.o
                0x10000000                CANAF_FullCAN_cnt
                0x10000002                CANAF_std_cnt
                0x10000004                CANAF_gstd_cnt
                0x10000006                CANAF_ext_cnt
                0x10000008                CANAF_gext_cnt
 .bss           0x1000000a        0x0 ./Source Files/lpc17xx_clkpwr.o
 *fill*         0x1000000a        0x6 00
 .bss           0x10000010     0x2a70 ./Source Files/lpc17xx_emac.o
 .bss           0x10002a80        0x0 ./Source Files/lpc17xx_gpio.o
 .bss           0x10002a80       0x34 ./Source Files/lpc17xx_i2c.o
 .bss           0x10002ab4        0x0 ./Source Files/lpc17xx_mcpwm.o
 .bss           0x10002ab4        0x0 ./Source Files/lpc17xx_nvic.o
 .bss           0x10002ab4        0x0 ./Source Files/lpc17xx_pinsel.o
 .bss           0x10002ab4        0x0 ./Source Files/lpc17xx_ssp.o
 .bss           0x10002ab4        0x0 ./Source Files/lpc17xx_systick.o
 .bss           0x10002ab4        0x0 ./Source Files/lpc17xx_uart.o
 .bss           0x10002ab4        0x0 ./Source Files/lpc17xx_wdt.o
 .bss           0x10002ab4       0x2c ./Source Files/lpc_global.o
                0x10002ab4                Pressed
                0x10002ab5                PacketReceived
                0x10002ab8                ReceiveLength
                0x10002abc                RxDoneCount
                0x10002ac0                TxDoneCount
                0x10002ac4                TxFinishedCount
                0x10002ac8                RxFinishedCount
                0x10002acc                TXErrorCount
                0x10002ad0                TXUnderrunCount
                0x10002ad4                RXErrorCount
                0x10002ad8                RXOverrunCount
                0x10002adc                status
 .bss           0x10002ae0        0x0 ./Source Files/lpc_i2c_tsc2004.o
 .bss           0x10002ae0        0x2 ./Source Files/lpc_ssp_glcd.o
 .bss           0x10002ae2        0x0 ./Source Files/lpc_system_init.o
 .bss           0x10002ae2        0x0 ./Source Files/main.o
 .bss           0x10002ae2        0x0 ./CM3 Core/core_cm3.o
 .bss           0x10002ae2        0x0 ./CM3 Core/system_LPC17xx.o
 .bss           0x10002ae2        0x0 ./startup_LPC17xx.o
 .bss           0x10002ae2        0x0 c:/program files/gnu tools arm embedded/4.7 2013q2/bin/../lib/gcc/arm-none-eabi/4.7.4/armv7-m\libgcc.a(_arm_addsubsf3.o)
 .bss           0x10002ae2        0x0 c:/program files/gnu tools arm embedded/4.7 2013q2/bin/../lib/gcc/arm-none-eabi/4.7.4/armv7-m\libgcc.a(_arm_cmpsf2.o)
 .bss           0x10002ae2        0x0 c:/program files/gnu tools arm embedded/4.7 2013q2/bin/../lib/gcc/arm-none-eabi/4.7.4/armv7-m\libgcc.a(_aeabi_uldivmod.o)
 .bss           0x10002ae2        0x0 c:/program files/gnu tools arm embedded/4.7 2013q2/bin/../lib/gcc/arm-none-eabi/4.7.4/armv7-m\libgcc.a(bpabi.o)
 .bss           0x10002ae2        0x0 c:/program files/gnu tools arm embedded/4.7 2013q2/bin/../lib/gcc/arm-none-eabi/4.7.4/armv7-m\libgcc.a(_dvmd_tls.o)
 .bss           0x10002ae2        0x0 c:/program files/gnu tools arm embedded/4.7 2013q2/bin/../lib/gcc/arm-none-eabi/4.7.4/armv7-m\libgcc.a(_divdi3.o)
 .bss           0x10002ae2        0x0 c:/program files/gnu tools arm embedded/4.7 2013q2/bin/../lib/gcc/arm-none-eabi/4.7.4/armv7-m\libgcc.a(_udivdi3.o)
 .bss           0x10002ae2        0x0 c:/program files/gnu tools arm embedded/4.7 2013q2/bin/../lib/gcc/arm-none-eabi/4.7.4/../../../../arm-none-eabi/lib/armv7-m\libg.a(lib_a-memset.o)
 *(COMMON)
 *fill*         0x10002ae2        0x2 00
 COMMON         0x10002ae4      0x399 ./Source Files/crc32.o
                0x10002ae4                gRxBuf
                0x10002b66                EscFlag
                0x10002b68                gTxBuf
                0x10002bec                rb
                0x10002dfc                Tx_Buf1
                0x10002e3c                Rx_Buf1
                0x10002e7c                TxIntStat
 *fill*         0x10002e7d        0x3 00
 COMMON         0x10002e80       0x24 ./Source Files/lpc17xx_can.o
                0x10002e80                RXMsg
                0x10002e90                FULLCAN_ENABLE
                0x10002e94                TXMsg
 COMMON         0x10002ea4       0x88 ./Source Files/lpc17xx_i2c.o
                0x10002ea4                I2C_Rx_Buf
                0x10002ee4                irqn
                0x10002ee5                I2C_Tx_Buf
                0x10002f28                regs
 COMMON         0x10002f2c        0x8 ./Source Files/lpc17xx_systick.o
                0x10002f2c                led_timer
                0x10002f30                delay_timer
 COMMON         0x10002f34        0x9 ./Source Files/lpc_global.o
                0x10002f34                CapVal
                0x10002f38                led_delay
                0x10002f3c                CapFlag
                0x10002f40                . = ALIGN (0x8)
 *fill*         0x10002f3d        0x3 00
 *(.ram.b)
                0x10002f40                . = ALIGN (0x4)
                0x10002f40                _ebss = .
                0x10002f40                _end = .
                0x10002f40                __end = .
                0x10002f40                PROVIDE (end, _ebss)
                0x10002f40                PROVIDE (_end, _ebss)
                0x10000000                PROVIDE (__bss_start__, _sbss)
                0x10002f40                PROVIDE (__bss_end__, _ebss)

._usrstack      0x10002f40      0x100 load address 0x00007208
                0x10002f40                . = ALIGN (0x4)
                0x10002f40                _susrstack = .
                0x10003040                . = (. + _Minimum_Stack_Size)
 *fill*         0x10002f40      0x100 00
                0x10003040                . = ALIGN (0x4)
                0x10003040                _eusrstack = .

.data           0x2007c000       0x10 load address 0x00007208
                0x2007c000                _sdata = .
                0x2007c000                . = ALIGN (0x80)
                0x00000000                _isr_vectorsram_offs = (. - 0x2007c000)
 *(.isr_vectorsram)
                0x2007c000                . = ALIGN (0x4)
 *(.jcr)
 *(.got.plt)
 *(.got)
 *(.shdata)
 *(.data .data.* .gnu.linkonce.d.*)
 .data          0x2007c000        0x0 ./Source Files/crc32.o
 .data          0x2007c000        0x0 ./Source Files/lpc17xx_can.o
 .data          0x2007c000        0x0 ./Source Files/lpc17xx_clkpwr.o
 .data          0x2007c000        0x0 ./Source Files/lpc17xx_emac.o
 .data          0x2007c000        0x0 ./Source Files/lpc17xx_gpio.o
 .data          0x2007c000        0x4 ./Source Files/lpc17xx_i2c.o
                0x2007c000                ignore_data_nack
 .data          0x2007c004        0x0 ./Source Files/lpc17xx_mcpwm.o
 .data          0x2007c004        0x0 ./Source Files/lpc17xx_nvic.o
 .data          0x2007c004        0x0 ./Source Files/lpc17xx_pinsel.o
 .data          0x2007c004        0x0 ./Source Files/lpc17xx_ssp.o
 .data          0x2007c004        0x0 ./Source Files/lpc17xx_systick.o
 .data          0x2007c004        0x0 ./Source Files/lpc17xx_uart.o
 .data          0x2007c004        0x0 ./Source Files/lpc17xx_wdt.o
 .data          0x2007c004        0x0 ./Source Files/lpc_global.o
 .data          0x2007c004        0x0 ./Source Files/lpc_i2c_tsc2004.o
 .data          0x2007c004        0x2 ./Source Files/lpc_ssp_glcd.o
 .data          0x2007c006        0x0 ./Source Files/lpc_system_init.o
 .data          0x2007c006        0x0 ./Source Files/main.o
 .data          0x2007c006        0x0 ./CM3 Core/core_cm3.o
 *fill*         0x2007c006        0x2 00
 .data          0x2007c008        0x4 ./CM3 Core/system_LPC17xx.o
                0x2007c008                SystemCoreClock
 .data          0x2007c00c        0x0 ./startup_LPC17xx.o
 .data          0x2007c00c        0x0 c:/program files/gnu tools arm embedded/4.7 2013q2/bin/../lib/gcc/arm-none-eabi/4.7.4/armv7-m\libgcc.a(_arm_addsubsf3.o)
 .data          0x2007c00c        0x0 c:/program files/gnu tools arm embedded/4.7 2013q2/bin/../lib/gcc/arm-none-eabi/4.7.4/armv7-m\libgcc.a(_arm_cmpsf2.o)
 .data          0x2007c00c        0x0 c:/program files/gnu tools arm embedded/4.7 2013q2/bin/../lib/gcc/arm-none-eabi/4.7.4/armv7-m\libgcc.a(_aeabi_uldivmod.o)
 .data          0x2007c00c        0x0 c:/program files/gnu tools arm embedded/4.7 2013q2/bin/../lib/gcc/arm-none-eabi/4.7.4/armv7-m\libgcc.a(bpabi.o)
 .data          0x2007c00c        0x0 c:/program files/gnu tools arm embedded/4.7 2013q2/bin/../lib/gcc/arm-none-eabi/4.7.4/armv7-m\libgcc.a(_dvmd_tls.o)
 .data          0x2007c00c        0x0 c:/program files/gnu tools arm embedded/4.7 2013q2/bin/../lib/gcc/arm-none-eabi/4.7.4/armv7-m\libgcc.a(_divdi3.o)
 .data          0x2007c00c        0x0 c:/program files/gnu tools arm embedded/4.7 2013q2/bin/../lib/gcc/arm-none-eabi/4.7.4/armv7-m\libgcc.a(_udivdi3.o)
 .data          0x2007c00c        0x0 c:/program files/gnu tools arm embedded/4.7 2013q2/bin/../lib/gcc/arm-none-eabi/4.7.4/../../../../arm-none-eabi/lib/armv7-m\libg.a(lib_a-memset.o)
                0x2007c010                . = ALIGN (0x8)
 *fill*         0x2007c00c        0x4 00
 *(.ram)
 *(.ramfunc*)
                0x2007c010                . = ALIGN (0x4)
                0x2007c010                _edata = .

.igot.plt       0x2007c010        0x0 load address 0x00007218
 .igot.plt      0x00000000        0x0 ./Source Files/crc32.o

.bss_ahb        0x2007c010        0x0 load address 0x00007218
                0x2007c010                . = ALIGN (0x4)
                0x2007c010                _sbss_ahb = .
 *(.shbss_ahb)
 *(.bss_ahb .bss_ahb.* .gnu.linkonce.b.*)
                0x2007c010                . = ALIGN (0x8)
 *(.ram_ahb.b)
                0x2007c010                . = ALIGN (0x4)
                0x2007c010                _ebss_ahb = .
                0x2007c010                _end_ahb = .
                0x2007c010                __end_ahb = .
                0x2007c010                PROVIDE (end_ahb, _ebss_ahb)
                0x2007c010                PROVIDE (_end_ahb, _ebss_ahb)
                0x2007c010                PROVIDE (__bss_ahb_start__, _sbss_ahb)
                0x2007c010                PROVIDE (__bss_ahb_end__, _ebss_ahb)

/DISCARD/
 libc.a(*)
 libm.a(*)
 libgcc.a(*)

.stab
 *(.stab)

.stabstr
 *(.stabstr)

.stab.excl
 *(.stab.excl)

.stab.exclstr
 *(.stab.exclstr)

.stab.index
 *(.stab.index)

.stab.indexstr
 *(.stab.indexstr)

.comment        0x00000000       0x70
 *(.comment)
 .comment       0x00000000       0x70 ./Source Files/crc32.o
                                 0x71 (size before relaxing)
 .comment       0x00000000       0x71 ./Source Files/lpc17xx_can.o
 .comment       0x00000000       0x71 ./Source Files/lpc17xx_clkpwr.o
 .comment       0x00000000       0x71 ./Source Files/lpc17xx_emac.o
 .comment       0x00000000       0x71 ./Source Files/lpc17xx_gpio.o
 .comment       0x00000000       0x71 ./Source Files/lpc17xx_i2c.o
 .comment       0x00000000       0x71 ./Source Files/lpc17xx_mcpwm.o
 .comment       0x00000000       0x71 ./Source Files/lpc17xx_nvic.o
 .comment       0x00000000       0x71 ./Source Files/lpc17xx_pinsel.o
 .comment       0x00000000       0x71 ./Source Files/lpc17xx_ssp.o
 .comment       0x00000000       0x71 ./Source Files/lpc17xx_systick.o
 .comment       0x00000000       0x71 ./Source Files/lpc17xx_uart.o
 .comment       0x00000000       0x71 ./Source Files/lpc17xx_wdt.o
 .comment       0x00000000       0x71 ./Source Files/lpc_global.o
 .comment       0x00000000       0x71 ./Source Files/lpc_i2c_tsc2004.o
 .comment       0x00000000       0x71 ./Source Files/lpc_ssp_glcd.o
 .comment       0x00000000       0x71 ./Source Files/lpc_system_init.o
 .comment       0x00000000       0x71 ./Source Files/main.o
 .comment       0x00000000       0x71 ./CM3 Core/core_cm3.o
 .comment       0x00000000       0x71 ./CM3 Core/system_LPC17xx.o
 .comment       0x00000000       0x71 ./startup_LPC17xx.o

.ARM.attributes
                0x00000000       0x33
 .ARM.attributes
                0x00000000       0x33 ./Source Files/crc32.o
 .ARM.attributes
                0x00000033       0x33 ./Source Files/lpc17xx_can.o
 .ARM.attributes
                0x00000066       0x33 ./Source Files/lpc17xx_clkpwr.o
 .ARM.attributes
                0x00000099       0x33 ./Source Files/lpc17xx_emac.o
 .ARM.attributes
                0x000000cc       0x33 ./Source Files/lpc17xx_gpio.o
 .ARM.attributes
                0x000000ff       0x33 ./Source Files/lpc17xx_i2c.o
 .ARM.attributes
                0x00000132       0x33 ./Source Files/lpc17xx_mcpwm.o
 .ARM.attributes
                0x00000165       0x33 ./Source Files/lpc17xx_nvic.o
 .ARM.attributes
                0x00000198       0x33 ./Source Files/lpc17xx_pinsel.o
 .ARM.attributes
                0x000001cb       0x33 ./Source Files/lpc17xx_ssp.o
 .ARM.attributes
                0x000001fe       0x33 ./Source Files/lpc17xx_systick.o
 .ARM.attributes
                0x00000231       0x33 ./Source Files/lpc17xx_uart.o
 .ARM.attributes
                0x00000264       0x33 ./Source Files/lpc17xx_wdt.o
 .ARM.attributes
                0x00000297       0x33 ./Source Files/lpc_global.o
 .ARM.attributes
                0x000002ca       0x33 ./Source Files/lpc_i2c_tsc2004.o
 .ARM.attributes
                0x000002fd       0x33 ./Source Files/lpc_ssp_glcd.o
 .ARM.attributes
                0x00000330       0x33 ./Source Files/lpc_system_init.o
 .ARM.attributes
                0x00000363       0x33 ./Source Files/main.o
 .ARM.attributes
                0x00000396       0x33 ./CM3 Core/core_cm3.o
 .ARM.attributes
                0x000003c9       0x33 ./CM3 Core/system_LPC17xx.o
 .ARM.attributes
                0x000003fc       0x33 ./startup_LPC17xx.o
 .ARM.attributes
                0x0000042f       0x1d c:/program files/gnu tools arm embedded/4.7 2013q2/bin/../lib/gcc/arm-none-eabi/4.7.4/armv7-m\libgcc.a(_arm_addsubsf3.o)
 .ARM.attributes
                0x0000044c       0x1d c:/program files/gnu tools arm embedded/4.7 2013q2/bin/../lib/gcc/arm-none-eabi/4.7.4/armv7-m\libgcc.a(_arm_cmpsf2.o)
 .ARM.attributes
                0x00000469       0x1d c:/program files/gnu tools arm embedded/4.7 2013q2/bin/../lib/gcc/arm-none-eabi/4.7.4/armv7-m\libgcc.a(_aeabi_uldivmod.o)
 .ARM.attributes
                0x00000486       0x2d c:/program files/gnu tools arm embedded/4.7 2013q2/bin/../lib/gcc/arm-none-eabi/4.7.4/armv7-m\libgcc.a(bpabi.o)
 .ARM.attributes
                0x000004b3       0x1d c:/program files/gnu tools arm embedded/4.7 2013q2/bin/../lib/gcc/arm-none-eabi/4.7.4/armv7-m\libgcc.a(_dvmd_tls.o)
 .ARM.attributes
                0x000004d0       0x2d c:/program files/gnu tools arm embedded/4.7 2013q2/bin/../lib/gcc/arm-none-eabi/4.7.4/armv7-m\libgcc.a(_divdi3.o)
 .ARM.attributes
                0x000004fd       0x2d c:/program files/gnu tools arm embedded/4.7 2013q2/bin/../lib/gcc/arm-none-eabi/4.7.4/armv7-m\libgcc.a(_udivdi3.o)
 .ARM.attributes
                0x0000052a       0x2d c:/program files/gnu tools arm embedded/4.7 2013q2/bin/../lib/gcc/arm-none-eabi/4.7.4/../../../../arm-none-eabi/lib/armv7-m\libg.a(lib_a-memset.o)

.debug
 *(.debug)

.line
 *(.line)

.debug_srcinfo
 *(.debug_srcinfo)

.debug_sfnames
 *(.debug_sfnames)

.debug_aranges  0x00000000      0x290
 *(.debug_aranges)
 .debug_aranges
                0x00000000       0x20 ./Source Files/crc32.o
 .debug_aranges
                0x00000020       0x20 ./Source Files/lpc17xx_can.o
 .debug_aranges
                0x00000040       0x20 ./Source Files/lpc17xx_clkpwr.o
 .debug_aranges
                0x00000060       0x20 ./Source Files/lpc17xx_emac.o
 .debug_aranges
                0x00000080       0x20 ./Source Files/lpc17xx_gpio.o
 .debug_aranges
                0x000000a0       0x20 ./Source Files/lpc17xx_i2c.o
 .debug_aranges
                0x000000c0       0x20 ./Source Files/lpc17xx_mcpwm.o
 .debug_aranges
                0x000000e0       0x20 ./Source Files/lpc17xx_nvic.o
 .debug_aranges
                0x00000100       0x20 ./Source Files/lpc17xx_pinsel.o
 .debug_aranges
                0x00000120       0x20 ./Source Files/lpc17xx_ssp.o
 .debug_aranges
                0x00000140       0x20 ./Source Files/lpc17xx_systick.o
 .debug_aranges
                0x00000160       0x20 ./Source Files/lpc17xx_uart.o
 .debug_aranges
                0x00000180       0x20 ./Source Files/lpc17xx_wdt.o
 .debug_aranges
                0x000001a0       0x18 ./Source Files/lpc_global.o
 .debug_aranges
                0x000001b8       0x20 ./Source Files/lpc_i2c_tsc2004.o
 .debug_aranges
                0x000001d8       0x20 ./Source Files/lpc_ssp_glcd.o
 .debug_aranges
                0x000001f8       0x20 ./Source Files/lpc_system_init.o
 .debug_aranges
                0x00000218       0x20 ./Source Files/main.o
 .debug_aranges
                0x00000238       0x18 ./CM3 Core/core_cm3.o
 .debug_aranges
                0x00000250       0x20 ./CM3 Core/system_LPC17xx.o
 .debug_aranges
                0x00000270       0x20 ./startup_LPC17xx.o

.debug_pubnames
 *(.debug_pubnames)

.debug_info     0x00000000     0xfe6f
 *(.debug_info .gnu.linkonce.wi.*)
 .debug_info    0x00000000      0x392 ./Source Files/crc32.o
 .debug_info    0x00000392     0x1bd3 ./Source Files/lpc17xx_can.o
 .debug_info    0x00001f65      0x6c8 ./Source Files/lpc17xx_clkpwr.o
 .debug_info    0x0000262d     0x1f98 ./Source Files/lpc17xx_emac.o
 .debug_info    0x000045c5      0xfef ./Source Files/lpc17xx_gpio.o
 .debug_info    0x000055b4     0x1474 ./Source Files/lpc17xx_i2c.o
 .debug_info    0x00006a28     0x11c3 ./Source Files/lpc17xx_mcpwm.o
 .debug_info    0x00007beb      0x3f8 ./Source Files/lpc17xx_nvic.o
 .debug_info    0x00007fe3      0x542 ./Source Files/lpc17xx_pinsel.o
 .debug_info    0x00008525      0xe1f ./Source Files/lpc17xx_ssp.o
 .debug_info    0x00009344      0x73e ./Source Files/lpc17xx_systick.o
 .debug_info    0x00009a82     0x28e6 ./Source Files/lpc17xx_uart.o
 .debug_info    0x0000c368      0x43a ./Source Files/lpc17xx_wdt.o
 .debug_info    0x0000c7a2      0x213 ./Source Files/lpc_global.o
 .debug_info    0x0000c9b5      0xb39 ./Source Files/lpc_i2c_tsc2004.o
 .debug_info    0x0000d4ee     0x1669 ./Source Files/lpc_ssp_glcd.o
 .debug_info    0x0000eb57      0xa1f ./Source Files/lpc_system_init.o
 .debug_info    0x0000f576      0x3a3 ./Source Files/main.o
 .debug_info    0x0000f919       0x68 ./CM3 Core/core_cm3.o
 .debug_info    0x0000f981      0x379 ./CM3 Core/system_LPC17xx.o
 .debug_info    0x0000fcfa      0x175 ./startup_LPC17xx.o

.debug_abbrev   0x00000000     0x328f
 *(.debug_abbrev)
 .debug_abbrev  0x00000000      0x1f6 ./Source Files/crc32.o
 .debug_abbrev  0x000001f6      0x47e ./Source Files/lpc17xx_can.o
 .debug_abbrev  0x00000674      0x1b6 ./Source Files/lpc17xx_clkpwr.o
 .debug_abbrev  0x0000082a      0x4a5 ./Source Files/lpc17xx_emac.o
 .debug_abbrev  0x00000ccf      0x2a7 ./Source Files/lpc17xx_gpio.o
 .debug_abbrev  0x00000f76      0x413 ./Source Files/lpc17xx_i2c.o
 .debug_abbrev  0x00001389      0x31e ./Source Files/lpc17xx_mcpwm.o
 .debug_abbrev  0x000016a7       0xf1 ./Source Files/lpc17xx_nvic.o
 .debug_abbrev  0x00001798      0x19f ./Source Files/lpc17xx_pinsel.o
 .debug_abbrev  0x00001937      0x3ae ./Source Files/lpc17xx_ssp.o
 .debug_abbrev  0x00001ce5      0x239 ./Source Files/lpc17xx_systick.o
 .debug_abbrev  0x00001f1e      0x4d2 ./Source Files/lpc17xx_uart.o
 .debug_abbrev  0x000023f0      0x22b ./Source Files/lpc17xx_wdt.o
 .debug_abbrev  0x0000261b       0x8b ./Source Files/lpc_global.o
 .debug_abbrev  0x000026a6      0x257 ./Source Files/lpc_i2c_tsc2004.o
 .debug_abbrev  0x000028fd      0x393 ./Source Files/lpc_ssp_glcd.o
 .debug_abbrev  0x00002c90      0x278 ./Source Files/lpc_system_init.o
 .debug_abbrev  0x00002f08      0x16f ./Source Files/main.o
 .debug_abbrev  0x00003077       0x29 ./CM3 Core/core_cm3.o
 .debug_abbrev  0x000030a0       0xd7 ./CM3 Core/system_LPC17xx.o
 .debug_abbrev  0x00003177      0x118 ./startup_LPC17xx.o

.debug_line     0x00000000     0x662a
 *(.debug_line)
 .debug_line    0x00000000      0x42a ./Source Files/crc32.o
 .debug_line    0x0000042a      0xb3a ./Source Files/lpc17xx_can.o
 .debug_line    0x00000f64      0x3c8 ./Source Files/lpc17xx_clkpwr.o
 .debug_line    0x0000132c      0x746 ./Source Files/lpc17xx_emac.o
 .debug_line    0x00001a72      0x4c5 ./Source Files/lpc17xx_gpio.o
 .debug_line    0x00001f37      0x781 ./Source Files/lpc17xx_i2c.o
 .debug_line    0x000026b8      0x621 ./Source Files/lpc17xx_mcpwm.o
 .debug_line    0x00002cd9      0x37e ./Source Files/lpc17xx_nvic.o
 .debug_line    0x00003057      0x381 ./Source Files/lpc17xx_pinsel.o
 .debug_line    0x000033d8      0x60d ./Source Files/lpc17xx_ssp.o
 .debug_line    0x000039e5      0x459 ./Source Files/lpc17xx_systick.o
 .debug_line    0x00003e3e      0x84f ./Source Files/lpc17xx_uart.o
 .debug_line    0x0000468d      0x3c3 ./Source Files/lpc17xx_wdt.o
 .debug_line    0x00004a50      0x319 ./Source Files/lpc_global.o
 .debug_line    0x00004d69      0x496 ./Source Files/lpc_i2c_tsc2004.o
 .debug_line    0x000051ff      0x60c ./Source Files/lpc_ssp_glcd.o
 .debug_line    0x0000580b      0x41c ./Source Files/lpc_system_init.o
 .debug_line    0x00005c27      0x3f3 ./Source Files/main.o
 .debug_line    0x0000601a      0x25e ./CM3 Core/core_cm3.o
 .debug_line    0x00006278      0x33a ./CM3 Core/system_LPC17xx.o
 .debug_line    0x000065b2       0x78 ./startup_LPC17xx.o

.debug_frame    0x00000000     0x1988
 *(.debug_frame)
 .debug_frame   0x00000000       0x74 ./Source Files/crc32.o
 .debug_frame   0x00000074      0x27c ./Source Files/lpc17xx_can.o
 .debug_frame   0x000002f0       0xa8 ./Source Files/lpc17xx_clkpwr.o
 .debug_frame   0x00000398      0x338 ./Source Files/lpc17xx_emac.o
 .debug_frame   0x000006d0      0x1e0 ./Source Files/lpc17xx_gpio.o
 .debug_frame   0x000008b0      0x1e0 ./Source Files/lpc17xx_i2c.o
 .debug_frame   0x00000a90      0x180 ./Source Files/lpc17xx_mcpwm.o
 .debug_frame   0x00000c10       0x40 ./Source Files/lpc17xx_nvic.o
 .debug_frame   0x00000c50       0x50 ./Source Files/lpc17xx_pinsel.o
 .debug_frame   0x00000ca0      0x1a8 ./Source Files/lpc17xx_ssp.o
 .debug_frame   0x00000e48       0xcc ./Source Files/lpc17xx_systick.o
 .debug_frame   0x00000f14      0x460 ./Source Files/lpc17xx_uart.o
 .debug_frame   0x00001374       0xc8 ./Source Files/lpc17xx_wdt.o
 .debug_frame   0x0000143c       0xdc ./Source Files/lpc_i2c_tsc2004.o
 .debug_frame   0x00001518      0x298 ./Source Files/lpc_ssp_glcd.o
 .debug_frame   0x000017b0       0x3c ./Source Files/lpc_system_init.o
 .debug_frame   0x000017ec       0x2c ./Source Files/main.o
 .debug_frame   0x00001818       0x3c ./CM3 Core/system_LPC17xx.o
 .debug_frame   0x00001854       0x50 ./startup_LPC17xx.o
 .debug_frame   0x000018a4       0x50 c:/program files/gnu tools arm embedded/4.7 2013q2/bin/../lib/gcc/arm-none-eabi/4.7.4/armv7-m\libgcc.a(bpabi.o)
 .debug_frame   0x000018f4       0x34 c:/program files/gnu tools arm embedded/4.7 2013q2/bin/../lib/gcc/arm-none-eabi/4.7.4/armv7-m\libgcc.a(_divdi3.o)
 .debug_frame   0x00001928       0x34 c:/program files/gnu tools arm embedded/4.7 2013q2/bin/../lib/gcc/arm-none-eabi/4.7.4/armv7-m\libgcc.a(_udivdi3.o)
 .debug_frame   0x0000195c       0x2c c:/program files/gnu tools arm embedded/4.7 2013q2/bin/../lib/gcc/arm-none-eabi/4.7.4/../../../../arm-none-eabi/lib/armv7-m\libg.a(lib_a-memset.o)

.debug_str      0x00000000    0x16cf8
 *(.debug_str)
 .debug_str     0x00000000     0xdba4 ./Source Files/crc32.o
                               0xdd10 (size before relaxing)
 .debug_str     0x0000dba4     0x2522 ./Source Files/lpc17xx_can.o
                               0xe52f (size before relaxing)
 .debug_str     0x000100c6      0x1f9 ./Source Files/lpc17xx_clkpwr.o
                               0x89f8 (size before relaxing)
 .debug_str     0x000102bf      0x758 ./Source Files/lpc17xx_emac.o
                               0xe7f9 (size before relaxing)
 .debug_str     0x00010a17      0x43e ./Source Files/lpc17xx_gpio.o
                               0xc41e (size before relaxing)
 .debug_str     0x00010e55      0xd66 ./Source Files/lpc17xx_i2c.o
                               0xd07e (size before relaxing)
 .debug_str     0x00011bbb      0xe3e ./Source Files/lpc17xx_mcpwm.o
                               0xd171 (size before relaxing)
 .debug_str     0x000129f9       0x68 ./Source Files/lpc17xx_nvic.o
                               0x767b (size before relaxing)
 .debug_str     0x00012a61      0x1f3 ./Source Files/lpc17xx_pinsel.o
                               0x7c70 (size before relaxing)
 .debug_str     0x00012c54      0x2a6 ./Source Files/lpc17xx_ssp.o
                               0xc36b (size before relaxing)
 .debug_str     0x00012efa      0x11a ./Source Files/lpc17xx_systick.o
                               0xc23e (size before relaxing)
 .debug_str     0x00013014      0xab4 ./Source Files/lpc17xx_uart.o
                               0xb64f (size before relaxing)
 .debug_str     0x00013ac8      0x174 ./Source Files/lpc17xx_wdt.o
                               0x90aa (size before relaxing)
 .debug_str     0x00013c3c       0x2c ./Source Files/lpc_global.o
                               0x764b (size before relaxing)
 .debug_str     0x00013c68      0x627 ./Source Files/lpc_i2c_tsc2004.o
                               0xd09b (size before relaxing)
 .debug_str     0x0001428f     0x21fb ./Source Files/lpc_ssp_glcd.o
                               0xe2f9 (size before relaxing)
 .debug_str     0x0001648a       0x43 ./Source Files/lpc_system_init.o
                               0xc37e (size before relaxing)
 .debug_str     0x000164cd       0x1c ./Source Files/main.o
                               0xc008 (size before relaxing)
 .debug_str     0x000164e9       0x17 ./CM3 Core/core_cm3.o
                               0x2f3a (size before relaxing)
 .debug_str     0x00016500      0x708 ./CM3 Core/system_LPC17xx.o
                               0x78ac (size before relaxing)
 .debug_str     0x00016c08       0xf0 ./startup_LPC17xx.o
                               0x23a4 (size before relaxing)

.debug_loc      0x00000000     0x8b40
 *(.debug_loc)
 .debug_loc     0x00000000      0x15a ./Source Files/crc32.o
 .debug_loc     0x0000015a     0x2ee6 ./Source Files/lpc17xx_can.o
 .debug_loc     0x00003040      0x1d9 ./Source Files/lpc17xx_clkpwr.o
 .debug_loc     0x00003219      0xac0 ./Source Files/lpc17xx_emac.o
 .debug_loc     0x00003cd9      0xb21 ./Source Files/lpc17xx_gpio.o
 .debug_loc     0x000047fa      0xc66 ./Source Files/lpc17xx_i2c.o
 .debug_loc     0x00005460      0x659 ./Source Files/lpc17xx_mcpwm.o
 .debug_loc     0x00005ab9       0x35 ./Source Files/lpc17xx_nvic.o
 .debug_loc     0x00005aee      0x23c ./Source Files/lpc17xx_pinsel.o
 .debug_loc     0x00005d2a      0x84b ./Source Files/lpc17xx_ssp.o
 .debug_loc     0x00006575      0x13d ./Source Files/lpc17xx_systick.o
 .debug_loc     0x000066b2     0x15b2 ./Source Files/lpc17xx_uart.o
 .debug_loc     0x00007c64      0x302 ./Source Files/lpc17xx_wdt.o
 .debug_loc     0x00007f66      0x2e6 ./Source Files/lpc_i2c_tsc2004.o
 .debug_loc     0x0000824c      0x856 ./Source Files/lpc_ssp_glcd.o
 .debug_loc     0x00008aa2       0x20 ./Source Files/lpc_system_init.o
 .debug_loc     0x00008ac2       0x20 ./Source Files/main.o
 .debug_loc     0x00008ae2       0x20 ./CM3 Core/system_LPC17xx.o
 .debug_loc     0x00008b02       0x3e ./startup_LPC17xx.o

.debug_macinfo
 *(.debug_macinfo)

.debug_weaknames
 *(.debug_weaknames)

.debug_funcnames
 *(.debug_funcnames)

.debug_typenames
 *(.debug_typenames)

.debug_varnames
 *(.debug_varnames)
OUTPUT(Eg8_TFT.elf elf32-littlearm)

.debug_macro    0x00000000     0x53ad
 .debug_macro   0x00000000      0x134 ./Source Files/crc32.o
 .debug_macro   0x00000134      0x80e ./Source Files/crc32.o
 .debug_macro   0x00000942       0x1c ./Source Files/crc32.o
 .debug_macro   0x0000095e       0x2e ./Source Files/crc32.o
 .debug_macro   0x0000098c       0x3a ./Source Files/crc32.o
 .debug_macro   0x000009c6       0x10 ./Source Files/crc32.o
 .debug_macro   0x000009d6       0x2e ./Source Files/crc32.o
 .debug_macro   0x00000a04       0xa3 ./Source Files/crc32.o
 .debug_macro   0x00000aa7      0x20e ./Source Files/crc32.o
 .debug_macro   0x00000cb5       0x18 ./Source Files/crc32.o
 .debug_macro   0x00000ccd      0x7af ./Source Files/crc32.o
 .debug_macro   0x0000147c      0x2d5 ./Source Files/crc32.o
 .debug_macro   0x00001751      0x10f ./Source Files/crc32.o
 .debug_macro   0x00001860      0x146 ./Source Files/crc32.o
 .debug_macro   0x000019a6      0x2f8 ./Source Files/crc32.o
 .debug_macro   0x00001c9e       0x4c ./Source Files/crc32.o
 .debug_macro   0x00001cea       0x46 ./Source Files/crc32.o
 .debug_macro   0x00001d30       0x70 ./Source Files/crc32.o
 .debug_macro   0x00001da0       0x58 ./Source Files/crc32.o
 .debug_macro   0x00001df8      0x3e3 ./Source Files/crc32.o
 .debug_macro   0x000021db      0x2af ./Source Files/crc32.o
 .debug_macro   0x0000248a       0x94 ./Source Files/crc32.o
 .debug_macro   0x0000251e      0x6c4 ./Source Files/crc32.o
 .debug_macro   0x00002be2      0x12a ./Source Files/lpc17xx_can.o
 .debug_macro   0x00002d0c      0x451 ./Source Files/lpc17xx_can.o
 .debug_macro   0x0000315d       0xb5 ./Source Files/lpc17xx_clkpwr.o
 .debug_macro   0x00003212      0x2f2 ./Source Files/lpc17xx_clkpwr.o
 .debug_macro   0x00003504      0x14e ./Source Files/lpc17xx_emac.o
 .debug_macro   0x00003652      0x11f ./Source Files/lpc17xx_gpio.o
 .debug_macro   0x00003771      0x12a ./Source Files/lpc17xx_i2c.o
 .debug_macro   0x0000389b      0x19f ./Source Files/lpc17xx_i2c.o
 .debug_macro   0x00003a3a      0x124 ./Source Files/lpc17xx_mcpwm.o
 .debug_macro   0x00003b5e      0x137 ./Source Files/lpc17xx_mcpwm.o
 .debug_macro   0x00003c95       0xb6 ./Source Files/lpc17xx_nvic.o
 .debug_macro   0x00003d4b       0xb5 ./Source Files/lpc17xx_pinsel.o
 .debug_macro   0x00003e00      0x140 ./Source Files/lpc17xx_pinsel.o
 .debug_macro   0x00003f40      0x125 ./Source Files/lpc17xx_ssp.o
 .debug_macro   0x00004065       0x8e ./Source Files/lpc17xx_ssp.o
 .debug_macro   0x000040f3      0x11b ./Source Files/lpc17xx_systick.o
 .debug_macro   0x0000420e       0xda ./Source Files/lpc17xx_uart.o
 .debug_macro   0x000042e8       0xc7 ./Source Files/lpc17xx_wdt.o
 .debug_macro   0x000043af       0x6a ./Source Files/lpc17xx_wdt.o
 .debug_macro   0x00004419       0xa6 ./Source Files/lpc_global.o
 .debug_macro   0x000044bf      0x133 ./Source Files/lpc_i2c_tsc2004.o
 .debug_macro   0x000045f2      0x1a5 ./Source Files/lpc_i2c_tsc2004.o
 .debug_macro   0x00004797       0xe8 ./Source Files/lpc_i2c_tsc2004.o
 .debug_macro   0x0000487f      0x18f ./Source Files/lpc_ssp_glcd.o
 .debug_macro   0x00004a0e       0x3a ./Source Files/lpc_ssp_glcd.o
 .debug_macro   0x00004a48       0x52 ./Source Files/lpc_ssp_glcd.o
 .debug_macro   0x00004a9a       0x19 ./Source Files/lpc_ssp_glcd.o
 .debug_macro   0x00004ab3      0x16d ./Source Files/lpc_ssp_glcd.o
 .debug_macro   0x00004c20      0x1da ./Source Files/lpc_ssp_glcd.o
 .debug_macro   0x00004dfa       0x16 ./Source Files/lpc_ssp_glcd.o
 .debug_macro   0x00004e10      0x11b ./Source Files/lpc_system_init.o
 .debug_macro   0x00004f2b      0x11b ./Source Files/main.o
 .debug_macro   0x00005046       0x70 ./CM3 Core/core_cm3.o
 .debug_macro   0x000050b6      0x2d4 ./CM3 Core/system_LPC17xx.o
 .debug_macro   0x0000538a       0x23 ./startup_LPC17xx.o

.debug_ranges   0x00000000      0x570
 .debug_ranges  0x00000000       0xb8 ./Source Files/lpc17xx_can.o
 .debug_ranges  0x000000b8      0x110 ./Source Files/lpc17xx_emac.o
 .debug_ranges  0x000001c8       0xa8 ./Source Files/lpc17xx_i2c.o
 .debug_ranges  0x00000270       0x78 ./Source Files/lpc17xx_mcpwm.o
 .debug_ranges  0x000002e8       0x60 ./Source Files/lpc17xx_pinsel.o
 .debug_ranges  0x00000348       0x88 ./Source Files/lpc17xx_ssp.o
 .debug_ranges  0x000003d0      0x160 ./Source Files/lpc17xx_uart.o
 .debug_ranges  0x00000530       0x30 ./Source Files/lpc_system_init.o
 .debug_ranges  0x00000560       0x10 ./Source Files/main.o
