Archive member included because of file (symbol)

c:/program files (x86)/gnu tools arm embedded/4.7 2013q2/bin/../lib/gcc/arm-none-eabi/4.7.4/armv7-m\libgcc.a(_arm_addsubdf3.o)
                              ./Source Files/main.o (__aeabi_ui2d)
c:/program files (x86)/gnu tools arm embedded/4.7 2013q2/bin/../lib/gcc/arm-none-eabi/4.7.4/armv7-m\libgcc.a(_arm_muldivdf3.o)
                              ./Source Files/main.o (__aeabi_ddiv)
c:/program files (x86)/gnu tools arm embedded/4.7 2013q2/bin/../lib/gcc/arm-none-eabi/4.7.4/armv7-m\libgcc.a(_arm_fixunsdfsi.o)
                              ./Source Files/main.o (__aeabi_d2uiz)
c:/program files (x86)/gnu tools arm embedded/4.7 2013q2/bin/../lib/gcc/arm-none-eabi/4.7.4/armv7-m\libgcc.a(_arm_addsubsf3.o)
                              ./Source Files/lpc17xx_systick.o (__aeabi_ui2f)
c:/program files (x86)/gnu tools arm embedded/4.7 2013q2/bin/../lib/gcc/arm-none-eabi/4.7.4/armv7-m\libgcc.a(_arm_cmpsf2.o)
                              ./Source Files/lpc17xx_systick.o (__aeabi_fcmpgt)
c:/program files (x86)/gnu tools arm embedded/4.7 2013q2/bin/../lib/gcc/arm-none-eabi/4.7.4/armv7-m\libgcc.a(_aeabi_uldivmod.o)
                              ./Source Files/lpc17xx_uart.o (__aeabi_uldivmod)
c:/program files (x86)/gnu tools arm embedded/4.7 2013q2/bin/../lib/gcc/arm-none-eabi/4.7.4/armv7-m\libgcc.a(bpabi.o)
                              c:/program files (x86)/gnu tools arm embedded/4.7 2013q2/bin/../lib/gcc/arm-none-eabi/4.7.4/armv7-m\libgcc.a(_aeabi_uldivmod.o) (__gnu_uldivmod_helper)
c:/program files (x86)/gnu tools arm embedded/4.7 2013q2/bin/../lib/gcc/arm-none-eabi/4.7.4/armv7-m\libgcc.a(_dvmd_tls.o)
                              c:/program files (x86)/gnu tools arm embedded/4.7 2013q2/bin/../lib/gcc/arm-none-eabi/4.7.4/armv7-m\libgcc.a(_aeabi_uldivmod.o) (__aeabi_ldiv0)
c:/program files (x86)/gnu tools arm embedded/4.7 2013q2/bin/../lib/gcc/arm-none-eabi/4.7.4/armv7-m\libgcc.a(_divdi3.o)
                              c:/program files (x86)/gnu tools arm embedded/4.7 2013q2/bin/../lib/gcc/arm-none-eabi/4.7.4/armv7-m\libgcc.a(bpabi.o) (__divdi3)
c:/program files (x86)/gnu tools arm embedded/4.7 2013q2/bin/../lib/gcc/arm-none-eabi/4.7.4/armv7-m\libgcc.a(_udivdi3.o)
                              c:/program files (x86)/gnu tools arm embedded/4.7 2013q2/bin/../lib/gcc/arm-none-eabi/4.7.4/armv7-m\libgcc.a(bpabi.o) (__udivdi3)
c:/program files (x86)/gnu tools arm embedded/4.7 2013q2/bin/../lib/gcc/arm-none-eabi/4.7.4/../../../../arm-none-eabi/lib/armv7-m\libg.a(lib_a-memcpy.o)
                              ./Source Files/lpc_ssp_glcd.o (memcpy)
c:/program files (x86)/gnu tools arm embedded/4.7 2013q2/bin/../lib/gcc/arm-none-eabi/4.7.4/../../../../arm-none-eabi/lib/armv7-m\libg.a(lib_a-memset.o)
                              ./Source Files/lpc17xx_uart.o (memset)

Allocating common symbols
Common symbol       size              file

I2C_Rx_Buf          0x40              ./Source Files/lpc17xx_adc.o
irqn                0x1               ./Source Files/lpc17xx_i2c.o
EscFlag             0x2               ./Source Files/lpc17xx_adc.o
rb                  0x210             ./Source Files/lpc17xx_adc.o
led_timer           0x4               ./Source Files/lpc17xx_systick.o
I2C_Tx_Buf          0x40              ./Source Files/lpc17xx_adc.o
led_delay           0x4               ./Source Files/lpc_global.o
Tx_Buf1             0x40              ./Source Files/lpc17xx_adc.o
Rx_Buf1             0x40              ./Source Files/lpc17xx_adc.o
delay_timer         0x4               ./Source Files/lpc17xx_systick.o
TxIntStat           0x1               ./Source Files/lpc17xx_adc.o
regs                0x4               ./Source Files/lpc17xx_i2c.o

Discarded input sections

 .group         0x00000000        0x8 ./Source Files/lpc17xx_adc.o
 .group         0x00000000        0x8 ./Source Files/lpc17xx_adc.o
 .group         0x00000000        0x8 ./Source Files/lpc17xx_adc.o
 .group         0x00000000        0x8 ./Source Files/lpc17xx_adc.o
 .group         0x00000000        0x8 ./Source Files/lpc17xx_adc.o
 .group         0x00000000        0x8 ./Source Files/lpc17xx_adc.o
 .group         0x00000000        0x8 ./Source Files/lpc17xx_adc.o
 .group         0x00000000        0x8 ./Source Files/lpc17xx_adc.o
 .group         0x00000000        0x8 ./Source Files/lpc17xx_adc.o
 .group         0x00000000        0x8 ./Source Files/lpc17xx_adc.o
 .group         0x00000000        0x8 ./Source Files/lpc17xx_adc.o
 .group         0x00000000        0x8 ./Source Files/lpc17xx_adc.o
 .group         0x00000000        0x8 ./Source Files/lpc17xx_adc.o
 .group         0x00000000        0x8 ./Source Files/lpc17xx_adc.o
 .group         0x00000000        0x8 ./Source Files/lpc17xx_adc.o
 .group         0x00000000        0x8 ./Source Files/lpc17xx_adc.o
 .group         0x00000000        0x8 ./Source Files/lpc17xx_adc.o
[...]
Memory Configuration

Name             Origin             Length             Attributes
RAM              0x10000000         0x00008000         xrw
RAMAHB           0x2007c000         0x00008000         xrw
FLASH            0x00000000         0x00080000         xr
*default*        0x00000000         0xffffffff

Linker script and memory map

LOAD ./Source Files/lpc17xx_adc.o
LOAD ./Source Files/lpc17xx_clkpwr.o
LOAD ./Source Files/lpc17xx_gpio.o
LOAD ./Source Files/lpc17xx_i2c.o
LOAD ./Source Files/lpc17xx_nvic.o
LOAD ./Source Files/lpc17xx_pinsel.o
LOAD ./Source Files/lpc17xx_ssp.o
LOAD ./Source Files/lpc17xx_systick.o
LOAD ./Source Files/lpc17xx_uart.o
LOAD ./Source Files/lpc17xx_wdt.o
LOAD ./Source Files/lpc_global.o
LOAD ./Source Files/lpc_i2c_tsc2004.o
LOAD ./Source Files/lpc_ssp_glcd.o
LOAD ./Source Files/lpc_system_init.o
LOAD ./Source Files/main.o
LOAD ./CM3 Core/core_cm3.o
LOAD ./CM3 Core/system_LPC17xx.o
LOAD ./startup_LPC17xx.o
START GROUP
LOAD c:/program files (x86)/gnu tools arm embedded/4.7 2013q2/bin/../lib/gcc/arm-none-eabi/4.7.4/armv7-m\libgcc.a
LOAD c:/program files (x86)/gnu tools arm embedded/4.7 2013q2/bin/../lib/gcc/arm-none-eabi/4.7.4/../../../../arm-none-eabi/lib/armv7-m\libg.a
LOAD c:/program files (x86)/gnu tools arm embedded/4.7 2013q2/bin/../lib/gcc/arm-none-eabi/4.7.4/../../../../arm-none-eabi/lib/armv7-m\libc.a
END GROUP
                0x10008000                _estack = 0x10008000
                0x000007d0                __Stack_Size = 0x7d0
                0x000007d0                PROVIDE (_Stack_Size, __Stack_Size)
                0x10007830                __Stack_Init = (_estack - __Stack_Size)
                0x10007830                PROVIDE (_Stack_Init, __Stack_Init)
                0x00000100                _Minimum_Stack_Size = 0x100

.mios32_bsl     0x00000000        0x0
                0x00000000                . = ALIGN (0x4)
 *(.mios32_bsl)
                0x00000000                . = ALIGN (0x4)

.isr_vector     0x00000000       0xcc
                0x00000000                _mios32_sys_isr_vector = .
                0x00000000                . = ALIGN (0x4)
 *(.isr_vector)
 .isr_vector    0x00000000       0xcc ./startup_LPC17xx.o
                0x00000000                g_pfnVectors
                0x000000cc                . = ALIGN (0x4)
                0x00000000                PROVIDE (mios32_sys_isr_vector, _mios32_sys_isr_vector)

.flashtext      0x000000cc        0x0
                0x000000cc                . = ALIGN (0x4)
 *(.flashtext)
                0x000000cc                . = ALIGN (0x4)

.text           0x000000d0     0x512c
                0x000000d0                . = ALIGN (0x4)
 CREATE_OBJECT_SYMBOLS
 *(.text .text.* .gnu.linkonce.t.*)
 .text          0x000000d0      0x25c ./Source Files/lpc17xx_adc.o
                0x000000d0                ADC_Init
                0x000000fe                ADC_DeInit
                0x00000110                ADC_GetData
                0x00000120                ADC_StartCmd
                0x00000132                ADC_BurstCmd
                0x00000146                ADC_PowerdownCmd
                0x0000015a                ADC_EdgeStartConfig
                0x0000016e                ADC_IntConfig
                0x00000188                ADC_Channel_Config
                0x000002a8                ADC_Config
                0x000002cc                ADC_ChannelCmd
                0x000002ea                ADC_ChannelGetData
                0x000002f6                ADC_ChannelGetStatus
                0x00000310                ADC_GlobalGetData
                0x00000314                ADC_GlobalGetStatus
 .text          0x0000032c      0x12c ./Source Files/lpc17xx_clkpwr.o
                0x0000032c                CLKPWR_SetPCLKDiv
                0x00000380                CLKPWR_GetPCLKSEL
                0x000003a0                CLKPWR_GetPCLK
                0x000003c0                CLKPWR_ConfigPPWR
                0x000003f4                CLKPWR_Sleep
                0x00000404                CLKPWR_DeepSleep
                0x00000420                CLKPWR_PowerDown
                0x0000043c                CLKPWR_DeepPowerDown
 .text          0x00000458      0x2bc ./Source Files/lpc17xx_gpio.o
                0x00000458                EINT3_IRQHandler
                0x0000045a                GPIO_SetDir
                0x0000047c                GPIO_SetValue
                0x00000490                GPIO_ClearValue
                0x000004a4                GPIO_ReadValue
                0x000004bc                GPIO_IntCmd
                0x000004ec                GPIO_GetIntStatus
                0x00000524                GPIO_ClearInt
                0x0000053c                FIO_SetDir
                0x00000540                FIO_SetValue
                0x00000544                FIO_ClearValue
                0x00000548                FIO_ReadValue
                0x0000054c                FIO_IntCmd
                0x00000550                FIO_GetIntStatus
                0x00000554                FIO_ClearInt
                0x00000558                FIO_SetMask
                0x0000057c                FIO_HalfWordSetDir
                0x000005bc                FIO_HalfWordSetMask
                0x000005fc                FIO_HalfWordSetValue
                0x00000618                FIO_HalfWordClearValue
                0x00000634                FIO_HalfWordReadValue
                0x00000658                FIO_ByteSetDir
                0x00000688                FIO_ByteSetMask
                0x000006bc                FIO_ByteSetValue
                0x000006d8                FIO_ByteClearValue
                0x000006f4                FIO_ByteReadValue
 .text          0x00000714      0x7ec ./Source Files/lpc17xx_i2c.o
                0x0000075e                Buffer_Init
                0x0000077c                I2C_Init
                0x000007f8                I2C_Config
                0x0000084c                I2C_DeInit
                0x00000884                I2C_Cmd
                0x00000892                I2C_IntCmd
                0x000008f8                I2C_MasterHandler
                0x00000a74                I2C_SlaveHandler
                0x00000b58                I2C_MasterTransferData
                0x00000d08                I2C_SlaveTransferData
                0x00000e18                I2C_SetOwnSlaveAddr
                0x00000e68                I2C_MonitorModeConfig
                0x00000e7c                I2C_MonitorModeCmd
                0x00000ea8                I2C_MonitorGetDatabuffer
                0x00000eae                I2C_MonitorHandler
                0x00000ed0                I2C_MasterTransferComplete
                0x00000ee8                I2C_SlaveTransferComplete
 .text          0x00000f00       0x88 ./Source Files/lpc17xx_nvic.o
                0x00000f00                NVIC_DeInit
                0x00000f34                NVIC_SCBDeInit
                0x00000f74                NVIC_SetVTOR
 .text          0x00000f88       0xcc ./Source Files/lpc17xx_pinsel.o
                0x00000f88                PINSEL_ConfigTraceFunc
                0x00000fa8                PINSEL_SetI2C0Pins
                0x00000fbc                PINSEL_ConfigPin
 .text          0x00001054      0x47c ./Source Files/lpc17xx_ssp.o
                0x00001054                CS_Init1
                0x00001098                CS_Force1
                0x000010d4                Buffer_Init1
                0x000010f0                SSP_Init
                0x0000118c                SSP_DeInit
                0x000011b4                SSP_GetDataSize
                0x000011bc                SSP_ConfigStructInit
                0x000011d4                SSP_Config
                0x000012cc                SSP_Cmd
                0x000012de                SSP_LoopBackCmd
                0x000012f0                SSP_SlaveOutputCmd
                0x00001302                SSP_SendData
                0x00001306                SSP_ReceiveData
                0x0000130c                SSP_ReadWrite
                0x0000147c                SSP_GetStatus
                0x00001488                SSP_IntConfig
                0x0000149c                SSP_GetRawIntStatus
                0x000014a8                SSP_GetRawIntStatusReg
                0x000014ac                SSP_GetIntStatus
                0x000014b8                SSP_ClearIntPending
                0x000014bc                SSP_DMACmd
 .text          0x000014d0      0x13c ./Source Files/lpc17xx_systick.o
                0x000014d0                delay_ms
                0x000014e0                SYSTICK_InternalInit
                0x00001528                SYSTICK_ExternalInit
                0x0000156c                SYSTICK_Cmd
                0x00001584                SYSTICK_IntCmd
                0x0000159c                SYSTICK_Config
                0x000015b4                SYSTICK_GetCurrentValue
                0x000015c0                SYSTICK_ClearCounterFlag
                0x000015d0                SysTick_Handler
 .text          0x0000160c      0xd78 ./Source Files/lpc17xx_uart.o
                0x0000160c                UART_Init
                0x000018b0                UART_ConfigStructInit
                0x000018c2                UART_SendByte
                0x000018c6                UART_ReceiveByte
                0x000018d8                UART_ForceBreak
                0x000018e2                UART_IntConfig
                0x00001948                UART_GetLineStatus
                0x0000194c                UART_GetIntId
                0x00001956                UART_CheckBusy
                0x00001962                UART_FIFOConfig
                0x0000199c                UART_Config
                0x00001ad4                UART_FIFOConfigStructInit
                0x00001ae2                UART_ABCmd
                0x00001b34                UART_ABClearIntPending
                0x00001b3c                UART_TxCmd
                0x00001b5c                UART_DeInit
                0x00001b62                UART_IrDAInvtInputCmd
                0x00001b80                UART_IrDACmd
                0x00001b96                UART_IrDAPulseDivConfig
                0x00001bb4                UART_FullModemForcePinState
                0x00001bd8                UART_FullModemConfigMode
                0x00001c02                UART_FullModemGetStatus
                0x00001c06                UART_RS485Config
                0x00001c5e                UART_RS485ReceiverCmd
                0x00001c74                UART_IntReceive
                0x00001cac                UART_IntTransmit
                0x00001d34                UART2_IRQHandler
                0x00001d70                UART0_IRQHandler
                0x00001dac                UART_Send
                0x00001e0c                printf
                0x0000203c                UART_RS485SendSlvAddr
                0x00002068                UART_RS485Send
                0x000020a0                UART_RS485SendData
                0x000020a6                UART_Receive
                0x000020f4                getche
                0x00002170                get_line
                0x00002222                reset_cursor
                0x0000222c                clear_screen
                0x00002238                clr_scr_rst_cur
                0x0000224a                Erase_Char
                0x00002274                Erase_Char_With_UnderScore
                0x000022a0                Erase_BackLash
                0x000022ec                Erase_SemiColon
                0x00002338                Erase_And_RingTheBell
 .text          0x00002384      0x118 ./Source Files/lpc17xx_wdt.o
                0x000023fc                WDT_Init
                0x0000242c                WDT_ReadTimeOutFlag
                0x00002438                WDT_ClrTimeOutFlag
                0x00002446                WDT_Feed
                0x00002458                WDT_UpdateTimeOut
                0x00002472                WDT_Start
                0x00002494                WDT_GetCurrentCount
 .text          0x0000249c        0x0 ./Source Files/lpc_global.o
 .text          0x0000249c      0x2b0 ./Source Files/lpc_i2c_tsc2004.o
                0x0000249c                I2C_TSC2004_Write_Byte
                0x000024d4                I2C_TSC2004_Write_Word
                0x00002510                TSC2004_Init
                0x00002536                I2C_TSC2004_Read_Word
                0x00002584                TSC2004_Read_Reg
                0x000025a6                TSC2004_Read_Values
                0x0000260c                TSC2004_Read_Value_Test
                0x0000265c                TSC2004_Draw_Test
                0x00002688                TSC2004_Slide_Test
 .text          0x0000274c     0x1484 ./Source Files/lpc_ssp_glcd.o
                0x0000279c                GLCD_Backlight
                0x000027b2                GLCD_Reset
                0x000027dc                GLCD_SetTextColor
                0x000027e8                GLCD_SetBackColor
                0x000027f4                Write_Command_Glcd
                0x00002850                Write_Data_Glcd
                0x00002898                GLCD_Bargraph
                0x00002948                GLCD_Draw_Char
                0x000029e8                GLCD_Display_Char
                0x00002a10                GLCD_PutPixel
                0x00002a40                GLCD_Text
                0x00002b6a                GLCD_Line
                0x00002c52                GLCD_LBar
                0x00002cf8                GLCD_Triangle
                0x000031cc                Show_BarGraph
                0x00003418                GLCD_Frame
                0x00003536                GLCD_Circle
                0x00003718                GLCD_Window
                0x00003762                GLCD_Display_String
                0x00003792                GLCD_ClearLn
                0x000037b8                GLCD_Clear
                0x00003802                GLCD_Set_Loc
                0x0000382e                GLCD_Window_Fill
                0x00003864                GLCD_Bar
                0x00003896                GLCD_Rect
                0x0000398a                GLCD_Bitmap
                0x000039ca                GLCD_Display_Home
                0x000039d8                GLCD_Driver_OutCtrl
                0x00003a0e                GLCD_Init
 .text          0x00003bd0       0x6c ./Source Files/lpc_system_init.o
                0x00003bd0                Port_Init
                0x00003bdc                System_Init
 .text          0x00003c3c        0x0 ./Source Files/main.o
 *fill*         0x00003c3c        0x4 00
 .text.startup  0x00003c40       0x98 ./Source Files/main.o
                0x00003c40                main
 .text          0x00003cd8        0x0 ./CM3 Core/core_cm3.o
 .text          0x00003cd8      0x17c ./CM3 Core/system_LPC17xx.o
                0x00003cd8                SystemCoreClockUpdate
                0x00003d7c                SystemInit
 .text          0x00003e54       0x6c ./startup_LPC17xx.o
                0x00003e54                TIMER2_IRQHandler
                0x00003e54                DebugMon_Handler
                0x00003e54                RIT_IRQHandler
                0x00003e54                I2C0_IRQHandler
                0x00003e54                HardFault_Handler
                0x00003e54                USBActivity_IRQHandler
                0x00003e54                PWM1_IRQHandler
                0x00003e54                PendSV_Handler
                0x00003e54                NMI_Handler
                0x00003e54                I2C1_IRQHandler
                0x00003e54                EINT2_IRQHandler
                0x00003e54                UART1_IRQHandler
                0x00003e54                CANActivity_IRQHandler
                0x00003e54                TIMER3_IRQHandler
                0x00003e54                UsageFault_Handler
                0x00003e54                PLL0_IRQHandler
                0x00003e54                CAN_IRQHandler
                0x00003e54                PLL1_IRQHandler
                0x00003e54                SSP0_IRQHandler
                0x00003e54                I2S_IRQHandler
                0x00003e54                MCPWM_IRQHandler
                0x00003e54                I2C2_IRQHandler
                0x00003e54                RTC_IRQHandler
                0x00003e54                TIMER0_IRQHandler
                0x00003e54                UART3_IRQHandler
                0x00003e54                SPI_IRQHandler
                0x00003e54                EINT1_IRQHandler
                0x00003e54                TIMER1_IRQHandler
                0x00003e54                Default_Handler
                0x00003e54                ADC_IRQHandler
                0x00003e54                SSP1_IRQHandler
                0x00003e54                USB_IRQHandler
                0x00003e54                BOD_IRQHandler
                0x00003e54                MemManage_Handler
                0x00003e54                WDT_IRQHandler
                0x00003e54                SVC_Handler
                0x00003e54                QEI_IRQHandler
                0x00003e54                EINT0_IRQHandler
                0x00003e54                DMA_IRQHandler
                0x00003e54                BusFault_Handler
                0x00003e54                ENET_IRQHandler
                0x00003e56                Reset_Handler
                0x00003ebc                _init
 .text          0x00003ec0      0x370 c:/program files (x86)/gnu tools arm embedded/4.7 2013q2/bin/../lib/gcc/arm-none-eabi/4.7.4/armv7-m\libgcc.a(_arm_addsubdf3.o)
                0x00003ec0                __aeabi_drsub
                0x00003ec8                __aeabi_dsub
                0x00003ec8                __subdf3
                0x00003ecc                __aeabi_dadd
                0x00003ecc                __adddf3
                0x00004144                __floatunsidf
                0x00004144                __aeabi_ui2d
                0x00004164                __floatsidf
                0x00004164                __aeabi_i2d
                0x00004188                __aeabi_f2d
                0x00004188                __extendsfdf2
                0x000041c4                __floatundidf
                0x000041c4                __aeabi_ul2d
                0x000041d4                __floatdidf
                0x000041d4                __aeabi_l2d
 .text          0x00004230      0x424 c:/program files (x86)/gnu tools arm embedded/4.7 2013q2/bin/../lib/gcc/arm-none-eabi/4.7.4/armv7-m\libgcc.a(_arm_muldivdf3.o)
                0x00004230                __aeabi_dmul
                0x00004230                __muldf3
                0x00004484                __divdf3
                0x00004484                __aeabi_ddiv
 .text          0x00004654       0x40 c:/program files (x86)/gnu tools arm embedded/4.7 2013q2/bin/../lib/gcc/arm-none-eabi/4.7.4/armv7-m\libgcc.a(_arm_fixunsdfsi.o)
                0x00004654                __aeabi_d2uiz
                0x00004654                __fixunsdfsi
 .text          0x00004694      0x21c c:/program files (x86)/gnu tools arm embedded/4.7 2013q2/bin/../lib/gcc/arm-none-eabi/4.7.4/armv7-m\libgcc.a(_arm_addsubsf3.o)
                0x00004694                __aeabi_frsub
                0x0000469c                __subsf3
                0x0000469c                __aeabi_fsub
                0x000046a0                __aeabi_fadd
                0x000046a0                __addsf3
                0x00004800                __aeabi_ui2f
                0x00004800                __floatunsisf
                0x00004808                __aeabi_i2f
                0x00004808                __floatsisf
                0x00004824                __aeabi_ul2f
                0x00004824                __floatundisf
                0x00004834                __aeabi_l2f
                0x00004834                __floatdisf
 .text          0x000048b0       0xec c:/program files (x86)/gnu tools arm embedded/4.7 2013q2/bin/../lib/gcc/arm-none-eabi/4.7.4/armv7-m\libgcc.a(_arm_cmpsf2.o)
                0x000048b0                __gesf2
                0x000048b0                __gtsf2
                0x000048b8                __lesf2
                0x000048b8                __ltsf2
                0x000048c0                __nesf2
                0x000048c0                __eqsf2
                0x000048c0                __cmpsf2
                0x00004920                __aeabi_cfrcmple
                0x00004928                __aeabi_cfcmpeq
                0x00004928                __aeabi_cfcmple
                0x00004938                __aeabi_fcmpeq
                0x0000494c                __aeabi_fcmplt
                0x00004960                __aeabi_fcmple
                0x00004974                __aeabi_fcmpge
                0x00004988                __aeabi_fcmpgt
 .text          0x0000499c       0x2c c:/program files (x86)/gnu tools arm embedded/4.7 2013q2/bin/../lib/gcc/arm-none-eabi/4.7.4/armv7-m\libgcc.a(_aeabi_uldivmod.o)
                0x0000499c                __aeabi_uldivmod
 .text          0x000049c8       0x60 c:/program files (x86)/gnu tools arm embedded/4.7 2013q2/bin/../lib/gcc/arm-none-eabi/4.7.4/armv7-m\libgcc.a(bpabi.o)
                0x000049c8                __gnu_ldivmod_helper
                0x000049f8                __gnu_uldivmod_helper
 .text          0x00004a28        0x4 c:/program files (x86)/gnu tools arm embedded/4.7 2013q2/bin/../lib/gcc/arm-none-eabi/4.7.4/armv7-m\libgcc.a(_dvmd_tls.o)
                0x00004a28                __aeabi_idiv0
                0x00004a28                __aeabi_ldiv0
 .text          0x00004a2c      0x2bc c:/program files (x86)/gnu tools arm embedded/4.7 2013q2/bin/../lib/gcc/arm-none-eabi/4.7.4/armv7-m\libgcc.a(_divdi3.o)
                0x00004a2c                __divdi3
 .text          0x00004ce8      0x28c c:/program files (x86)/gnu tools arm embedded/4.7 2013q2/bin/../lib/gcc/arm-none-eabi/4.7.4/armv7-m\libgcc.a(_udivdi3.o)
                0x00004ce8                __udivdi3
 .text          0x00004f74        0x0 c:/program files (x86)/gnu tools arm embedded/4.7 2013q2/bin/../lib/gcc/arm-none-eabi/4.7.4/../../../../arm-none-eabi/lib/armv7-m\libg.a(lib_a-memcpy.o)
 .text.memcpy   0x00004f74      0x15c c:/program files (x86)/gnu tools arm embedded/4.7 2013q2/bin/../lib/gcc/arm-none-eabi/4.7.4/../../../../arm-none-eabi/lib/armv7-m\libg.a(lib_a-memcpy.o)
                0x00004f74                memcpy
 .text          0x000050d0        0x0 c:/program files (x86)/gnu tools arm embedded/4.7 2013q2/bin/../lib/gcc/arm-none-eabi/4.7.4/../../../../arm-none-eabi/lib/armv7-m\libg.a(lib_a-memset.o)
 .text.memset   0x000050d0      0x12c c:/program files (x86)/gnu tools arm embedded/4.7 2013q2/bin/../lib/gcc/arm-none-eabi/4.7.4/../../../../arm-none-eabi/lib/armv7-m\libg.a(lib_a-memset.o)
                0x000050d0                memset
 *(.plt)
 *(.gnu.warning)
 *(.glue_7t)
 .glue_7t       0x00000000        0x0 linker stubs
 *(.glue_7)
 .glue_7        0x00000000        0x0 linker stubs
 *(.vfp11_veneer)
 .vfp11_veneer  0x00000000        0x0 linker stubs
 *(.ARM.extab* .gnu.linkonce.armextab.*)
 .ARM.extab     0x000051fc        0x0 c:/program files (x86)/gnu tools arm embedded/4.7 2013q2/bin/../lib/gcc/arm-none-eabi/4.7.4/armv7-m\libgcc.a(_divdi3.o)
 .ARM.extab     0x000051fc        0x0 c:/program files (x86)/gnu tools arm embedded/4.7 2013q2/bin/../lib/gcc/arm-none-eabi/4.7.4/armv7-m\libgcc.a(_udivdi3.o)
 *(.gcc_except_table)

.v4_bx          0x000051fc        0x0
 .v4_bx         0x00000000        0x0 linker stubs

.iplt           0x000051fc        0x0
 .iplt          0x00000000        0x0 ./Source Files/lpc17xx_adc.o

.eh_frame_hdr
 *(.eh_frame_hdr)

.eh_frame
 *(.eh_frame)
                0x000051fc                __exidx_start = .

.ARM.exidx      0x000051fc        0x8
 *(.ARM.exidx* .gnu.linkonce.armexidx.*)
 .ARM.exidx     0x000051fc        0x8 c:/program files (x86)/gnu tools arm embedded/4.7 2013q2/bin/../lib/gcc/arm-none-eabi/4.7.4/armv7-m\libgcc.a(_divdi3.o)
 .ARM.exidx     0x00005204        0x0 c:/program files (x86)/gnu tools arm embedded/4.7 2013q2/bin/../lib/gcc/arm-none-eabi/4.7.4/armv7-m\libgcc.a(_udivdi3.o)
                                  0x8 (size before relaxing)
                0x00005204                __exidx_end = .

.rodata         0x00005204    0x720a4
 *(.rodata .rodata.* .gnu.linkonce.r.*)
 .rodata        0x00005204       0x3c ./Source Files/lpc17xx_gpio.o
 .rodata        0x00005240        0x5 ./Source Files/lpc17xx_uart.o
 .rodata.str1.1
                0x00005245       0x25 ./Source Files/lpc17xx_uart.o
 .rodata        0x0000526a    0x70860 ./Source Files/lpc_i2c_tsc2004.o
                0x0000526a                image
                0x0002aa8a                cham
                0x000502aa                ubuntu
 .rodata.str1.1
                0x00075aca       0x68 ./Source Files/lpc_i2c_tsc2004.o
 .rodata        0x00075b32     0x1726 ./Source Files/lpc_ssp_glcd.o
                0x00075b32                Font_24x16
                0x00077078                default5x7
 .rodata.str1.1
                0x00077258       0x49 ./Source Files/lpc_ssp_glcd.o
                0x000772a4                . = ALIGN (0x4)
 *fill*         0x000772a1        0x3 00
 *(.init)
                0x000772a4                . = ALIGN (0x4)
                0x000772a4                __preinit_array_start = .
 *(.preinit_array)
                0x000772a4                __preinit_array_end = .
                0x000772a4                . = ALIGN (0x4)
                0x000772a4                __init_array_start = .
 *(SORT(.init_array.*))
 *(.init_array)
                0x000772a4                __init_array_end = .
                0x000772a4                . = ALIGN (0x4)
 *(.fini)
                0x000772a4                . = ALIGN (0x4)
                0x000772a4                __fini_array_start = .
 *(.fini_array)
 *(SORT(.fini_array.*))
                0x000772a4                __fini_array_end = .
                0x000772a4                . = ALIGN (0x4)
 *crtbegin.o(.ctors)
 *(EXCLUDE_FILE(*crtend.o) .ctors)
 *(SORT(.ctors.*))
 *crtend.o(.ctors)
                0x000772a4                . = ALIGN (0x4)
 *crtbegin.o(.dtors)
 *(EXCLUDE_FILE(*crtend.o) .dtors)
 *(SORT(.dtors.*))
 *crtend.o(.dtors)
 *(.init .init.*)
 *(.fini .fini.*)
                0x000772a4                PROVIDE (__preinit_array_start, .)
 *(.preinit_array)
                0x000772a4                PROVIDE (__preinit_array_end, .)
                0x000772a4                PROVIDE (__init_array_start, .)
 *(SORT(.init_array.*))
 *(.init_array)
                0x000772a4                PROVIDE (__init_array_end, .)
                0x000772a4                PROVIDE (__fini_array_start, .)
 *(.fini_array)
 *(SORT(.fini_array.*))
                0x000772a4                PROVIDE (__fini_array_end, .)
                0x000772a8                . = ALIGN (0x8)
 *fill*         0x000772a4        0x4 00
 *(.rom)
 *(.rom.b)
                0x000772a8                _etext = .
                0x000772a8                _sidata = _etext

.rel.dyn        0x000772a8        0x0
 .rel.iplt      0x00000000        0x0 ./Source Files/lpc17xx_adc.o

.bss            0x10000000      0x368 load address 0x000772a8
                0x10000000                . = ALIGN (0x4)
                0x10000000                _sbss = .
 *(.shbss)
 *(.bss .bss.* .gnu.linkonce.b.*)
 .bss           0x10000000        0x0 ./Source Files/lpc17xx_adc.o
 .bss           0x10000000        0x0 ./Source Files/lpc17xx_clkpwr.o
 .bss           0x10000000        0x0 ./Source Files/lpc17xx_gpio.o
 .bss           0x10000000       0x34 ./Source Files/lpc17xx_i2c.o
 .bss           0x10000034        0x0 ./Source Files/lpc17xx_nvic.o
 .bss           0x10000034        0x0 ./Source Files/lpc17xx_pinsel.o
 .bss           0x10000034        0x0 ./Source Files/lpc17xx_ssp.o
 .bss           0x10000034        0x0 ./Source Files/lpc17xx_systick.o
 .bss           0x10000034        0x0 ./Source Files/lpc17xx_uart.o
 .bss           0x10000034        0x0 ./Source Files/lpc17xx_wdt.o
 .bss           0x10000034        0x1 ./Source Files/lpc_global.o
                0x10000034                status
 .bss           0x10000035        0x0 ./Source Files/lpc_i2c_tsc2004.o
 *fill*         0x10000035        0x1 00
 .bss           0x10000036        0x2 ./Source Files/lpc_ssp_glcd.o
 .bss           0x10000038        0x0 ./Source Files/lpc_system_init.o
 .bss           0x10000038        0x0 ./Source Files/main.o
 .bss           0x10000038        0x0 ./CM3 Core/core_cm3.o
 .bss           0x10000038        0x0 ./CM3 Core/system_LPC17xx.o
 .bss           0x10000038        0x0 ./startup_LPC17xx.o
 .bss           0x10000038        0x0 c:/program files (x86)/gnu tools arm embedded/4.7 2013q2/bin/../lib/gcc/arm-none-eabi/4.7.4/armv7-m\libgcc.a(_arm_addsubdf3.o)
 .bss           0x10000038        0x0 c:/program files (x86)/gnu tools arm embedded/4.7 2013q2/bin/../lib/gcc/arm-none-eabi/4.7.4/armv7-m\libgcc.a(_arm_muldivdf3.o)
 .bss           0x10000038        0x0 c:/program files (x86)/gnu tools arm embedded/4.7 2013q2/bin/../lib/gcc/arm-none-eabi/4.7.4/armv7-m\libgcc.a(_arm_fixunsdfsi.o)
 .bss           0x10000038        0x0 c:/program files (x86)/gnu tools arm embedded/4.7 2013q2/bin/../lib/gcc/arm-none-eabi/4.7.4/armv7-m\libgcc.a(_arm_addsubsf3.o)
 .bss           0x10000038        0x0 c:/program files (x86)/gnu tools arm embedded/4.7 2013q2/bin/../lib/gcc/arm-none-eabi/4.7.4/armv7-m\libgcc.a(_arm_cmpsf2.o)
 .bss           0x10000038        0x0 c:/program files (x86)/gnu tools arm embedded/4.7 2013q2/bin/../lib/gcc/arm-none-eabi/4.7.4/armv7-m\libgcc.a(_aeabi_uldivmod.o)
 .bss           0x10000038        0x0 c:/program files (x86)/gnu tools arm embedded/4.7 2013q2/bin/../lib/gcc/arm-none-eabi/4.7.4/armv7-m\libgcc.a(bpabi.o)
 .bss           0x10000038        0x0 c:/program files (x86)/gnu tools arm embedded/4.7 2013q2/bin/../lib/gcc/arm-none-eabi/4.7.4/armv7-m\libgcc.a(_dvmd_tls.o)
 .bss           0x10000038        0x0 c:/program files (x86)/gnu tools arm embedded/4.7 2013q2/bin/../lib/gcc/arm-none-eabi/4.7.4/armv7-m\libgcc.a(_divdi3.o)
 .bss           0x10000038        0x0 c:/program files (x86)/gnu tools arm embedded/4.7 2013q2/bin/../lib/gcc/arm-none-eabi/4.7.4/armv7-m\libgcc.a(_udivdi3.o)
 .bss           0x10000038        0x0 c:/program files (x86)/gnu tools arm embedded/4.7 2013q2/bin/../lib/gcc/arm-none-eabi/4.7.4/../../../../arm-none-eabi/lib/armv7-m\libg.a(lib_a-memcpy.o)
 .bss           0x10000038        0x0 c:/program files (x86)/gnu tools arm embedded/4.7 2013q2/bin/../lib/gcc/arm-none-eabi/4.7.4/../../../../arm-none-eabi/lib/armv7-m\libg.a(lib_a-memset.o)
 *(COMMON)
 COMMON         0x10000038      0x315 ./Source Files/lpc17xx_adc.o
                0x10000038                I2C_Rx_Buf
                0x10000078                EscFlag
                0x1000007c                rb
                0x1000028c                I2C_Tx_Buf
                0x100002cc                Tx_Buf1
                0x1000030c                Rx_Buf1
                0x1000034c                TxIntStat
 *fill*         0x1000034d        0x3 00
 COMMON         0x10000350        0x8 ./Source Files/lpc17xx_i2c.o
                0x10000350                irqn
                0x10000354                regs
 COMMON         0x10000358        0x8 ./Source Files/lpc17xx_systick.o
                0x10000358                led_timer
                0x1000035c                delay_timer
 COMMON         0x10000360        0x4 ./Source Files/lpc_global.o
                0x10000360                led_delay
                0x10000368                . = ALIGN (0x8)
 *fill*         0x10000364        0x4 00
 *(.ram.b)
                0x10000368                . = ALIGN (0x4)
                0x10000368                _ebss = .
                0x10000368                _end = .
                0x10000368                __end = .
                0x10000368                PROVIDE (end, _ebss)
                0x10000368                PROVIDE (_end, _ebss)
                0x10000000                PROVIDE (__bss_start__, _sbss)
                0x10000368                PROVIDE (__bss_end__, _ebss)

._usrstack      0x10000368      0x100 load address 0x000772a8
                0x10000368                . = ALIGN (0x4)
                0x10000368                _susrstack = .
                0x10000468                . = (. + _Minimum_Stack_Size)
 *fill*         0x10000368      0x100 00
                0x10000468                . = ALIGN (0x4)
                0x10000468                _eusrstack = .

.data           0x2007c000       0x10 load address 0x000772a8
                0x2007c000                _sdata = .
                0x2007c000                . = ALIGN (0x80)
                0x00000000                _isr_vectorsram_offs = (. - 0x2007c000)
 *(.isr_vectorsram)
                0x2007c000                . = ALIGN (0x4)
 *(.jcr)
 *(.got.plt)
 *(.got)
 *(.shdata)
 *(.data .data.* .gnu.linkonce.d.*)
 .data          0x2007c000        0x0 ./Source Files/lpc17xx_adc.o
 .data          0x2007c000        0x0 ./Source Files/lpc17xx_clkpwr.o
 .data          0x2007c000        0x0 ./Source Files/lpc17xx_gpio.o
 .data          0x2007c000        0x4 ./Source Files/lpc17xx_i2c.o
                0x2007c000                ignore_data_nack
 .data          0x2007c004        0x0 ./Source Files/lpc17xx_nvic.o
 .data          0x2007c004        0x0 ./Source Files/lpc17xx_pinsel.o
 .data          0x2007c004        0x0 ./Source Files/lpc17xx_ssp.o
 .data          0x2007c004        0x0 ./Source Files/lpc17xx_systick.o
 .data          0x2007c004        0x0 ./Source Files/lpc17xx_uart.o
 .data          0x2007c004        0x0 ./Source Files/lpc17xx_wdt.o
 .data          0x2007c004        0x0 ./Source Files/lpc_global.o
 .data          0x2007c004        0x0 ./Source Files/lpc_i2c_tsc2004.o
 .data          0x2007c004        0x2 ./Source Files/lpc_ssp_glcd.o
 .data          0x2007c006        0x0 ./Source Files/lpc_system_init.o
 .data          0x2007c006        0x0 ./Source Files/main.o
 .data          0x2007c006        0x0 ./CM3 Core/core_cm3.o
 *fill*         0x2007c006        0x2 00
 .data          0x2007c008        0x4 ./CM3 Core/system_LPC17xx.o
                0x2007c008                SystemCoreClock
 .data          0x2007c00c        0x0 ./startup_LPC17xx.o
 .data          0x2007c00c        0x0 c:/program files (x86)/gnu tools arm embedded/4.7 2013q2/bin/../lib/gcc/arm-none-eabi/4.7.4/armv7-m\libgcc.a(_arm_addsubdf3.o)
 .data          0x2007c00c        0x0 c:/program files (x86)/gnu tools arm embedded/4.7 2013q2/bin/../lib/gcc/arm-none-eabi/4.7.4/armv7-m\libgcc.a(_arm_muldivdf3.o)
 .data          0x2007c00c        0x0 c:/program files (x86)/gnu tools arm embedded/4.7 2013q2/bin/../lib/gcc/arm-none-eabi/4.7.4/armv7-m\libgcc.a(_arm_fixunsdfsi.o)
 .data          0x2007c00c        0x0 c:/program files (x86)/gnu tools arm embedded/4.7 2013q2/bin/../lib/gcc/arm-none-eabi/4.7.4/armv7-m\libgcc.a(_arm_addsubsf3.o)
 .data          0x2007c00c        0x0 c:/program files (x86)/gnu tools arm embedded/4.7 2013q2/bin/../lib/gcc/arm-none-eabi/4.7.4/armv7-m\libgcc.a(_arm_cmpsf2.o)
 .data          0x2007c00c        0x0 c:/program files (x86)/gnu tools arm embedded/4.7 2013q2/bin/../lib/gcc/arm-none-eabi/4.7.4/armv7-m\libgcc.a(_aeabi_uldivmod.o)
 .data          0x2007c00c        0x0 c:/program files (x86)/gnu tools arm embedded/4.7 2013q2/bin/../lib/gcc/arm-none-eabi/4.7.4/armv7-m\libgcc.a(bpabi.o)
 .data          0x2007c00c        0x0 c:/program files (x86)/gnu tools arm embedded/4.7 2013q2/bin/../lib/gcc/arm-none-eabi/4.7.4/armv7-m\libgcc.a(_dvmd_tls.o)
 .data          0x2007c00c        0x0 c:/program files (x86)/gnu tools arm embedded/4.7 2013q2/bin/../lib/gcc/arm-none-eabi/4.7.4/armv7-m\libgcc.a(_divdi3.o)
 .data          0x2007c00c        0x0 c:/program files (x86)/gnu tools arm embedded/4.7 2013q2/bin/../lib/gcc/arm-none-eabi/4.7.4/armv7-m\libgcc.a(_udivdi3.o)
 .data          0x2007c00c        0x0 c:/program files (x86)/gnu tools arm embedded/4.7 2013q2/bin/../lib/gcc/arm-none-eabi/4.7.4/../../../../arm-none-eabi/lib/armv7-m\libg.a(lib_a-memcpy.o)
 .data          0x2007c00c        0x0 c:/program files (x86)/gnu tools arm embedded/4.7 2013q2/bin/../lib/gcc/arm-none-eabi/4.7.4/../../../../arm-none-eabi/lib/armv7-m\libg.a(lib_a-memset.o)
                0x2007c010                . = ALIGN (0x8)
 *fill*         0x2007c00c        0x4 00
 *(.ram)
 *(.ramfunc*)
                0x2007c010                . = ALIGN (0x4)
                0x2007c010                _edata = .

.igot.plt       0x2007c010        0x0 load address 0x000772b8
 .igot.plt      0x00000000        0x0 ./Source Files/lpc17xx_adc.o

.bss_ahb        0x2007c010        0x0 load address 0x000772b8
                0x2007c010                . = ALIGN (0x4)
                0x2007c010                _sbss_ahb = .
 *(.shbss_ahb)
 *(.bss_ahb .bss_ahb.* .gnu.linkonce.b.*)
                0x2007c010                . = ALIGN (0x8)
 *(.ram_ahb.b)
                0x2007c010                . = ALIGN (0x4)
                0x2007c010                _ebss_ahb = .
                0x2007c010                _end_ahb = .
                0x2007c010                __end_ahb = .
                0x2007c010                PROVIDE (end_ahb, _ebss_ahb)
                0x2007c010                PROVIDE (_end_ahb, _ebss_ahb)
                0x2007c010                PROVIDE (__bss_ahb_start__, _sbss_ahb)
                0x2007c010                PROVIDE (__bss_ahb_end__, _ebss_ahb)

/DISCARD/
 libc.a(*)
 libm.a(*)
 libgcc.a(*)

.stab
 *(.stab)

.stabstr
 *(.stabstr)

.stab.excl
 *(.stab.excl)

.stab.exclstr
 *(.stab.exclstr)

.stab.index
 *(.stab.index)

.stab.indexstr
 *(.stab.indexstr)

.comment        0x00000000       0x70
 *(.comment)
 .comment       0x00000000       0x70 ./Source Files/lpc17xx_adc.o
                                 0x71 (size before relaxing)
 .comment       0x00000000       0x71 ./Source Files/lpc17xx_clkpwr.o
 .comment       0x00000000       0x71 ./Source Files/lpc17xx_gpio.o
 .comment       0x00000000       0x71 ./Source Files/lpc17xx_i2c.o
 .comment       0x00000000       0x71 ./Source Files/lpc17xx_nvic.o
 .comment       0x00000000       0x71 ./Source Files/lpc17xx_pinsel.o
 .comment       0x00000000       0x71 ./Source Files/lpc17xx_ssp.o
 .comment       0x00000000       0x71 ./Source Files/lpc17xx_systick.o
 .comment       0x00000000       0x71 ./Source Files/lpc17xx_uart.o
 .comment       0x00000000       0x71 ./Source Files/lpc17xx_wdt.o
 .comment       0x00000000       0x71 ./Source Files/lpc_global.o
 .comment       0x00000000       0x71 ./Source Files/lpc_i2c_tsc2004.o
 .comment       0x00000000       0x71 ./Source Files/lpc_ssp_glcd.o
 .comment       0x00000000       0x71 ./Source Files/lpc_system_init.o
 .comment       0x00000000       0x71 ./Source Files/main.o
 .comment       0x00000000       0x71 ./CM3 Core/core_cm3.o
 .comment       0x00000000       0x71 ./CM3 Core/system_LPC17xx.o
 .comment       0x00000000       0x71 ./startup_LPC17xx.o

.ARM.attributes
                0x00000000       0x33
 .ARM.attributes
                0x00000000       0x33 ./Source Files/lpc17xx_adc.o
 .ARM.attributes
                0x00000033       0x33 ./Source Files/lpc17xx_clkpwr.o
 .ARM.attributes
                0x00000066       0x33 ./Source Files/lpc17xx_gpio.o
 .ARM.attributes
                0x00000099       0x33 ./Source Files/lpc17xx_i2c.o
 .ARM.attributes
                0x000000cc       0x33 ./Source Files/lpc17xx_nvic.o
 .ARM.attributes
                0x000000ff       0x33 ./Source Files/lpc17xx_pinsel.o
 .ARM.attributes
                0x00000132       0x33 ./Source Files/lpc17xx_ssp.o
 .ARM.attributes
                0x00000165       0x33 ./Source Files/lpc17xx_systick.o
 .ARM.attributes
                0x00000198       0x33 ./Source Files/lpc17xx_uart.o
 .ARM.attributes
                0x000001cb       0x33 ./Source Files/lpc17xx_wdt.o
 .ARM.attributes
                0x000001fe       0x33 ./Source Files/lpc_global.o
 .ARM.attributes
                0x00000231       0x33 ./Source Files/lpc_i2c_tsc2004.o
 .ARM.attributes
                0x00000264       0x33 ./Source Files/lpc_ssp_glcd.o
 .ARM.attributes
                0x00000297       0x33 ./Source Files/lpc_system_init.o
 .ARM.attributes
                0x000002ca       0x33 ./Source Files/main.o
 .ARM.attributes
                0x000002fd       0x33 ./CM3 Core/core_cm3.o
 .ARM.attributes
                0x00000330       0x33 ./CM3 Core/system_LPC17xx.o
 .ARM.attributes
                0x00000363       0x33 ./startup_LPC17xx.o
 .ARM.attributes
                0x00000396       0x1d c:/program files (x86)/gnu tools arm embedded/4.7 2013q2/bin/../lib/gcc/arm-none-eabi/4.7.4/armv7-m\libgcc.a(_arm_addsubdf3.o)
 .ARM.attributes
                0x000003b3       0x1d c:/program files (x86)/gnu tools arm embedded/4.7 2013q2/bin/../lib/gcc/arm-none-eabi/4.7.4/armv7-m\libgcc.a(_arm_muldivdf3.o)
 .ARM.attributes
                0x000003d0       0x1d c:/program files (x86)/gnu tools arm embedded/4.7 2013q2/bin/../lib/gcc/arm-none-eabi/4.7.4/armv7-m\libgcc.a(_arm_fixunsdfsi.o)
 .ARM.attributes
                0x000003ed       0x1d c:/program files (x86)/gnu tools arm embedded/4.7 2013q2/bin/../lib/gcc/arm-none-eabi/4.7.4/armv7-m\libgcc.a(_arm_addsubsf3.o)
 .ARM.attributes
                0x0000040a       0x1d c:/program files (x86)/gnu tools arm embedded/4.7 2013q2/bin/../lib/gcc/arm-none-eabi/4.7.4/armv7-m\libgcc.a(_arm_cmpsf2.o)
 .ARM.attributes
                0x00000427       0x1d c:/program files (x86)/gnu tools arm embedded/4.7 2013q2/bin/../lib/gcc/arm-none-eabi/4.7.4/armv7-m\libgcc.a(_aeabi_uldivmod.o)
 .ARM.attributes
                0x00000444       0x2d c:/program files (x86)/gnu tools arm embedded/4.7 2013q2/bin/../lib/gcc/arm-none-eabi/4.7.4/armv7-m\libgcc.a(bpabi.o)
 .ARM.attributes
                0x00000471       0x1d c:/program files (x86)/gnu tools arm embedded/4.7 2013q2/bin/../lib/gcc/arm-none-eabi/4.7.4/armv7-m\libgcc.a(_dvmd_tls.o)
 .ARM.attributes
                0x0000048e       0x2d c:/program files (x86)/gnu tools arm embedded/4.7 2013q2/bin/../lib/gcc/arm-none-eabi/4.7.4/armv7-m\libgcc.a(_divdi3.o)
 .ARM.attributes
                0x000004bb       0x2d c:/program files (x86)/gnu tools arm embedded/4.7 2013q2/bin/../lib/gcc/arm-none-eabi/4.7.4/armv7-m\libgcc.a(_udivdi3.o)
 .ARM.attributes
                0x000004e8       0x2d c:/program files (x86)/gnu tools arm embedded/4.7 2013q2/bin/../lib/gcc/arm-none-eabi/4.7.4/../../../../arm-none-eabi/lib/armv7-m\libg.a(lib_a-memcpy.o)
 .ARM.attributes
                0x00000515       0x2d c:/program files (x86)/gnu tools arm embedded/4.7 2013q2/bin/../lib/gcc/arm-none-eabi/4.7.4/../../../../arm-none-eabi/lib/armv7-m\libg.a(lib_a-memset.o)

.debug
 *(.debug)

.line
 *(.line)

.debug_srcinfo
 *(.debug_srcinfo)

.debug_sfnames
 *(.debug_sfnames)

.debug_aranges  0x00000000      0x230
 *(.debug_aranges)
 .debug_aranges
                0x00000000       0x20 ./Source Files/lpc17xx_adc.o
 .debug_aranges
                0x00000020       0x20 ./Source Files/lpc17xx_clkpwr.o
 .debug_aranges
                0x00000040       0x20 ./Source Files/lpc17xx_gpio.o
 .debug_aranges
                0x00000060       0x20 ./Source Files/lpc17xx_i2c.o
 .debug_aranges
                0x00000080       0x20 ./Source Files/lpc17xx_nvic.o
 .debug_aranges
                0x000000a0       0x20 ./Source Files/lpc17xx_pinsel.o
 .debug_aranges
                0x000000c0       0x20 ./Source Files/lpc17xx_ssp.o
 .debug_aranges
                0x000000e0       0x20 ./Source Files/lpc17xx_systick.o
 .debug_aranges
                0x00000100       0x20 ./Source Files/lpc17xx_uart.o
 .debug_aranges
                0x00000120       0x20 ./Source Files/lpc17xx_wdt.o
 .debug_aranges
                0x00000140       0x18 ./Source Files/lpc_global.o
 .debug_aranges
                0x00000158       0x20 ./Source Files/lpc_i2c_tsc2004.o
 .debug_aranges
                0x00000178       0x20 ./Source Files/lpc_ssp_glcd.o
 .debug_aranges
                0x00000198       0x20 ./Source Files/lpc_system_init.o
 .debug_aranges
                0x000001b8       0x20 ./Source Files/main.o
 .debug_aranges
                0x000001d8       0x18 ./CM3 Core/core_cm3.o
 .debug_aranges
                0x000001f0       0x20 ./CM3 Core/system_LPC17xx.o
 .debug_aranges
                0x00000210       0x20 ./startup_LPC17xx.o

.debug_pubnames
 *(.debug_pubnames)

.debug_info     0x00000000     0xcc65
 *(.debug_info .gnu.linkonce.wi.*)
 .debug_info    0x00000000      0x95d ./Source Files/lpc17xx_adc.o
 .debug_info    0x0000095d      0x6c8 ./Source Files/lpc17xx_clkpwr.o
 .debug_info    0x00001025     0x1013 ./Source Files/lpc17xx_gpio.o
 .debug_info    0x00002038     0x1474 ./Source Files/lpc17xx_i2c.o
 .debug_info    0x000034ac      0x3f8 ./Source Files/lpc17xx_nvic.o
 .debug_info    0x000038a4      0x542 ./Source Files/lpc17xx_pinsel.o
 .debug_info    0x00003de6      0xe43 ./Source Files/lpc17xx_ssp.o
 .debug_info    0x00004c29      0x762 ./Source Files/lpc17xx_systick.o
 .debug_info    0x0000538b     0x28e6 ./Source Files/lpc17xx_uart.o
 .debug_info    0x00007c71      0x43a ./Source Files/lpc17xx_wdt.o
 .debug_info    0x000080ab       0xda ./Source Files/lpc_global.o
 .debug_info    0x00008185      0xd6a ./Source Files/lpc_i2c_tsc2004.o
 .debug_info    0x00008eef     0x2747 ./Source Files/lpc_ssp_glcd.o
 .debug_info    0x0000b636      0xb90 ./Source Files/lpc_system_init.o
 .debug_info    0x0000c1c6      0x549 ./Source Files/main.o
 .debug_info    0x0000c70f       0x68 ./CM3 Core/core_cm3.o
 .debug_info    0x0000c777      0x379 ./CM3 Core/system_LPC17xx.o
 .debug_info    0x0000caf0      0x175 ./startup_LPC17xx.o

.debug_abbrev   0x00000000     0x2899
 *(.debug_abbrev)
 .debug_abbrev  0x00000000      0x309 ./Source Files/lpc17xx_adc.o
 .debug_abbrev  0x00000309      0x1b6 ./Source Files/lpc17xx_clkpwr.o
 .debug_abbrev  0x000004bf      0x2a7 ./Source Files/lpc17xx_gpio.o
 .debug_abbrev  0x00000766      0x413 ./Source Files/lpc17xx_i2c.o
 .debug_abbrev  0x00000b79       0xf1 ./Source Files/lpc17xx_nvic.o
 .debug_abbrev  0x00000c6a      0x19f ./Source Files/lpc17xx_pinsel.o
 .debug_abbrev  0x00000e09      0x3ae ./Source Files/lpc17xx_ssp.o
 .debug_abbrev  0x000011b7      0x239 ./Source Files/lpc17xx_systick.o
 .debug_abbrev  0x000013f0      0x4d2 ./Source Files/lpc17xx_uart.o
 .debug_abbrev  0x000018c2      0x22b ./Source Files/lpc17xx_wdt.o
 .debug_abbrev  0x00001aed       0x6c ./Source Files/lpc_global.o
 .debug_abbrev  0x00001b59      0x2ab ./Source Files/lpc_i2c_tsc2004.o
 .debug_abbrev  0x00001e04      0x436 ./Source Files/lpc_ssp_glcd.o
 .debug_abbrev  0x0000223a      0x289 ./Source Files/lpc_system_init.o
 .debug_abbrev  0x000024c3      0x1be ./Source Files/main.o
 .debug_abbrev  0x00002681       0x29 ./CM3 Core/core_cm3.o
 .debug_abbrev  0x000026aa       0xd7 ./CM3 Core/system_LPC17xx.o
 .debug_abbrev  0x00002781      0x118 ./startup_LPC17xx.o

.debug_line     0x00000000     0x531e
 *(.debug_line)
 .debug_line    0x00000000      0x4ba ./Source Files/lpc17xx_adc.o
 .debug_line    0x000004ba      0x3a8 ./Source Files/lpc17xx_clkpwr.o
 .debug_line    0x00000862      0x4dc ./Source Files/lpc17xx_gpio.o
 .debug_line    0x00000d3e      0x787 ./Source Files/lpc17xx_i2c.o
 .debug_line    0x000014c5      0x35e ./Source Files/lpc17xx_nvic.o
 .debug_line    0x00001823      0x361 ./Source Files/lpc17xx_pinsel.o
 .debug_line    0x00001b84      0x624 ./Source Files/lpc17xx_ssp.o
 .debug_line    0x000021a8      0x470 ./Source Files/lpc17xx_systick.o
 .debug_line    0x00002618      0x82f ./Source Files/lpc17xx_uart.o
 .debug_line    0x00002e47      0x3a3 ./Source Files/lpc17xx_wdt.o
 .debug_line    0x000031ea      0x2f9 ./Source Files/lpc_global.o
 .debug_line    0x000034e3      0x4ea ./Source Files/lpc_i2c_tsc2004.o
 .debug_line    0x000039cd      0xac2 ./Source Files/lpc_ssp_glcd.o
 .debug_line    0x0000448f      0x435 ./Source Files/lpc_system_init.o
 .debug_line    0x000048c4      0x41a ./Source Files/main.o
 .debug_line    0x00004cde      0x276 ./CM3 Core/core_cm3.o
 .debug_line    0x00004f54      0x352 ./CM3 Core/system_LPC17xx.o
 .debug_line    0x000052a6       0x78 ./startup_LPC17xx.o

.debug_frame    0x00000000     0x1598
 *(.debug_frame)
 .debug_frame   0x00000000      0x140 ./Source Files/lpc17xx_adc.o
 .debug_frame   0x00000140       0xa8 ./Source Files/lpc17xx_clkpwr.o
 .debug_frame   0x000001e8      0x1e0 ./Source Files/lpc17xx_gpio.o
 .debug_frame   0x000003c8      0x1e0 ./Source Files/lpc17xx_i2c.o
 .debug_frame   0x000005a8       0x40 ./Source Files/lpc17xx_nvic.o
 .debug_frame   0x000005e8       0x50 ./Source Files/lpc17xx_pinsel.o
 .debug_frame   0x00000638      0x1a8 ./Source Files/lpc17xx_ssp.o
 .debug_frame   0x000007e0       0xcc ./Source Files/lpc17xx_systick.o
 .debug_frame   0x000008ac      0x460 ./Source Files/lpc17xx_uart.o
 .debug_frame   0x00000d0c       0xc8 ./Source Files/lpc17xx_wdt.o
 .debug_frame   0x00000dd4      0x130 ./Source Files/lpc_i2c_tsc2004.o
 .debug_frame   0x00000f04      0x480 ./Source Files/lpc_ssp_glcd.o
 .debug_frame   0x00001384       0x3c ./Source Files/lpc_system_init.o
 .debug_frame   0x000013c0       0x38 ./Source Files/main.o
 .debug_frame   0x000013f8       0x3c ./CM3 Core/system_LPC17xx.o
 .debug_frame   0x00001434       0x50 ./startup_LPC17xx.o
 .debug_frame   0x00001484       0x50 c:/program files (x86)/gnu tools arm embedded/4.7 2013q2/bin/../lib/gcc/arm-none-eabi/4.7.4/armv7-m\libgcc.a(bpabi.o)
 .debug_frame   0x000014d4       0x34 c:/program files (x86)/gnu tools arm embedded/4.7 2013q2/bin/../lib/gcc/arm-none-eabi/4.7.4/armv7-m\libgcc.a(_divdi3.o)
 .debug_frame   0x00001508       0x34 c:/program files (x86)/gnu tools arm embedded/4.7 2013q2/bin/../lib/gcc/arm-none-eabi/4.7.4/armv7-m\libgcc.a(_udivdi3.o)
 .debug_frame   0x0000153c       0x30 c:/program files (x86)/gnu tools arm embedded/4.7 2013q2/bin/../lib/gcc/arm-none-eabi/4.7.4/../../../../arm-none-eabi/lib/armv7-m\libg.a(lib_a-memcpy.o)
 .debug_frame   0x0000156c       0x2c c:/program files (x86)/gnu tools arm embedded/4.7 2013q2/bin/../lib/gcc/arm-none-eabi/4.7.4/../../../../arm-none-eabi/lib/armv7-m\libg.a(lib_a-memset.o)

.debug_str      0x00000000    0x1252f
 *(.debug_str)
 .debug_str     0x00000000     0xd56c ./Source Files/lpc17xx_adc.o
                               0xd6fc (size before relaxing)
 .debug_str     0x0000d56c      0x24c ./Source Files/lpc17xx_clkpwr.o
                               0x89f7 (size before relaxing)
 .debug_str     0x0000d7b8      0x43e ./Source Files/lpc17xx_gpio.o
                               0xd7f7 (size before relaxing)
 .debug_str     0x0000dbf6      0x70d ./Source Files/lpc17xx_i2c.o
                               0xdba0 (size before relaxing)
 .debug_str     0x0000e303       0x68 ./Source Files/lpc17xx_nvic.o
                               0x767a (size before relaxing)
 .debug_str     0x0000e36b      0x1fa ./Source Files/lpc17xx_pinsel.o
                               0x7c6f (size before relaxing)
 .debug_str     0x0000e565      0x2ab ./Source Files/lpc17xx_ssp.o
                               0xd744 (size before relaxing)
 .debug_str     0x0000e810      0x11a ./Source Files/lpc17xx_systick.o
                               0xd617 (size before relaxing)
 .debug_str     0x0000e92a      0xb03 ./Source Files/lpc17xx_uart.o
                               0xb64e (size before relaxing)
 .debug_str     0x0000f42d      0x174 ./Source Files/lpc17xx_wdt.o
                               0x90a9 (size before relaxing)
 .debug_str     0x0000f5a1       0x1d ./Source Files/lpc_global.o
                               0x7584 (size before relaxing)
 .debug_str     0x0000f5be      0x2a8 ./Source Files/lpc_i2c_tsc2004.o
                               0xd858 (size before relaxing)
 .debug_str     0x0000f866     0x238d ./Source Files/lpc_ssp_glcd.o
                               0xf8ae (size before relaxing)
 .debug_str     0x00011bf3       0x43 ./Source Files/lpc_system_init.o
                               0xd7fb (size before relaxing)
 .debug_str     0x00011c36       0xe4 ./Source Files/main.o
                               0xd5cf (size before relaxing)
 .debug_str     0x00011d1a       0x17 ./CM3 Core/core_cm3.o
                               0x2f39 (size before relaxing)
 .debug_str     0x00011d31      0x708 ./CM3 Core/system_LPC17xx.o
                               0x78ab (size before relaxing)
 .debug_str     0x00012439       0xf6 ./startup_LPC17xx.o
                               0x23a3 (size before relaxing)

.debug_loc      0x00000000     0x64bd
 *(.debug_loc)
 .debug_loc     0x00000000      0x58c ./Source Files/lpc17xx_adc.o
 .debug_loc     0x0000058c      0x1d9 ./Source Files/lpc17xx_clkpwr.o
 .debug_loc     0x00000765      0xb21 ./Source Files/lpc17xx_gpio.o
 .debug_loc     0x00001286      0xc66 ./Source Files/lpc17xx_i2c.o
 .debug_loc     0x00001eec       0x35 ./Source Files/lpc17xx_nvic.o
 .debug_loc     0x00001f21      0x23c ./Source Files/lpc17xx_pinsel.o
 .debug_loc     0x0000215d      0x84b ./Source Files/lpc17xx_ssp.o
 .debug_loc     0x000029a8      0x13d ./Source Files/lpc17xx_systick.o
 .debug_loc     0x00002ae5     0x15b2 ./Source Files/lpc17xx_uart.o
 .debug_loc     0x00004097      0x302 ./Source Files/lpc17xx_wdt.o
 .debug_loc     0x00004399      0x4e2 ./Source Files/lpc_i2c_tsc2004.o
 .debug_loc     0x0000487b     0x1ad6 ./Source Files/lpc_ssp_glcd.o
 .debug_loc     0x00006351       0x20 ./Source Files/lpc_system_init.o
 .debug_loc     0x00006371       0xee ./Source Files/main.o
 .debug_loc     0x0000645f       0x20 ./CM3 Core/system_LPC17xx.o
 .debug_loc     0x0000647f       0x3e ./startup_LPC17xx.o

.debug_macinfo
 *(.debug_macinfo)

.debug_weaknames
 *(.debug_weaknames)

.debug_funcnames
 *(.debug_funcnames)

.debug_typenames
 *(.debug_typenames)

.debug_varnames
 *(.debug_varnames)
OUTPUT(Eg14.elf elf32-littlearm)

.debug_macro    0x00000000     0x476a
 .debug_macro   0x00000000      0x140 ./Source Files/lpc17xx_adc.o
 .debug_macro   0x00000140      0x80e ./Source Files/lpc17xx_adc.o
 .debug_macro   0x0000094e       0x1c ./Source Files/lpc17xx_adc.o
 .debug_macro   0x0000096a       0x2e ./Source Files/lpc17xx_adc.o
 .debug_macro   0x00000998       0x3a ./Source Files/lpc17xx_adc.o
 .debug_macro   0x000009d2       0x10 ./Source Files/lpc17xx_adc.o
 .debug_macro   0x000009e2       0x2e ./Source Files/lpc17xx_adc.o
 .debug_macro   0x00000a10       0xa3 ./Source Files/lpc17xx_adc.o
 .debug_macro   0x00000ab3      0x20e ./Source Files/lpc17xx_adc.o
 .debug_macro   0x00000cc1       0x18 ./Source Files/lpc17xx_adc.o
 .debug_macro   0x00000cd9      0x7af ./Source Files/lpc17xx_adc.o
 .debug_macro   0x00001488      0x2d5 ./Source Files/lpc17xx_adc.o
 .debug_macro   0x0000175d      0x10f ./Source Files/lpc17xx_adc.o
 .debug_macro   0x0000186c      0x146 ./Source Files/lpc17xx_adc.o
 .debug_macro   0x000019b2      0x2f8 ./Source Files/lpc17xx_adc.o
 .debug_macro   0x00001caa       0x4c ./Source Files/lpc17xx_adc.o
 .debug_macro   0x00001cf6       0x46 ./Source Files/lpc17xx_adc.o
 .debug_macro   0x00001d3c       0x70 ./Source Files/lpc17xx_adc.o
 .debug_macro   0x00001dac       0x58 ./Source Files/lpc17xx_adc.o
 .debug_macro   0x00001e04      0x3e3 ./Source Files/lpc17xx_adc.o
 .debug_macro   0x000021e7      0x2af ./Source Files/lpc17xx_adc.o
 .debug_macro   0x00002496      0x1a5 ./Source Files/lpc17xx_adc.o
 .debug_macro   0x0000263b       0xee ./Source Files/lpc17xx_adc.o
 .debug_macro   0x00002729       0x94 ./Source Files/lpc17xx_adc.o
 .debug_macro   0x000027bd       0xe5 ./Source Files/lpc17xx_adc.o
 .debug_macro   0x000028a2       0xb5 ./Source Files/lpc17xx_clkpwr.o
 .debug_macro   0x00002957      0x2f2 ./Source Files/lpc17xx_clkpwr.o
 .debug_macro   0x00002c49      0x13a ./Source Files/lpc17xx_gpio.o
 .debug_macro   0x00002d83       0xeb ./Source Files/lpc17xx_gpio.o
 .debug_macro   0x00002e6e      0x140 ./Source Files/lpc17xx_i2c.o
 .debug_macro   0x00002fae      0x19f ./Source Files/lpc17xx_i2c.o
 .debug_macro   0x0000314d       0xb6 ./Source Files/lpc17xx_nvic.o
 .debug_macro   0x00003203       0xb5 ./Source Files/lpc17xx_pinsel.o
 .debug_macro   0x000032b8      0x140 ./Source Files/lpc17xx_pinsel.o
 .debug_macro   0x000033f8      0x140 ./Source Files/lpc17xx_ssp.o
 .debug_macro   0x00003538      0x136 ./Source Files/lpc17xx_systick.o
 .debug_macro   0x0000366e       0xda ./Source Files/lpc17xx_uart.o
 .debug_macro   0x00003748       0xc7 ./Source Files/lpc17xx_wdt.o
 .debug_macro   0x0000380f       0x6a ./Source Files/lpc17xx_wdt.o
 .debug_macro   0x00003879       0xa6 ./Source Files/lpc_global.o
 .debug_macro   0x0000391f      0x14c ./Source Files/lpc_i2c_tsc2004.o
 .debug_macro   0x00003a6b       0xe8 ./Source Files/lpc_i2c_tsc2004.o
 .debug_macro   0x00003b53      0x1b4 ./Source Files/lpc_ssp_glcd.o
 .debug_macro   0x00003d07       0x8e ./Source Files/lpc_ssp_glcd.o
 .debug_macro   0x00003d95       0x3a ./Source Files/lpc_ssp_glcd.o
 .debug_macro   0x00003dcf       0x52 ./Source Files/lpc_ssp_glcd.o
 .debug_macro   0x00003e21       0x19 ./Source Files/lpc_ssp_glcd.o
 .debug_macro   0x00003e3a      0x16d ./Source Files/lpc_ssp_glcd.o
 .debug_macro   0x00003fa7      0x1da ./Source Files/lpc_ssp_glcd.o
 .debug_macro   0x00004181       0x16 ./Source Files/lpc_ssp_glcd.o
 .debug_macro   0x00004197      0x136 ./Source Files/lpc_system_init.o
 .debug_macro   0x000042cd      0x136 ./Source Files/main.o
 .debug_macro   0x00004403       0x70 ./CM3 Core/core_cm3.o
 .debug_macro   0x00004473      0x2d4 ./CM3 Core/system_LPC17xx.o
 .debug_macro   0x00004747       0x23 ./startup_LPC17xx.o

.debug_ranges   0x00000000      0x380
 .debug_ranges  0x00000000       0xa8 ./Source Files/lpc17xx_i2c.o
 .debug_ranges  0x000000a8       0x60 ./Source Files/lpc17xx_pinsel.o
 .debug_ranges  0x00000108       0x88 ./Source Files/lpc17xx_ssp.o
 .debug_ranges  0x00000190      0x160 ./Source Files/lpc17xx_uart.o
 .debug_ranges  0x000002f0       0x50 ./Source Files/lpc_ssp_glcd.o
 .debug_ranges  0x00000340       0x30 ./Source Files/lpc_system_init.o
 .debug_ranges  0x00000370       0x10 ./Source Files/main.o
