   1              		.syntax unified
   2              		.cpu cortex-m3
   3              		.fpu softvfp
   4              		.eabi_attribute 20, 1
   5              		.eabi_attribute 21, 1
   6              		.eabi_attribute 23, 3
   7              		.eabi_attribute 24, 1
   8              		.eabi_attribute 25, 1
   9              		.eabi_attribute 26, 1
  10              		.eabi_attribute 30, 6
  11              		.eabi_attribute 34, 1
  12              		.eabi_attribute 18, 4
  13              		.thumb
  14              		.file	"main.c"
  15              		.text
  16              	.Ltext0:
  17              		.cfi_sections	.debug_frame
  18              		.align	2
  19              		.global	main
  20              		.thumb
  21              		.thumb_func
  23              	main:
  24              	.LFB55:
  25              		.file 1 "../Source Files/main.c"
   1:../Source Files/main.c **** /**********************************************************************
   2:../Source Files/main.c **** * $Id$		main.c
   3:../Source Files/main.c **** *//**
   4:../Source Files/main.c **** * @file		main.c
   5:../Source Files/main.c **** * @brief	Write a Program to glow Alternate LEDs on and off
   6:../Source Files/main.c **** * @version	1.0
   7:../Source Files/main.c **** * @date		24. July. 2013
   8:../Source Files/main.c **** * @author	Dwijay.Edutech Learning Solutions
   9:../Source Files/main.c **** ***********************************************************************
  10:../Source Files/main.c **** * Software that is described herein is for illustrative purposes only
  11:../Source Files/main.c **** * which provides customers with programming information regarding the
  12:../Source Files/main.c **** * products. This software is supplied "AS IS" without any warranties.
  13:../Source Files/main.c **** * NXP Semiconductors assumes no responsibility or liability for the
  14:../Source Files/main.c **** * use of the software, conveys no license or title under any patent,
  15:../Source Files/main.c **** * copyright, or mask work right to the product. NXP Semiconductors
  16:../Source Files/main.c **** * reserves the right to make changes in the software without
  17:../Source Files/main.c **** * notification. NXP Semiconductors also make no representation or
  18:../Source Files/main.c **** * warranty that such application will be suitable for the specified
  19:../Source Files/main.c **** * use without further testing or modification.
  20:../Source Files/main.c **** **********************************************************************/
  21:../Source Files/main.c **** #include "lpc_system_init.h"
  22:../Source Files/main.c **** 
  23:../Source Files/main.c **** /* Example group ----------------------------------------------------------- */
  24:../Source Files/main.c **** /** @defgroup LED LED
  25:../Source Files/main.c ****  * @ingroup LED_Examples
  26:../Source Files/main.c ****  * @{
  27:../Source Files/main.c ****  */
  28:../Source Files/main.c **** 
  29:../Source Files/main.c **** 
  30:../Source Files/main.c **** /*-------------------------PRIVATE FUNCTIONS------------------------------*/
  31:../Source Files/main.c **** 
  32:../Source Files/main.c **** 
  33:../Source Files/main.c **** /*-------------------------MAIN Page------------------------------*/
  34:../Source Files/main.c **** /** @mainpage LED Blinking: GPIO Test Example
  35:../Source Files/main.c **** *   @par Description:
  36:../Source Files/main.c **** *   - Blink Alternate LEDs
  37:../Source Files/main.c **** *
  38:../Source Files/main.c **** *   @par Activity - more information:
  39:../Source Files/main.c **** *   - Connect ASK25 to LPC1768 board
  40:../Source Files/main.c **** *   - Observe Alternate Leds Blinking on ASK25
  41:../Source Files/main.c **** */
  42:../Source Files/main.c **** /*-------------------------MAIN FUNCTION------------------------------*/
  43:../Source Files/main.c **** /*********************************************************************//**
  44:../Source Files/main.c ****  * @brief	Main GPIO testing example sub-routine
  45:../Source Files/main.c ****  **********************************************************************/
  46:../Source Files/main.c **** 
  47:../Source Files/main.c **** /* With ARM and GHS toolsets, the entry point is main() - this will
  48:../Source Files/main.c ****    allow the linker to generate wrapper code to setup stacks, allocate
  49:../Source Files/main.c ****    heap area, and initialize and copy code and data segments. For GNU
  50:../Source Files/main.c ****    toolsets, the entry point is through __start() in the crt0_gnu.asm
  51:../Source Files/main.c ****    file, and that startup code will setup stacks and data */
  52:../Source Files/main.c **** int main(void)
  53:../Source Files/main.c **** {
  26              		.loc 1 53 0
  27              		.cfi_startproc
  28              		@ args = 0, pretend = 0, frame = 8
  29              		@ frame_needed = 1, uses_anonymous_args = 0
  30 0000 80B5     		push	{r7, lr}
  31              	.LCFI0:
  32              		.cfi_def_cfa_offset 8
  33              		.cfi_offset 7, -8
  34              		.cfi_offset 14, -4
  35 0002 82B0     		sub	sp, sp, #8
  36              	.LCFI1:
  37              		.cfi_def_cfa_offset 16
  38 0004 00AF     		add	r7, sp, #0
  39              	.LCFI2:
  40              		.cfi_def_cfa_register 7
  54:../Source Files/main.c **** 	uchar flag;
  55:../Source Files/main.c **** 
  56:../Source Files/main.c **** 	System_Init();
  41              		.loc 1 56 0
  42 0006 FFF7FEFF 		bl	System_Init
  43              	.L4:
  57:../Source Files/main.c **** 
  58:../Source Files/main.c **** 	while(1)
  59:../Source Files/main.c **** 	{
  60:../Source Files/main.c **** 		if(flag)
  44              		.loc 1 60 0
  45 000a FB79     		ldrb	r3, [r7, #7]	@ zero_extendqisi2
  46 000c 002B     		cmp	r3, #0
  47 000e 13D0     		beq	.L2
  61:../Source Files/main.c **** 		{
  62:../Source Files/main.c **** 			GPIO_SetValue(1,_SBF(18,0xAA));
  48              		.loc 1 62 0
  49 0010 4FF00100 		mov	r0, #1
  50 0014 4FF02A71 		mov	r1, #44564480
  51 0018 FFF7FEFF 		bl	GPIO_SetValue
  63:../Source Files/main.c **** 			GPIO_ClearValue(1,_SBF(18,0x55));
  52              		.loc 1 63 0
  53 001c 4FF00100 		mov	r0, #1
  54 0020 4FF0AA71 		mov	r1, #22282240
  55 0024 FFF7FEFF 		bl	GPIO_ClearValue
  64:../Source Files/main.c **** 			delay_ms(1000);
  56              		.loc 1 64 0
  57 0028 4FF47A70 		mov	r0, #1000
  58 002c FFF7FEFF 		bl	delay_ms
  65:../Source Files/main.c **** 			flag = 0;
  59              		.loc 1 65 0
  60 0030 4FF00003 		mov	r3, #0
  61 0034 FB71     		strb	r3, [r7, #7]
  66:../Source Files/main.c **** 		}
  67:../Source Files/main.c **** 		else
  68:../Source Files/main.c **** 		{
  69:../Source Files/main.c **** 			GPIO_SetValue(1,_SBF(18,0x55));
  70:../Source Files/main.c **** 			GPIO_ClearValue(1,_SBF(18,0xAA));
  71:../Source Files/main.c **** 			delay_ms(1000);
  72:../Source Files/main.c **** 			flag = 1;
  73:../Source Files/main.c **** 		}
  74:../Source Files/main.c **** 	}
  62              		.loc 1 74 0
  63 0036 E8E7     		b	.L4
  64              	.L2:
  69:../Source Files/main.c **** 			GPIO_SetValue(1,_SBF(18,0x55));
  65              		.loc 1 69 0
  66 0038 4FF00100 		mov	r0, #1
  67 003c 4FF0AA71 		mov	r1, #22282240
  68 0040 FFF7FEFF 		bl	GPIO_SetValue
  70:../Source Files/main.c **** 			GPIO_ClearValue(1,_SBF(18,0xAA));
  69              		.loc 1 70 0
  70 0044 4FF00100 		mov	r0, #1
  71 0048 4FF02A71 		mov	r1, #44564480
  72 004c FFF7FEFF 		bl	GPIO_ClearValue
  71:../Source Files/main.c **** 			delay_ms(1000);
  73              		.loc 1 71 0
  74 0050 4FF47A70 		mov	r0, #1000
  75 0054 FFF7FEFF 		bl	delay_ms
  72:../Source Files/main.c **** 			flag = 1;
  76              		.loc 1 72 0
  77 0058 4FF00103 		mov	r3, #1
  78 005c FB71     		strb	r3, [r7, #7]
  79              		.loc 1 74 0
  80 005e D4E7     		b	.L4
  81              		.cfi_endproc
  82              	.LFE55:
  84              	.Letext0:
  85              		.file 2 "c:\\program files\\gnu tools arm embedded\\4.7 2013q2\\bin\\../lib/gcc/arm-none-eabi/4.7.
  86              		.file 3 "C:\\E_Workspace\\LPC1768\\Eg3\\Header Files/lpc_types.h"
  87              		.file 4 "C:\\E_Workspace\\LPC1768\\Eg3\\CM3 Core/core_cm3.h"
DEFINED SYMBOLS
                            *ABS*:00000000 main.c
C:\Users\Edu_win7\AppData\Local\Temp\ccywIPCe.s:18     .text:00000000 $t
C:\Users\Edu_win7\AppData\Local\Temp\ccywIPCe.s:23     .text:00000000 main
                     .debug_frame:00000010 $d
                           .group:00000000 wm4.1.4198839cd628579709ab94bfdf5f0d6e
                           .group:00000000 wm4.LPC17xx.h.27.964facdaadd4aa3f18ac78c8a78f0013
                           .group:00000000 wm4.core_cm3.h.32.3cac756d6e704b813781f82afd94fa5f
                           .group:00000000 wm4.newlib.h.8.a9901dc52d1357e3e94003403d43f8b5
                           .group:00000000 wm4.features.h.22.b72b3baab2bb2eab3661375590100b6b
                           .group:00000000 wm4.config.h.193.5fb8ef056cdff92dec3dee9552839d8c
                           .group:00000000 wm4._ansi.h.23.b5bb84d7ba97d82b5b1dc1826a7ae811
                           .group:00000000 wm4.stdint.h.20.54ad762faa59e3c05491630641c8d8bf
                           .group:00000000 wm4.core_cmInstr.h.25.6beb15babd14c076008ec0890c26e21c
                           .group:00000000 wm4.core_cm3.h.83.1a3cb9afc687cf157efeddb3d5f3109e
                           .group:00000000 wm4.LPC17xx.h.953.82b7a9ed60bb594048bc8738cf1d3489
                           .group:00000000 wm4.lpc_types.h.32.a64d7e761ffe573cbca681049cab7b1a
                           .group:00000000 wm4.lpc17xx_pinsel.h.30.767cda9b27a5c688cd97e5947d664047
                           .group:00000000 wm4.lpc17xx_systick.h.30.9f34c15ae315a203fed1d933040ad7b9
                           .group:00000000 wm4.lpc17xx_gpio.h.30.0b884ee110dd20865784f12e1569ecf1
                           .group:00000000 wm4.lpc17xx_wdt.h.34.a2dcafab9849854019efb51f717a8129

UNDEFINED SYMBOLS
System_Init
GPIO_SetValue
GPIO_ClearValue
delay_ms
